Microchip MPLAB XC8 Compiler V2.40

Linker command line:

-W-3 --edf=/Applications/microchip/xc8/v2.40/pic/dat/20220703182018_en.msgs \
  -cn -h+dist/default/production/ph485-probe.production.sym \
  --cmf=dist/default/production/ph485-probe.production.cmf -z -Q16F18425 \
  -o/tmp/xcyrUTxYn --defsym=__MPLAB_BUILD=1 --fixupoverflow=error \
  -Mdist/default/production/ph485-probe.production.map \
  --md=/tmp/xcbm85cw4.dat -E1 -ver=XC8 Compiler --acfsm=1493 \
  -ACODE=00h-07FFhx4 -ASTRCODE=00h-01FFFh -ASTRING=00h-0FFhx32 \
  -ACONST=00h-0FFhx32 -AENTRY=00h-0FFhx32 -ACOMMON=070h-07Fh \
  -ABANK0=020h-06Fh -ABANK1=0A0h-0EFh -ABANK2=0120h-016Fh \
  -ABANK3=01A0h-01EFh -ABANK4=0220h-026Fh -ABANK5=02A0h-02EFh \
  -ABANK6=0320h-036Fh -ABANK7=03A0h-03EFh -ABANK8=0420h-046Fh \
  -ABANK9=04A0h-04EFh -ABANK10=0520h-056Fh -ABANK11=05A0h-05EFh \
  -ABANK12=0620h-064Fh -ABIGRAM=02000h-023EFh \
  -ARAM=020h-06Fh,0A0h-0EFh,0120h-016Fh,01A0h-01EFh,0220h-026Fh,02A0h-02EFh,0320h-036Fh,03A0h-03EFh,0420h-046Fh,04A0h-04EFh,0520h-056Fh,05A0h-05EFh,0620h-064Fh \
  -AABS1=020h-07Fh,0A0h-0EFh,0120h-016Fh,01A0h-01EFh,0220h-026Fh,02A0h-02EFh,0320h-036Fh,03A0h-03EFh,0420h-046Fh,04A0h-04EFh,0520h-056Fh,05A0h-05EFh,0620h-064Fh \
  -ASFR0=00h-01Fh -ASFR1=080h-09Fh -ASFR2=0100h-011Fh -ASFR3=0180h-019Fh \
  -ASFR4=0200h-021Fh -ASFR5=0280h-029Fh -ASFR6=0300h-031Fh \
  -ASFR7=0380h-039Fh -ASFR8=0400h-041Fh -ASFR9=0480h-049Fh \
  -ASFR10=0500h-051Fh -ASFR11=0580h-059Fh -ASFR12=0600h-061Fh \
  -ASFR13=0680h-06EFh -ASFR14=0700h-076Fh -ASFR15=0780h-07EFh \
  -ASFR16=0800h-086Fh -ASFR17=0880h-08EFh -ASFR18=0900h-096Fh \
  -ASFR19=0980h-09EFh -ASFR20=0A00h-0A6Fh -ASFR21=0A80h-0AEFh \
  -ASFR22=0B00h-0B6Fh -ASFR23=0B80h-0BEFh -ASFR24=0C00h-0C6Fh \
  -ASFR25=0C80h-0CEFh -ASFR26=0D00h-0D6Fh -ASFR27=0D80h-0DEFh \
  -ASFR28=0E00h-0E6Fh -ASFR29=0E80h-0EEFh -ASFR30=0F00h-0F6Fh \
  -ASFR31=0F80h-0FEFh -ASFR32=01000h-0106Fh -ASFR33=01080h-010EFh \
  -ASFR34=01100h-0116Fh -ASFR35=01180h-011EFh -ASFR36=01200h-0126Fh \
  -ASFR37=01280h-012EFh -ASFR38=01300h-0136Fh -ASFR39=01380h-013EFh \
  -ASFR40=01400h-0146Fh -ASFR41=01480h-014EFh -ASFR42=01500h-0156Fh \
  -ASFR43=01580h-015EFh -ASFR44=01600h-0166Fh -ASFR45=01680h-016EFh \
  -ASFR46=01700h-0176Fh -ASFR47=01780h-017EFh -ASFR48=01800h-0186Fh \
  -ASFR49=01880h-018EFh -ASFR50=01900h-0196Fh -ASFR51=01980h-019EFh \
  -ASFR52=01A00h-01A6Fh -ASFR53=01A80h-01AEFh -ASFR54=01B00h-01B6Fh \
  -ASFR55=01B80h-01BEFh -ASFR56=01C00h-01C6Fh -ASFR57=01C80h-01CEFh \
  -ASFR58=01D00h-01D6Fh -ASFR59=01D80h-01DEFh -ASFR60=01E00h-01E6Fh \
  -ASFR61=01E80h-01EEFh -ASFR62=01F00h-01F6Fh -ASFR63=01F80h-01FEFh \
  -ACONFIG=08007h-0800Bh -DCONFIG=2 -AIDLOC=08000h-08003h -DIDLOC=2 \
  -AEEDATA=00h-0FFh/0F000h -peeprom_data=EEDATA -DEEDATA=2 -DCODE=2 \
  -DSTRCODE=2 -DSTRING=2 -DCONST=2 -DENTRY=2 \
  -preset_vec=00h,intentry=04h,init,end_init -ppowerup=CODE -pcinit=CODE \
  -pfunctab=ENTRY -k /tmp/xcRZFQcHf.o \
  dist/default/production/ph485-probe.production.o 

Object code version is 3.11

Machine type is 16F18425



                Name                               Link     Load   Length Selector   Space Scale
/tmp/xcRZFQcHf.o
                end_init                             69       69        2        8       0
                reset_vec                             0        0        2        0       0
                config                             8007     8007        5        0       4
                idloc                              8000     8000        4        0       5
dist/default/production/ph485-probe.production.o
                cinit                                6B       6B       30        8       0
                intentry                              4        4       65        8       0
                config                             8007     8007        5        0       4
                idloc                              8000     8000        4        0       5
                text54                             1613     1613       53     2C26       0
                text53                             12CC     12CC        9     2598       0
                text51                                2        2        2        0       0
                text50                              7FE      7FE        2        8       0
                text49                             12D5     12D5        9     25AA       0
                text48                             1485     1485       2A     290A       0
                text47                             1302     1302        A     2604       0
                text46                             130C     130C        A     2618       0
                text45                             1461     1461       24     28C2       0
                text44                              DC5      DC5      23B     1B8A       0
                text43                              811      811       71     1022       0
                text42                             1666     1666       55     2CCC       0
                text41                             1316     1316        A     262C       0
                text40                             157E     157E       4A     2AFC       0
                text39                             1715     1715       5B     2E2A       0
                text38                             15C8     15C8       4B     2B90       0
                text37                             1401     1401       20     2802       0
                text36                             1364     1364       13     26C8       0
                text35                             133F     133F        C     267E       0
                text34                              4D4      4D4      2A5        8       0
                text33                             16BB     16BB       5A     2D76       0
                text32                             1377     1377       13     26EE       0
                text31                              92A      92A       C7     1254       0
                text30                             1320     1320        A     2640       0
                text29                             139D     139D       14     273A       0
                text28                             1421     1421       20     2842       0
                text27                              779      779       71        8       0
                text26                             134B     134B        C     2696       0
                text25                             13CA     13CA       1A     2794       0
                text24                             12B6     12B6        5     256C       0
                text23                             12BB     12BB        5     2576       0
                text22                             14DB     14DB       31     29B6       0
                text21                             14AF     14AF       2C     295E       0
                text20                             12DE     12DE        9     25BC       0
                text19                             12E7     12E7        9     25CE       0
                text18                             12F0     12F0        9     25E0       0
                text17                             12F9     12F9        9     25F2       0
                text16                             1770     1770       90     2EE0       0
                text15                             132A     132A        A     2654       0
                text14                             1334     1334        B     2668       0
                text13                             150C     150C       34     2A18       0
                text12                             138A     138A       13     2714       0
                text11                             13E4     13E4       1D     27C8       0
                text10                             13B1     13B1       19     2762       0
                text9                               7EA      7EA       14        8       0
                text8                               BA5      BA5      10A     174A       0
                text7                              1540     1540       3E     2A80       0
                text6                              1357     1357        D     26AE       0
                text5                               AC3      AC3       E2     1586       0
                text4                               882      882       A8     1104       0
                text3                               CAF      CAF      116     195E       0
                text2                               9F1      9F1       D2     13E2       0
                text1                               801      801       10     1002       0
                maintext                             9B       9B      439        8       0
                cstackBANK0                          20       20       4E       20       1
                cstackCOMMON                         70       70        8       70       1
                cstackBANK1                          A0       A0       50       A0       1
                cstackBANK2                         120      120       3A      120       1
                clrtext                            12C0     12C0        6     2580       0
                inittext                           12C6     12C6        6     258C       0
                bssBANK4                            220      220       40      220       1
                dataBANK3                           1C4      1C4       20      1A0       1
                bssBANK3                            1A0      1A0       24      1A0       1
                bssBANK2                            15A      15A       16      120       1
                bssBANK0                             6E       6E        2       20       1
                bssCOMMON                            78       78        6       70       1
                stringtext28                       19F6     19F6        3     3000       0
                stringtext27                       19F2     19F2        4     3000       0
                stringtext26                       19EC     19EC        6     3000       0
                stringtext25                       19E6     19E6        6     3000       0
                stringtext24                       19E0     19E0        6     3000       0
                stringtext23                       19D9     19D9        7     3000       0
                stringtext22                       19D1     19D1        8     3000       0
                stringtext21                       19C8     19C8        9     3000       0
                stringtext20                       19BF     19BF        9     3000       0
                stringtext19                       19B4     19B4        B     3000       0
                stringtext18                       19A9     19A9        B     3000       0
                stringtext17                       199C     199C        D     3000       0
                stringtext16                       198F     198F        D     3000       0
                stringtext15                       1981     1981        E     3000       0
                stringtext14                       1973     1973        E     3000       0
                stringtext13                       1962     1962       11     3000       0
                stringtext12                       1951     1951       11     3000       0
                stringtext11                       1940     1940       11     3000       0
                stringtext10                       192F     192F       11     3000       0
                stringtext9                        1919     1919       16     3000       0
                stringtext8                        1902     1902       17     3000       0
                stringtext7                        18EB     18EB       17     3000       0
                stringtext6                        18D2     18D2       19     3000       0
                stringtext5                        18B7     18B7       1B     3000       0
                stringtext4                        1894     1894       23     3000       0
                stringtext3                        186E     186E       26     3000       0
                stringtext2                        1800     1800       46     3000       0
                stringtext1                        1846     1846       28     3000       0
                idataBANK3                         1441     1441       20     2882       0

TOTAL           Name                               Link     Load   Length     Space
        CLASS   CODE           
                end_init                             69       69        2         0
                cinit                                6B       6B       30         0
                intentry                              4        4       65         0
                reset_vec                             0        0        2         0
                text54                             1613     1613       53         0
                text53                             12CC     12CC        9         0
                text51                                2        2        2         0
                text50                              7FE      7FE        2         0
                text49                             12D5     12D5        9         0
                text48                             1485     1485       2A         0
                text47                             1302     1302        A         0
                text46                             130C     130C        A         0
                text45                             1461     1461       24         0
                text44                              DC5      DC5      23B         0
                text43                              811      811       71         0
                text42                             1666     1666       55         0
                text41                             1316     1316        A         0
                text40                             157E     157E       4A         0
                text39                             1715     1715       5B         0
                text38                             15C8     15C8       4B         0
                text37                             1401     1401       20         0
                text36                             1364     1364       13         0
                text35                             133F     133F        C         0
                text34                              4D4      4D4      2A5         0
                text33                             16BB     16BB       5A         0
                text32                             1377     1377       13         0
                text31                              92A      92A       C7         0
                text30                             1320     1320        A         0
                text29                             139D     139D       14         0
                text28                             1421     1421       20         0
                text27                              779      779       71         0
                text26                             134B     134B        C         0
                text25                             13CA     13CA       1A         0
                text24                             12B6     12B6        5         0
                text23                             12BB     12BB        5         0
                text22                             14DB     14DB       31         0
                text21                             14AF     14AF       2C         0
                text20                             12DE     12DE        9         0
                text19                             12E7     12E7        9         0
                text18                             12F0     12F0        9         0
                text17                             12F9     12F9        9         0
                text16                             1770     1770       90         0
                text15                             132A     132A        A         0
                text14                             1334     1334        B         0
                text13                             150C     150C       34         0
                text12                             138A     138A       13         0
                text11                             13E4     13E4       1D         0
                text10                             13B1     13B1       19         0
                text9                               7EA      7EA       14         0
                text8                               BA5      BA5      10A         0
                text7                              1540     1540       3E         0
                text6                              1357     1357        D         0
                text5                               AC3      AC3       E2         0
                text4                               882      882       A8         0
                text3                               CAF      CAF      116         0
                text2                               9F1      9F1       D2         0
                text1                               801      801       10         0
                maintext                             9B       9B      439         0
                clrtext                            12C0     12C0        6         0
                inittext                           12C6     12C6        6         0
                idataBANK3                         1441     1441       20         0

        CLASS   STRCODE        
                stringtext28                       19F6     19F6        3         0
                stringtext27                       19F2     19F2        4         0
                stringtext26                       19EC     19EC        6         0
                stringtext25                       19E6     19E6        6         0
                stringtext24                       19E0     19E0        6         0
                stringtext23                       19D9     19D9        7         0
                stringtext22                       19D1     19D1        8         0
                stringtext21                       19C8     19C8        9         0
                stringtext20                       19BF     19BF        9         0
                stringtext19                       19B4     19B4        B         0
                stringtext18                       19A9     19A9        B         0
                stringtext17                       199C     199C        D         0
                stringtext16                       198F     198F        D         0
                stringtext15                       1981     1981        E         0
                stringtext14                       1973     1973        E         0
                stringtext13                       1962     1962       11         0
                stringtext12                       1951     1951       11         0
                stringtext11                       1940     1940       11         0
                stringtext10                       192F     192F       11         0
                stringtext9                        1919     1919       16         0
                stringtext8                        1902     1902       17         0
                stringtext7                        18EB     18EB       17         0
                stringtext6                        18D2     18D2       19         0
                stringtext5                        18B7     18B7       1B         0
                stringtext4                        1894     1894       23         0
                stringtext3                        186E     186E       26         0
                stringtext2                        1800     1800       46         0
                stringtext1                        1846     1846       28         0

        CLASS   STRING         

        CLASS   CONST          

        CLASS   ENTRY          

        CLASS   COMMON         
                cstackCOMMON                         70       70        8         1
                bssCOMMON                            78       78        6         1

        CLASS   BANK0          
                cstackBANK0                          20       20       4E         1
                bssBANK0                             6E       6E        2         1

        CLASS   BANK1          
                cstackBANK1                          A0       A0       50         1

        CLASS   BANK2          
                cstackBANK2                         120      120       3A         1
                bssBANK2                            15A      15A       16         1

        CLASS   BANK3          
                dataBANK3                           1C4      1C4       20         1
                bssBANK3                            1A0      1A0       24         1

        CLASS   BANK4          
                bssBANK4                            220      220       40         1

        CLASS   BANK5          

        CLASS   BANK6          

        CLASS   BANK7          

        CLASS   BANK8          

        CLASS   BANK9          

        CLASS   BANK10         

        CLASS   BANK11         

        CLASS   BANK12         

        CLASS   BIGRAM         

        CLASS   RAM            

        CLASS   ABS1           
                abs_s1                               7E       7E        2         1

        CLASS   SFR0           

        CLASS   SFR1           

        CLASS   SFR2           

        CLASS   SFR3           

        CLASS   SFR4           

        CLASS   SFR5           

        CLASS   SFR6           

        CLASS   SFR7           

        CLASS   SFR8           

        CLASS   SFR9           

        CLASS   SFR10          

        CLASS   SFR11          

        CLASS   SFR12          

        CLASS   SFR13          

        CLASS   SFR14          

        CLASS   SFR15          

        CLASS   SFR16          

        CLASS   SFR17          

        CLASS   SFR18          

        CLASS   SFR19          

        CLASS   SFR20          

        CLASS   SFR21          

        CLASS   SFR22          

        CLASS   SFR23          

        CLASS   SFR24          

        CLASS   SFR25          

        CLASS   SFR26          

        CLASS   SFR27          

        CLASS   SFR28          

        CLASS   SFR29          

        CLASS   SFR30          

        CLASS   SFR31          

        CLASS   SFR32          

        CLASS   SFR33          

        CLASS   SFR34          

        CLASS   SFR35          

        CLASS   SFR36          

        CLASS   SFR37          

        CLASS   SFR38          

        CLASS   SFR39          

        CLASS   SFR40          

        CLASS   SFR41          

        CLASS   SFR42          

        CLASS   SFR43          

        CLASS   SFR44          

        CLASS   SFR45          

        CLASS   SFR46          

        CLASS   SFR47          

        CLASS   SFR48          

        CLASS   SFR49          

        CLASS   SFR50          

        CLASS   SFR51          

        CLASS   SFR52          

        CLASS   SFR53          

        CLASS   SFR54          

        CLASS   SFR55          

        CLASS   SFR56          

        CLASS   SFR57          

        CLASS   SFR58          

        CLASS   SFR59          

        CLASS   SFR60          

        CLASS   SFR61          

        CLASS   SFR62          

        CLASS   SFR63          

        CLASS   CONFIG         
                config                             8007     8007        5         4

        CLASS   IDLOC          
                idloc                              8000     8000        4         5

        CLASS   EEDATA         

        CLASS   BANK63         

        CLASS   BANK62         

        CLASS   BANK61         

        CLASS   BANK60         

        CLASS   BANK59         

        CLASS   BANK58         

        CLASS   BANK57         

        CLASS   BANK56         

        CLASS   BANK55         

        CLASS   BANK54         

        CLASS   BANK53         

        CLASS   BANK52         

        CLASS   BANK51         

        CLASS   BANK50         

        CLASS   BANK49         

        CLASS   BANK48         

        CLASS   BANK47         

        CLASS   BANK46         

        CLASS   BANK45         

        CLASS   BANK44         

        CLASS   BANK43         

        CLASS   BANK42         

        CLASS   BANK41         

        CLASS   BANK40         

        CLASS   BANK39         

        CLASS   BANK38         

        CLASS   BANK37         

        CLASS   BANK36         

        CLASS   BANK35         

        CLASS   BANK34         

        CLASS   BANK33         

        CLASS   BANK32         

        CLASS   BANK31         

        CLASS   BANK30         

        CLASS   BANK29         

        CLASS   BANK28         

        CLASS   BANK27         

        CLASS   BANK26         

        CLASS   BANK25         

        CLASS   BANK24         

        CLASS   BANK23         

        CLASS   BANK22         

        CLASS   BANK21         

        CLASS   BANK20         

        CLASS   BANK19         

        CLASS   BANK18         

        CLASS   BANK17         

        CLASS   BANK16         

        CLASS   BANK15         

        CLASS   BANK14         

        CLASS   BANK13         

        CLASS   HEAP           

        CLASS   STACK          



SEGMENTS        Name                           Load    Length   Top    Selector   Space  Class     Delta

                text26                         00134B  00000C  001357      2696       0  CODE        2
                text35                         00133F  00000C  00134B      267E       0  CODE        2
                text6                          001357  00000D  001364      26AE       0  CODE        2
                text37                         001401  000020  001421      2802       0  CODE        2
                text11                         0013E4  00001D  001401      27C8       0  CODE        2
                text25                         0013CA  00001A  0013E4      2794       0  CODE        2
                text45                         001461  000024  001485      28C2       0  CODE        2
                idataBANK3                     001441  000020  001461      2882       0  CODE        2
                text28                         001421  000020  001441      2842       0  CODE        2
                text32                         001377  000013  00138A      26EE       0  CODE        2
                text36                         001364  000013  001377      26C8       0  CODE        2
                text1                          000801  000010  000811      1002       0  CODE        2
                text10                         0013B1  000019  0013CA      2762       0  CODE        2
                text29                         00139D  000014  0013B1      273A       0  CODE        2
                text12                         00138A  000013  00139D      2714       0  CODE        2
                text14                         001334  00000B  00133F      2668       0  CODE        2
                text17                         0012F9  000009  001302      25F2       0  CODE        2
                reset_vec                      000000  000004  000004         0       0  CODE        2
                text47                         001302  00000A  00130C      2604       0  CODE        2
                text30                         001320  00000A  00132A      2640       0  CODE        2
                text41                         001316  00000A  001320      262C       0  CODE        2
                text15                         00132A  00000A  001334      2654       0  CODE        2
                text46                         00130C  00000A  001316      2618       0  CODE        2
                text48                         001485  00002A  0014AF      290A       0  CODE        2
                text21                         0014AF  00002C  0014DB      295E       0  CODE        2
                text22                         0014DB  000031  00150C      29B6       0  CODE        2
                text40                         00157E  00004A  0015C8      2AFC       0  CODE        2
                text38                         0015C8  00004B  001613      2B90       0  CODE        2
                stringtext2                    001800  0001F9  0019F9      3000       0  STRCODE     2
                text13                         00150C  000034  001540      2A18       0  CODE        2
                text7                          001540  00003E  00157E      2A80       0  CODE        2
                text49                         0012D5  000009  0012DE      25AA       0  CODE        2
                text53                         0012CC  000009  0012D5      2598       0  CODE        2
                text20                         0012DE  000009  0012E7      25BC       0  CODE        2
                text24                         0012B6  000005  0012BB      256C       0  CODE        2
                inittext                       0012C6  000006  0012CC      258C       0  CODE        2
                text23                         0012BB  000005  0012C0      2576       0  CODE        2
                clrtext                        0012C0  000006  0012C6      2580       0  CODE        2
                text19                         0012E7  000009  0012F0      25CE       0  CODE        2
                text18                         0012F0  000009  0012F9      25E0       0  CODE        2
                text54                         001613  000053  001666      2C26       0  CODE        2
                bssBANK3                       0001A0  000044  0001E4       1A0       1  BANK3       1
                cstackBANK2                    000120  000050  000170       120       1  BANK2       1
                intentry                       000004  0007FC  000800         8       0  CODE        2
                cstackCOMMON                   000070  00000E  00007E        70       1  COMMON      1
                bssBANK4                       000220  000040  000260       220       1  BANK4       1
                cstackBANK0                    000020  000050  000070        20       1  BANK0       1
                cstackBANK1                    0000A0  000050  0000F0        A0       1  BANK1       1
                text4                          000882  0000A8  00092A      1104       0  CODE        2
                text16                         001770  000090  001800      2EE0       0  CODE        2
                text31                         00092A  0000C7  0009F1      1254       0  CODE        2
                text5                          000AC3  0000E2  000BA5      1586       0  CODE        2
                text2                          0009F1  0000D2  000AC3      13E2       0  CODE        2
                text42                         001666  000055  0016BB      2CCC       0  CODE        2
                text33                         0016BB  00005A  001715      2D76       0  CODE        2
                text43                         000811  000071  000882      1022       0  CODE        2
                text39                         001715  00005B  001770      2E2A       0  CODE        2
                text3                          000CAF  000116  000DC5      195E       0  CODE        2
                text8                          000BA5  00010A  000CAF      174A       0  CODE        2
                text44                         000DC5  00023B  001000      1B8A       0  CODE        2


UNUSED ADDRESS RANGES

        Name                Unused          Largest block    Delta
        BANK10           00520-0056F              50           1
        BANK11           005A0-005EF              50           1
        BANK12           00620-0064F              30           1
        BANK3            001E4-001EF               C           1
        BANK4            00260-0026F              10           1
        BANK5            002A0-002EF              50           1
        BANK6            00320-0036F              50           1
        BANK7            003A0-003EF              50           1
        BANK8            00420-0046F              50           1
        BANK9            004A0-004EF              50           1
        BIGRAM           02000-023EF             3F0           1
        CODE             00800-00800               1           2
                         01000-012B5             2B6
                         019F9-01FFF             607
        CONST            00800-00800               1           2
                         01000-012B5             100
                         019F9-01FFF             100
        EEDATA           0F000-0F0FF             100           2
        ENTRY            00800-00800               1           2
                         01000-012B5             100
                         019F9-01FFF             100
        RAM              001E4-001EF               C           1
                         00260-0026F              10
                         002A0-002EF              50
                         00320-0036F              50
                         003A0-003EF              50
                         00420-0046F              50
                         004A0-004EF              50
                         00520-0056F              50
                         005A0-005EF              50
                         00620-0064F              30
        SFR0             00000-0001F              20           1
        SFR1             00080-0009F              20           1
        SFR10            00500-0051F              20           1
        SFR11            00580-0059F              20           1
        SFR12            00600-0061F              20           1
        SFR13            00680-006EF              70           1
        SFR14            00700-0076F              70           1
        SFR15            00780-007EF              70           1
        SFR16            00800-0086F              70           1
        SFR17            00880-008EF              70           1
        SFR18            00900-0096F              70           1
        SFR19            00980-009EF              70           1
        SFR2             00100-0011F              20           1
        SFR20            00A00-00A6F              70           1
        SFR21            00A80-00AEF              70           1
        SFR22            00B00-00B6F              70           1
        SFR23            00B80-00BEF              70           1
        SFR24            00C00-00C6F              70           1
        SFR25            00C80-00CEF              70           1
        SFR26            00D00-00D6F              70           1
        SFR27            00D80-00DEF              70           1
        SFR28            00E00-00E6F              70           1
        SFR29            00E80-00EEF              70           1
        SFR3             00180-0019F              20           1
        SFR30            00F00-00F6F              70           1
        SFR31            00F80-00FEF              70           1
        SFR32            01000-0106F              70           1
        SFR33            01080-010EF              70           1
        SFR34            01100-0116F              70           1
        SFR35            01180-011EF              70           1
        SFR36            01200-0126F              70           1
        SFR37            01280-012EF              70           1
        SFR38            01300-0136F              70           1
        SFR39            01380-013EF              70           1
        SFR4             00200-0021F              20           1
        SFR40            01400-0146F              70           1
        SFR41            01480-014EF              70           1
        SFR42            01500-0156F              70           1
        SFR43            01580-015EF              70           1
        SFR44            01600-0166F              70           1
        SFR45            01680-016EF              70           1
        SFR46            01700-0176F              70           1
        SFR47            01780-017EF              70           1
        SFR48            01800-0186F              70           1
        SFR49            01880-018EF              70           1
        SFR5             00280-0029F              20           1
        SFR50            01900-0196F              70           1
        SFR51            01980-019EF              70           1
        SFR52            01A00-01A6F              70           1
        SFR53            01A80-01AEF              70           1
        SFR54            01B00-01B6F              70           1
        SFR55            01B80-01BEF              70           1
        SFR56            01C00-01C6F              70           1
        SFR57            01C80-01CEF              70           1
        SFR58            01D00-01D6F              70           1
        SFR59            01D80-01DEF              70           1
        SFR6             00300-0031F              20           1
        SFR60            01E00-01E6F              70           1
        SFR61            01E80-01EEF              70           1
        SFR62            01F00-01F6F              70           1
        SFR63            01F80-01FEF              70           1
        SFR7             00380-0039F              20           1
        SFR8             00400-0041F              20           1
        SFR9             00480-0049F              20           1
        STRCODE          00800-00800               1           2
                         01000-012B5             2B6
                         019F9-01FFF             607
        STRING           00800-00800               1           2
                         01000-012B5             100
                         019F9-01FFF             100

                                  Symbol Table

?__Umul8_16                                              cstackBANK0  00020
?___flmul                                                cstackBANK0  00029
?___fltol                                                cstackBANK0  00043
?___lldiv                                                cstackBANK0  00020
?___llmod                                                cstackBANK0  0002E
?___lmul                                                 cstackBANK0  00020
?___wmul                                                 cstackBANK0  00020
?_calculate_diff                                         cstackBANK0  00024
?_get_ticks                                              cstackBANK0  00020
?_get_ticks_with_lock                                    cstackBANK0  00020
?_printf                                                 cstackBANK0  00038
?_strtol                                                 cstackBANK0  0002C
?i1_get_ticks                                            cstackCOMMON 00070
EUSART1_Write@txData                                     cstackBANK0  00020
EUSART1_Write_1@i                                        cstackBANK0  00024
EUSART1_Write_1@length                                   cstackBANK0  00021
EUSART1_Write_1@txbuf                                    cstackBANK0  00023
LED_flashes_three_times@i                                cstackBANK0  00021
_ANSELA                                                  (abs)        01F38
_ANSELAbits                                              (abs)        01F38
_ANSELC                                                  (abs)        01F4E
_BAUD1CON                                                (abs)        0011F
_Disable_Global_Interrupt                                text51       00002
_EUSART1_Write                                           text26       0134B
_EUSART1_Write_1                                         text25       013CA
_Enable_Global_Interrupt                                 text50       007FE
_GIE                                                     (abs)        0005F
_INLVLA                                                  (abs)        01F3C
_INLVLC                                                  (abs)        01F52
_INTCONbits                                              (abs)        0000B
_INTERRUPT_InterruptManager                              intentry     00004
_LATA                                                    (abs)        00018
_LATC                                                    (abs)        0001A
_LATCbits                                                (abs)        0001A
_LED_flashes_three_times                                 text21       014AF
_ODCONA                                                  (abs)        01F3A
_ODCONC                                                  (abs)        01F50
_OSCCON1                                                 (abs)        0088D
_OSCCON3                                                 (abs)        0088F
_OSCEN                                                   (abs)        00891
_OSCFRQ                                                  (abs)        00893
_OSCILLATOR_Initialize                                   text49       012D5
_OSCTUNE                                                 (abs)        00892
_PIE0bits                                                (abs)        00716
_PIE3bits                                                (abs)        00719
_PIN_MANAGER_Initialize                                  text48       01485
_PIR0bits                                                (abs)        0070C
_PIR3bits                                                (abs)        0070F
_PMD0                                                    (abs)        00796
_PMD1                                                    (abs)        00797
_PMD2                                                    (abs)        00798
_PMD3                                                    (abs)        00799
_PMD4                                                    (abs)        0079A
_PMD5                                                    (abs)        0079B
_PMD6                                                    (abs)        0079C
_PMD7                                                    (abs)        0079D
_PMD_Initialize                                          text47       01302
_PORTAbits                                               (abs)        0000C
_RA5PPS                                                  (abs)        01F15
_RC0PPS                                                  (abs)        01F20
_RC1PPS                                                  (abs)        01F21
_RC1REG                                                  (abs)        00119
_RC1STA                                                  (abs)        0011D
_RC3PPS                                                  (abs)        01F23
_RC5PPS                                                  (abs)        01F25
_RX1DTPPS                                                (abs)        01ECB
_SLRCONA                                                 (abs)        01F3B
_SLRCONC                                                 (abs)        01F51
_SP1BRGH                                                 (abs)        0011C
_SP1BRGL                                                 (abs)        0011B
_SSP1ADD                                                 (abs)        0018D
_SSP1BUF                                                 (abs)        0018C
_SSP1CLKPPS                                              (abs)        01EC5
_SSP1CON1                                                (abs)        00190
_SSP1CON1bits                                            (abs)        00190
_SSP1CON2                                                (abs)        00191
_SSP1CON2bits                                            (abs)        00191
_SSP1DATPPS                                              (abs)        01EC6
_SSP1MSK                                                 (abs)        0018E
_SSP1STAT                                                (abs)        0018F
_SSP1STATbits                                            (abs)        0018F
_SYSTEM_Initialize                                       text46       0130C
_T0CON0                                                  (abs)        0059E
_T0CON1                                                  (abs)        0059F
_TMR0H                                                   (abs)        0059D
_TMR0L                                                   (abs)        0059C
_TRISA                                                   (abs)        00012
_TRISAbits                                               (abs)        00012
_TRISC                                                   (abs)        00014
_TX1REG                                                  (abs)        0011A
_TX1STA                                                  (abs)        0011E
_WPUA                                                    (abs)        01F39
_WPUC                                                    (abs)        01F4F
__Habs1                                                  abs1         00000
__Hbank0                                                 bank0        00000
__Hbank1                                                 bank1        00000
__Hbank10                                                bank10       00000
__Hbank11                                                bank11       00000
__Hbank12                                                bank12       00000
__Hbank13                                                bank13       00000
__Hbank14                                                bank14       00000
__Hbank15                                                bank15       00000
__Hbank16                                                bank16       00000
__Hbank17                                                bank17       00000
__Hbank18                                                bank18       00000
__Hbank19                                                bank19       00000
__Hbank2                                                 bank2        00000
__Hbank20                                                bank20       00000
__Hbank21                                                bank21       00000
__Hbank22                                                bank22       00000
__Hbank23                                                bank23       00000
__Hbank24                                                bank24       00000
__Hbank25                                                bank25       00000
__Hbank26                                                bank26       00000
__Hbank27                                                bank27       00000
__Hbank28                                                bank28       00000
__Hbank29                                                bank29       00000
__Hbank3                                                 bank3        00000
__Hbank30                                                bank30       00000
__Hbank31                                                bank31       00000
__Hbank32                                                bank32       00000
__Hbank33                                                bank33       00000
__Hbank34                                                bank34       00000
__Hbank35                                                bank35       00000
__Hbank36                                                bank36       00000
__Hbank37                                                bank37       00000
__Hbank38                                                bank38       00000
__Hbank39                                                bank39       00000
__Hbank4                                                 bank4        00000
__Hbank40                                                bank40       00000
__Hbank41                                                bank41       00000
__Hbank42                                                bank42       00000
__Hbank43                                                bank43       00000
__Hbank44                                                bank44       00000
__Hbank45                                                bank45       00000
__Hbank46                                                bank46       00000
__Hbank47                                                bank47       00000
__Hbank48                                                bank48       00000
__Hbank49                                                bank49       00000
__Hbank5                                                 bank5        00000
__Hbank50                                                bank50       00000
__Hbank51                                                bank51       00000
__Hbank52                                                bank52       00000
__Hbank53                                                bank53       00000
__Hbank54                                                bank54       00000
__Hbank55                                                bank55       00000
__Hbank56                                                bank56       00000
__Hbank57                                                bank57       00000
__Hbank58                                                bank58       00000
__Hbank59                                                bank59       00000
__Hbank6                                                 bank6        00000
__Hbank60                                                bank60       00000
__Hbank61                                                bank61       00000
__Hbank62                                                bank62       00000
__Hbank63                                                bank63       00000
__Hbank7                                                 bank7        00000
__Hbank8                                                 bank8        00000
__Hbank9                                                 bank9        00000
__Hbigram                                                bigram       00000
__HbssBANK0                                              bssBANK0     00000
__HbssBANK2                                              bssBANK2     00000
__HbssBANK3                                              bssBANK3     00000
__HbssBANK4                                              bssBANK4     00000
__HbssCOMMON                                             bssCOMMON    00000
__Hcinit                                                 cinit        0009B
__Hclrtext                                               clrtext      00000
__Hcode                                                  code         00000
__Hcommon                                                common       00000
__Hconfig                                                config       0800C
__HcstackBANK0                                           cstackBANK0  00000
__HcstackBANK1                                           cstackBANK1  00000
__HcstackBANK2                                           cstackBANK2  00000
__HcstackCOMMON                                          cstackCOMMON 00000
__HdataBANK3                                             dataBANK3    00000
__Heeprom_data                                           eeprom_data  00000
__Hend_init                                              end_init     0006B
__Hfunctab                                               functab      00000
__Hheap                                                  heap         00000
__HidataBANK3                                            idataBANK3   00000
__Hidloc                                                 idloc        08004
__Hinit                                                  init         00069
__Hinittext                                              inittext     00000
__Hintentry                                              intentry     00069
__Hmaintext                                              maintext     00000
__Hpowerup                                               powerup      00000
__Hram                                                   ram          00000
__Hreset_vec                                             reset_vec    00002
__Hsfr0                                                  sfr0         00000
__Hsfr1                                                  sfr1         00000
__Hsfr10                                                 sfr10        00000
__Hsfr11                                                 sfr11        00000
__Hsfr12                                                 sfr12        00000
__Hsfr13                                                 sfr13        00000
__Hsfr14                                                 sfr14        00000
__Hsfr15                                                 sfr15        00000
__Hsfr16                                                 sfr16        00000
__Hsfr17                                                 sfr17        00000
__Hsfr18                                                 sfr18        00000
__Hsfr19                                                 sfr19        00000
__Hsfr2                                                  sfr2         00000
__Hsfr20                                                 sfr20        00000
__Hsfr21                                                 sfr21        00000
__Hsfr22                                                 sfr22        00000
__Hsfr23                                                 sfr23        00000
__Hsfr24                                                 sfr24        00000
__Hsfr25                                                 sfr25        00000
__Hsfr26                                                 sfr26        00000
__Hsfr27                                                 sfr27        00000
__Hsfr28                                                 sfr28        00000
__Hsfr29                                                 sfr29        00000
__Hsfr3                                                  sfr3         00000
__Hsfr30                                                 sfr30        00000
__Hsfr31                                                 sfr31        00000
__Hsfr32                                                 sfr32        00000
__Hsfr33                                                 sfr33        00000
__Hsfr34                                                 sfr34        00000
__Hsfr35                                                 sfr35        00000
__Hsfr36                                                 sfr36        00000
__Hsfr37                                                 sfr37        00000
__Hsfr38                                                 sfr38        00000
__Hsfr39                                                 sfr39        00000
__Hsfr4                                                  sfr4         00000
__Hsfr40                                                 sfr40        00000
__Hsfr41                                                 sfr41        00000
__Hsfr42                                                 sfr42        00000
__Hsfr43                                                 sfr43        00000
__Hsfr44                                                 sfr44        00000
__Hsfr45                                                 sfr45        00000
__Hsfr46                                                 sfr46        00000
__Hsfr47                                                 sfr47        00000
__Hsfr48                                                 sfr48        00000
__Hsfr49                                                 sfr49        00000
__Hsfr5                                                  sfr5         00000
__Hsfr50                                                 sfr50        00000
__Hsfr51                                                 sfr51        00000
__Hsfr52                                                 sfr52        00000
__Hsfr53                                                 sfr53        00000
__Hsfr54                                                 sfr54        00000
__Hsfr55                                                 sfr55        00000
__Hsfr56                                                 sfr56        00000
__Hsfr57                                                 sfr57        00000
__Hsfr58                                                 sfr58        00000
__Hsfr59                                                 sfr59        00000
__Hsfr6                                                  sfr6         00000
__Hsfr60                                                 sfr60        00000
__Hsfr61                                                 sfr61        00000
__Hsfr62                                                 sfr62        00000
__Hsfr63                                                 sfr63        00000
__Hsfr7                                                  sfr7         00000
__Hsfr8                                                  sfr8         00000
__Hsfr9                                                  sfr9         00000
__Hspace_0                                               (abs)        019F9
__Hspace_1                                               (abs)        00260
__Hspace_2                                               (abs)        00000
__Hspace_3                                               (abs)        00000
__Hspace_4                                               (abs)        10013
__Hstack                                                 stack        00000
__Hstrings                                               strings      00000
__Hstringtext1                                           stringtext1  00000
__Hstringtext10                                          stringtext10 00000
__Hstringtext11                                          stringtext11 00000
__Hstringtext12                                          stringtext12 00000
__Hstringtext13                                          stringtext13 00000
__Hstringtext14                                          stringtext14 00000
__Hstringtext15                                          stringtext15 00000
__Hstringtext16                                          stringtext16 00000
__Hstringtext17                                          stringtext17 00000
__Hstringtext18                                          stringtext18 00000
__Hstringtext19                                          stringtext19 00000
__Hstringtext2                                           stringtext2  00000
__Hstringtext20                                          stringtext20 00000
__Hstringtext21                                          stringtext21 00000
__Hstringtext22                                          stringtext22 00000
__Hstringtext23                                          stringtext23 00000
__Hstringtext24                                          stringtext24 00000
__Hstringtext25                                          stringtext25 00000
__Hstringtext26                                          stringtext26 00000
__Hstringtext27                                          stringtext27 00000
__Hstringtext28                                          stringtext28 00000
__Hstringtext29                                          stringtext29 00000
__Hstringtext3                                           stringtext3  00000
__Hstringtext4                                           stringtext4  00000
__Hstringtext5                                           stringtext5  00000
__Hstringtext6                                           stringtext6  00000
__Hstringtext7                                           stringtext7  00000
__Hstringtext8                                           stringtext8  00000
__Hstringtext9                                           stringtext9  00000
__Htext                                                  text         00000
__Labs1                                                  abs1         00000
__Lbank0                                                 bank0        00000
__Lbank1                                                 bank1        00000
__Lbank10                                                bank10       00000
__Lbank11                                                bank11       00000
__Lbank12                                                bank12       00000
__Lbank13                                                bank13       00000
__Lbank14                                                bank14       00000
__Lbank15                                                bank15       00000
__Lbank16                                                bank16       00000
__Lbank17                                                bank17       00000
__Lbank18                                                bank18       00000
__Lbank19                                                bank19       00000
__Lbank2                                                 bank2        00000
__Lbank20                                                bank20       00000
__Lbank21                                                bank21       00000
__Lbank22                                                bank22       00000
__Lbank23                                                bank23       00000
__Lbank24                                                bank24       00000
__Lbank25                                                bank25       00000
__Lbank26                                                bank26       00000
__Lbank27                                                bank27       00000
__Lbank28                                                bank28       00000
__Lbank29                                                bank29       00000
__Lbank3                                                 bank3        00000
__Lbank30                                                bank30       00000
__Lbank31                                                bank31       00000
__Lbank32                                                bank32       00000
__Lbank33                                                bank33       00000
__Lbank34                                                bank34       00000
__Lbank35                                                bank35       00000
__Lbank36                                                bank36       00000
__Lbank37                                                bank37       00000
__Lbank38                                                bank38       00000
__Lbank39                                                bank39       00000
__Lbank4                                                 bank4        00000
__Lbank40                                                bank40       00000
__Lbank41                                                bank41       00000
__Lbank42                                                bank42       00000
__Lbank43                                                bank43       00000
__Lbank44                                                bank44       00000
__Lbank45                                                bank45       00000
__Lbank46                                                bank46       00000
__Lbank47                                                bank47       00000
__Lbank48                                                bank48       00000
__Lbank49                                                bank49       00000
__Lbank5                                                 bank5        00000
__Lbank50                                                bank50       00000
__Lbank51                                                bank51       00000
__Lbank52                                                bank52       00000
__Lbank53                                                bank53       00000
__Lbank54                                                bank54       00000
__Lbank55                                                bank55       00000
__Lbank56                                                bank56       00000
__Lbank57                                                bank57       00000
__Lbank58                                                bank58       00000
__Lbank59                                                bank59       00000
__Lbank6                                                 bank6        00000
__Lbank60                                                bank60       00000
__Lbank61                                                bank61       00000
__Lbank62                                                bank62       00000
__Lbank63                                                bank63       00000
__Lbank7                                                 bank7        00000
__Lbank8                                                 bank8        00000
__Lbank9                                                 bank9        00000
__Lbigram                                                bigram       00000
__LbssBANK0                                              bssBANK0     00000
__LbssBANK2                                              bssBANK2     00000
__LbssBANK3                                              bssBANK3     00000
__LbssBANK4                                              bssBANK4     00000
__LbssCOMMON                                             bssCOMMON    00000
__Lcinit                                                 cinit        0006B
__Lclrtext                                               clrtext      00000
__Lcode                                                  code         00000
__Lcommon                                                common       00000
__Lconfig                                                config       00000
__LcstackBANK0                                           cstackBANK0  00000
__LcstackBANK1                                           cstackBANK1  00000
__LcstackBANK2                                           cstackBANK2  00000
__LcstackCOMMON                                          cstackCOMMON 00000
__LdataBANK3                                             dataBANK3    00000
__Leeprom_data                                           eeprom_data  00000
__Lend_init                                              end_init     00069
__Lfunctab                                               functab      00000
__Lheap                                                  heap         00000
__LidataBANK3                                            idataBANK3   00000
__Lidloc                                                 idloc        00000
__Linit                                                  init         00069
__Linittext                                              inittext     00000
__Lintentry                                              intentry     00004
__Lmaintext                                              maintext     00000
__Lpowerup                                               powerup      00000
__Lram                                                   ram          00000
__Lreset_vec                                             reset_vec    00000
__Lsfr0                                                  sfr0         00000
__Lsfr1                                                  sfr1         00000
__Lsfr10                                                 sfr10        00000
__Lsfr11                                                 sfr11        00000
__Lsfr12                                                 sfr12        00000
__Lsfr13                                                 sfr13        00000
__Lsfr14                                                 sfr14        00000
__Lsfr15                                                 sfr15        00000
__Lsfr16                                                 sfr16        00000
__Lsfr17                                                 sfr17        00000
__Lsfr18                                                 sfr18        00000
__Lsfr19                                                 sfr19        00000
__Lsfr2                                                  sfr2         00000
__Lsfr20                                                 sfr20        00000
__Lsfr21                                                 sfr21        00000
__Lsfr22                                                 sfr22        00000
__Lsfr23                                                 sfr23        00000
__Lsfr24                                                 sfr24        00000
__Lsfr25                                                 sfr25        00000
__Lsfr26                                                 sfr26        00000
__Lsfr27                                                 sfr27        00000
__Lsfr28                                                 sfr28        00000
__Lsfr29                                                 sfr29        00000
__Lsfr3                                                  sfr3         00000
__Lsfr30                                                 sfr30        00000
__Lsfr31                                                 sfr31        00000
__Lsfr32                                                 sfr32        00000
__Lsfr33                                                 sfr33        00000
__Lsfr34                                                 sfr34        00000
__Lsfr35                                                 sfr35        00000
__Lsfr36                                                 sfr36        00000
__Lsfr37                                                 sfr37        00000
__Lsfr38                                                 sfr38        00000
__Lsfr39                                                 sfr39        00000
__Lsfr4                                                  sfr4         00000
__Lsfr40                                                 sfr40        00000
__Lsfr41                                                 sfr41        00000
__Lsfr42                                                 sfr42        00000
__Lsfr43                                                 sfr43        00000
__Lsfr44                                                 sfr44        00000
__Lsfr45                                                 sfr45        00000
__Lsfr46                                                 sfr46        00000
__Lsfr47                                                 sfr47        00000
__Lsfr48                                                 sfr48        00000
__Lsfr49                                                 sfr49        00000
__Lsfr5                                                  sfr5         00000
__Lsfr50                                                 sfr50        00000
__Lsfr51                                                 sfr51        00000
__Lsfr52                                                 sfr52        00000
__Lsfr53                                                 sfr53        00000
__Lsfr54                                                 sfr54        00000
__Lsfr55                                                 sfr55        00000
__Lsfr56                                                 sfr56        00000
__Lsfr57                                                 sfr57        00000
__Lsfr58                                                 sfr58        00000
__Lsfr59                                                 sfr59        00000
__Lsfr6                                                  sfr6         00000
__Lsfr60                                                 sfr60        00000
__Lsfr61                                                 sfr61        00000
__Lsfr62                                                 sfr62        00000
__Lsfr63                                                 sfr63        00000
__Lsfr7                                                  sfr7         00000
__Lsfr8                                                  sfr8         00000
__Lsfr9                                                  sfr9         00000
__Lspace_0                                               (abs)        00000
__Lspace_1                                               (abs)        00000
__Lspace_2                                               (abs)        00000
__Lspace_3                                               (abs)        00000
__Lspace_4                                               (abs)        00000
__Lstack                                                 stack        00000
__Lstrings                                               strings      00000
__Lstringtext1                                           stringtext1  00000
__Lstringtext10                                          stringtext10 00000
__Lstringtext11                                          stringtext11 00000
__Lstringtext12                                          stringtext12 00000
__Lstringtext13                                          stringtext13 00000
__Lstringtext14                                          stringtext14 00000
__Lstringtext15                                          stringtext15 00000
__Lstringtext16                                          stringtext16 00000
__Lstringtext17                                          stringtext17 00000
__Lstringtext18                                          stringtext18 00000
__Lstringtext19                                          stringtext19 00000
__Lstringtext2                                           stringtext2  00000
__Lstringtext20                                          stringtext20 00000
__Lstringtext21                                          stringtext21 00000
__Lstringtext22                                          stringtext22 00000
__Lstringtext23                                          stringtext23 00000
__Lstringtext24                                          stringtext24 00000
__Lstringtext25                                          stringtext25 00000
__Lstringtext26                                          stringtext26 00000
__Lstringtext27                                          stringtext27 00000
__Lstringtext28                                          stringtext28 00000
__Lstringtext29                                          stringtext29 00000
__Lstringtext3                                           stringtext3  00000
__Lstringtext4                                           stringtext4  00000
__Lstringtext5                                           stringtext5  00000
__Lstringtext6                                           stringtext6  00000
__Lstringtext7                                           stringtext7  00000
__Lstringtext8                                           stringtext8  00000
__Lstringtext9                                           stringtext9  00000
__Ltext                                                  text         00000
__S0                                                     (abs)        019F9
__S1                                                     (abs)        00260
__S3                                                     (abs)        00000
__Umul8_16                                               text45       01461
__Umul8_16@multiplicand                                  cstackBANK0  00020
__Umul8_16@multiplier                                    cstackBANK0  00028
__Umul8_16@product                                       cstackBANK0  00024
__Umul8_16@word_mpld                                     cstackBANK0  00026
___flmul                                                 text44       00DC5
___flmul@a                                               cstackBANK0  0002D
___flmul@aexp                                            cstackBANK0  0003B
___flmul@b                                               cstackBANK0  00029
___flmul@bexp                                            cstackBANK0  0003C
___flmul@grs                                             cstackBANK0  00037
___flmul@prod                                            cstackBANK0  0003D
___flmul@sign                                            cstackBANK0  00036
___flmul@temp                                            cstackBANK0  00041
___fltol                                                 text43       00811
___fltol@exp1                                            cstackBANK0  0004C
___fltol@f1                                              cstackBANK0  00043
___fltol@sign1                                           cstackBANK0  0004B
___heap_hi                                               (abs)        00000
___heap_lo                                               (abs)        00000
___int_sp                                                stack        00000
___is_double_click                                       text5        00AC3
___is_double_click@b                                     cstackBANK0  0002F
___is_double_click@condition1                            cstackBANK0  0002C
___is_double_click@condition2                            cstackBANK0  0002D
___is_double_click@condition3                            cstackBANK0  0002E
___is_double_click@now                                   cstackBANK0  00020
___is_long_press                                         text4        00882
___is_long_press@b                                       cstackBANK0  0002E
___is_long_press@condition1                              cstackBANK0  0002C
___is_long_press@condition2                              cstackBANK0  0002D
___is_long_press@now                                     cstackBANK0  00020
___is_single_click                                       text3        00CAF
___is_single_click@b                                     cstackBANK0  00030
___is_single_click@condition1                            cstackBANK0  0002C
___is_single_click@condition2                            cstackBANK0  0002D
___is_single_click@condition3                            cstackBANK0  0002E
___is_single_click@condition4                            cstackBANK0  0002F
___is_single_click@now                                   cstackBANK0  00020
___latbits                                               (abs)        00002
___lldiv                                                 text39       01715
___lldiv@counter                                         cstackBANK0  0002D
___lldiv@dividend                                        cstackBANK0  00024
___lldiv@divisor                                         cstackBANK0  00020
___lldiv@quotient                                        cstackBANK0  00029
___llmod                                                 text38       015C8
___llmod@counter                                         cstackBANK0  00037
___llmod@dividend                                        cstackBANK0  00032
___llmod@divisor                                         cstackBANK0  0002E
___lmul                                                  text13       0150C
___lmul@multiplicand                                     cstackBANK0  00024
___lmul@multiplier                                       cstackBANK0  00020
___lmul@product                                          cstackBANK0  00028
___sp                                                    stack        00000
___stackhi                                               (abs)        00000
___stacklo                                               (abs)        00000
___wmul                                                  text37       01401
[...]
__ptext35                                                text35       0133F
__ptext36                                                text36       01364
__ptext37                                                text37       01401
__ptext38                                                text38       015C8
__ptext39                                                text39       01715
__ptext4                                                 text4        00882
__ptext40                                                text40       0157E
__ptext41                                                text41       01316
__ptext42                                                text42       01666
__ptext43                                                text43       00811
__ptext44                                                text44       00DC5
__ptext45                                                text45       01461
__ptext46                                                text46       0130C
__ptext47                                                text47       01302
__ptext48                                                text48       01485
__ptext49                                                text49       012D5
__ptext5                                                 text5        00AC3
__ptext50                                                text50       007FE
__ptext51                                                text51       00002
__ptext53                                                text53       012CC
__ptext54                                                text54       01613
__ptext6                                                 text6        01357
__ptext7                                                 text7        01540
__ptext8                                                 text8        00BA5
__ptext9                                                 text9        007EA
_calculate_diff                                          text42       01666
_currentRegister                                         bssCOMMON    0007C
_currentState                                            bssBANK0     0006E
_delay_state                                             text40       0157E
_dispatch                                                text33       016BB
_dpowers                                                 stringtext1  01846
_dump_buffer                                             text31       0092A
_dump_buffer$871                                         cstackBANK0  0005E
_dump_memory_map                                         text30       01320
_enable_tx_transmit                                      text24       012B6
_enable_uart_printf                                      text23       012BB
_get_ticks                                               text41       01316
_get_ticks_with_lock                                     text29       0139D
_hexpowers                                               stringtext2  01800
_i2c_slave_init                                          text28       01421
_i2c_slave_interrupt                                     text54       01613
_i2c_slave_set_register                                  text15       0132A
_i2c_slave_set_register_with_lock                        text14       01334
_init_button                                             text27       00779
_is_long_press                                           text20       012DE
_is_single_click                                         text19       012E7
_isalpha                                                 text11       013E4
_isalpha$1817                                            cstackBANK0  00022
_isdigit                                                 text36       01364
_isdigit$1783                                            cstackBANK0  00020
_isprint                                                 text32       01377
_isprint$1786                                            cstackBANK0  00020
_isspace                                                 text10       013B1
_isspace$1820                                            cstackBANK0  00020
_isupper                                                 text12       0138A
_isupper$1823                                            cstackBANK0  00020
_main                                                    maintext     0009B
_measurement                                             text22       014DB
_monitoring_sync                                         text16       01770
_printf                                                  text34       004D4
_printf$1500                                             cstackBANK0  00046
_putch                                                   text35       0133F
_reset_long_press_flag                                   text18       012F0
_reset_single_click_flag                                 text17       012F9
_rxbuffer                                                bssBANK3     001A0
_rxbuffer_index                                          bssCOMMON    0007D
_set_device_serial_number_to_i2c_slave_memorymap         text7        01540
_slaveData                                               bssBANK4     00220
_strtol                                                  text8        00BA5
_ticks                                                   bssCOMMON    00078
_tmr0_init                                               text6        01357
_toupper                                                 text9        007EA
_uart_rx_package_event                                   bssBANK2     0016E
_uart_rx_states                                          bssBANK0     0006F
_uart_rx_ticks                                           bssBANK2     0016A
_update_mybutton                                         text2        009F1
_usart_init                                              text1        00801
btemp                                                    (abs)        0007E
calculate_diff@diff                                      cstackBANK0  00034
calculate_diff@now                                       cstackBANK0  00024
calculate_diff@prev_ticks                                cstackBANK0  00028
clear_ram0                                               clrtext      012C0
delay_state@prev_ticks_delay                             bssBANK3     001C0
delay_state@state                                        cstackBANK0  00038
dispatch@b1                                              cstackBANK0  00058
dispatch@b1_clicked_count                                cstackBANK0  0005F
dispatch@b1_clicked_count_ptr                            cstackBANK0  0005A
dispatch@b2                                              cstackBANK0  00059
dispatch@b2_clicked_count                                cstackBANK0  00060
dispatch@b2_clicked_count_ptr                            cstackBANK0  0005B
dispatch@state                                           cstackBANK0  0005E
dump_buffer@buffer                                       cstackBANK0  00060
dump_buffer@i                                            cstackBANK0  00062
dump_buffer@j                                            cstackBANK0  00064
dump_buffer@p                                            cstackBANK0  00061
dump_buffer@size                                         cstackBANK0  00058
end_of_initialization                                    cinit        00097
get_ticks_with_lock@result                               cstackBANK0  00024
i1_get_ticks                                             text53       012CC
i2c_slave_init@i                                         cstackBANK0  00021
i2c_slave_interrupt@isNack                               cstackCOMMON 00072
i2c_slave_interrupt@isRead                               cstackCOMMON 00071
i2c_slave_interrupt@value                                cstackCOMMON 00073
i2c_slave_set_register@registerAddress                   cstackBANK0  00021
i2c_slave_set_register@value                             cstackBANK0  00020
i2c_slave_set_register_with_lock@registerAddress         cstackBANK0  00023
i2c_slave_set_register_with_lock@value                   cstackBANK0  00022
init_button@b                                            cstackBANK0  00020
init_ram                                                 inittext     012C6
int$flags                                                (abs)        0007E
intlevel0                                                functab      00000
intlevel1                                                functab      00000
intlevel2                                                functab      00000
intlevel3                                                functab      00000
intlevel4                                                functab      00000
intlevel5                                                functab      00000
is_long_press@b                                          cstackBANK0  00020
is_single_click@b                                        cstackBANK0  00020
isalpha@c                                                cstackBANK0  00023
isdigit@c                                                cstackBANK0  00021
isprint@c                                                cstackBANK0  00021
isspace@c                                                cstackBANK0  00021
isupper@c                                                cstackBANK0  00021
main@b1                                                  cstackBANK2  00124
main@b1_clicked_count                                    cstackBANK1  000ED
main@b2                                                  cstackBANK2  0013F
main@b2_clicked_count                                    cstackBANK1  000EE
main@now                                                 cstackBANK2  00120
main@now_375                                             cstackBANK1  000DD
main@payload                                             cstackBANK1  000CD
main@payload_temp                                        cstackBANK1  000D1
main@ph                                                  cstackBANK1  000E1
main@ph2                                                 cstackBANK1  000EB
main@ph_adc_value                                        cstackBANK0  0006A
main@ph_temp                                             cstackBANK0  00066
main@prev_ticks2                                         bssBANK2     0015A
main@prev_ticks_btn                                      bssBANK2     00166
main@prev_ticks_calibration                              bssBANK2     0015E
main@prev_ticks_measurement                              bssBANK2     00162
main@sensor_value                                        cstackBANK1  000D5
main@state                                               cstackBANK1  000EF
main@temp                                                cstackBANK1  000E5
main@temp2                                               cstackBANK1  000E9
main@temp_adc_value                                      cstackBANK0  0006C
main@temp_temp                                           cstackBANK0  00068
measurement@F10464                                       dataBANK3    001C4
measurement@state                                        cstackBANK1  000C0
measurement@txbuf                                        cstackBANK1  000A0
measurement@value                                        cstackBANK0  00058
monitoring_sync@b1                                       cstackBANK0  00058
monitoring_sync@b1_clicked_count                         cstackBANK0  0005A
monitoring_sync@b2                                       cstackBANK0  00059
monitoring_sync@b2_clicked_count                         cstackBANK0  0005B
monitoring_sync@state                                    cstackBANK0  0005C
printf@ap                                                cstackBANK0  00053
printf@c                                                 cstackBANK0  00057
printf@cp                                                cstackBANK0  0004B
printf@f                                                 cstackBANK0  00038
printf@flag                                              cstackBANK0  00054
printf@idx                                               cstackBANK0  00048
printf@len                                               cstackBANK0  00051
printf@prec                                              cstackBANK0  00049
printf@val                                               cstackBANK0  0004D
printf@width                                             cstackBANK0  00055
putch@data                                               cstackBANK0  00020
reset_long_press_flag@b                                  cstackBANK0  00020
reset_single_click_flag@b                                cstackBANK0  00020
reset_vec                                                reset_vec    00000
set_device_serial_number_to_i2c_slave_memorymap@buffer   cstackBANK0  0003E
set_device_serial_number_to_i2c_slave_memorymap@i        cstackBANK0  00041
set_device_serial_number_to_i2c_slave_memorymap@value    cstackBANK0  0003D
start                                                    init         00069
start_initialization                                     cinit        0006B
strtol@a                                                 cstackBANK0  00035
strtol@base                                              cstackBANK0  0002D
strtol@c                                                 cstackBANK0  0003A
strtol@endptr                                            cstackBANK0  0002C
strtol@s                                                 cstackBANK0  00039
strtol@sign                                              cstackBANK0  00034
toupper@c                                                cstackBANK0  00021
update_mybutton@b                                        cstackBANK0  0003A
update_mybutton@now                                      cstackBANK0  00032
update_mybutton@signal                                   cstackBANK0  00031
wtemp0                                                   (abs)        0007E


MODULE INFORMATION

Module		Function		Class		Link	Load	Size
/Applications/microchip/xc8/v2.40/pic/sources/c90/common/sprcmul.c
		___flmul       		CODE           	0DC5	0000	571

/Applications/microchip/xc8/v2.40/pic/sources/c90/common/sprcmul.c estimated size: 571

/Applications/microchip/xc8/v2.40/pic/sources/c90/common/__lldiv.c
		___lldiv       		CODE           	1715	0000	91

/Applications/microchip/xc8/v2.40/pic/sources/c90/common/__lldiv.c estimated size: 91

/Applications/microchip/xc8/v2.40/pic/sources/c90/common/isprint.c
		_isprint       		CODE           	1377	0000	19

/Applications/microchip/xc8/v2.40/pic/sources/c90/common/isprint.c estimated size: 19

/Applications/microchip/xc8/v2.40/pic/sources/c90/common/isalpha.c
		_isalpha       		CODE           	13E4	0000	29

/Applications/microchip/xc8/v2.40/pic/sources/c90/common/isalpha.c estimated size: 29

monitor_sync.c
		_monitoring_sync		CODE           	1770	0000	144
		_dispatch      		CODE           	16BB	0000	90
		_delay_state   		CODE           	157E	0000	74

monitor_sync.c estimated size: 308

myisr.c
		_Enable_Global_Interrupt		CODE           	07FE	0000	2
		_Disable_Global_Interrupt		CODE           	0002	0000	2
		_calculate_diff		CODE           	1666	0000	85
		_get_ticks     		CODE           	1316	0000	10
		_get_ticks_with_lock		CODE           	139D	0000	20

myisr.c estimated size: 119

uart.c
		_putch         		CODE           	133F	0000	12
		_enable_uart_printf		CODE           	12BB	0000	5
		_enable_tx_transmit		CODE           	12B6	0000	5
		_INTERRUPT_InterruptManager		CODE           	0004	0000	101
		_EUSART1_Write 		CODE           	134B	0000	12
		_usart_init    		CODE           	0801	0000	16
		_EUSART1_Write_1		CODE           	13CA	0000	26

uart.c estimated size: 177

mcc_generated_files/pin_manager.c
		_PIN_MANAGER_Initialize		CODE           	1485	0000	42

mcc_generated_files/pin_manager.c estimated size: 42

/Applications/microchip/xc8/v2.40/pic/sources/c90/common/strtol.c
		_strtol        		CODE           	0BA5	0000	266

/Applications/microchip/xc8/v2.40/pic/sources/c90/common/strtol.c estimated size: 266

/Applications/microchip/xc8/v2.40/pic/sources/c90/common/isdigit.c
		_isdigit       		CODE           	1364	0000	19

/Applications/microchip/xc8/v2.40/pic/sources/c90/common/isdigit.c estimated size: 19

/Applications/microchip/xc8/v2.40/pic/sources/c90/common/doprnt.c
		_printf        		CODE           	04D4	0000	677

/Applications/microchip/xc8/v2.40/pic/sources/c90/common/doprnt.c estimated size: 677

/Applications/microchip/xc8/v2.40/pic/sources/c90/common/Umul16.c
		___wmul        		CODE           	1401	0000	32

/Applications/microchip/xc8/v2.40/pic/sources/c90/common/Umul16.c estimated size: 32

/Applications/microchip/xc8/v2.40/pic/sources/c90/common/llmod.c
		___llmod       		CODE           	15C8	0000	75

/Applications/microchip/xc8/v2.40/pic/sources/c90/common/llmod.c estimated size: 75

tmr0.c
		_tmr0_init     		CODE           	1357	0000	13

tmr0.c estimated size: 13

measurement.c
		_measurement   		CODE           	14DB	0000	49

measurement.c estimated size: 49

shared
		_dpowers       		STRCODE        	1846	0000	40
		i1_get_ticks   		CODE           	12CC	0000	9
		__initialization		CODE           	006B	0000	44
		_hexpowers     		STRCODE        	1800	0000	32

shared estimated size: 125

my_helpers.c
		_dump_buffer   		CODE           	092A	0000	199

my_helpers.c estimated size: 199

mcc_generated_files/mcc.c
		_PMD_Initialize		CODE           	1302	0000	10
		_OSCILLATOR_Initialize		CODE           	12D5	0000	9
		_SYSTEM_Initialize		CODE           	130C	0000	10

mcc_generated_files/mcc.c estimated size: 29

/Applications/microchip/xc8/v2.40/pic/sources/c90/common/Umul8_16.c
		__Umul8_16     		CODE           	1461	0000	36

/Applications/microchip/xc8/v2.40/pic/sources/c90/common/Umul8_16.c estimated size: 36

i2c_slave.c
		_i2c_slave_interrupt		CODE           	1613	0000	83
		_i2c_slave_set_register		CODE           	132A	0000	10
		_i2c_slave_init		CODE           	1421	0000	32
		_i2c_slave_set_register_with_lock		CODE           	1334	0000	11
		_dump_memory_map		CODE           	1320	0000	10

i2c_slave.c estimated size: 146

/Applications/microchip/xc8/v2.40/pic/sources/c90/common/Umul32.c
		___lmul        		CODE           	150C	0000	52

/Applications/microchip/xc8/v2.40/pic/sources/c90/common/Umul32.c estimated size: 52

/Applications/microchip/xc8/v2.40/pic/sources/c90/common/isupper.c
		_isupper       		CODE           	138A	0000	19

/Applications/microchip/xc8/v2.40/pic/sources/c90/common/isupper.c estimated size: 19

/Applications/microchip/xc8/v2.40/pic/sources/c90/common/toupper.c
		_toupper       		CODE           	07EA	0000	20

/Applications/microchip/xc8/v2.40/pic/sources/c90/common/toupper.c estimated size: 20

/Applications/microchip/xc8/v2.40/pic/sources/c90/common/fltol.c
		___fltol       		CODE           	0811	0000	113

/Applications/microchip/xc8/v2.40/pic/sources/c90/common/fltol.c estimated size: 113

set_device_i2c_sn.c
		_set_device_serial_number_to_i2c_slave_memorymap		CODE           	1540	0000	62

set_device_i2c_sn.c estimated size: 62

mybutton.c
		_update_mybutton		CODE           	09F1	0000	210
		_reset_long_press_flag		CODE           	12F0	0000	9
		_init_button   		CODE           	0779	0000	113
		___is_double_click		CODE           	0AC3	0000	226
		___is_single_click		CODE           	0CAF	0000	278
		_is_single_click		CODE           	12E7	0000	9
		_is_long_press 		CODE           	12DE	0000	9
		_reset_single_click_flag		CODE           	12F9	0000	9
		___is_long_press		CODE           	0882	0000	168

mybutton.c estimated size: 1031

/Applications/microchip/xc8/v2.40/pic/sources/c90/common/isspace.c
		_isspace       		CODE           	13B1	0000	25

/Applications/microchip/xc8/v2.40/pic/sources/c90/common/isspace.c estimated size: 25

main.c
		_main          		CODE           	009B	0000	1081

main.c estimated size: 1081

led.c
		_LED_flashes_three_times		CODE           	14AF	0000	44

led.c estimated size: 44

