Microchip MPLAB XC8 Compiler V2.40

Linker command line:

-W-3 --edf=/Applications/microchip/xc8/v2.40/pic/dat/20220703182018_en.msgs \
  -cn -h+dist/default/production/ph485-probe.production.sym \
  --cmf=dist/default/production/ph485-probe.production.cmf -z -Q16F18425 \
  -o/tmp/xcUSGNZ6O --defsym=__MPLAB_BUILD=1 --fixupoverflow=error \
  -Mdist/default/production/ph485-probe.production.map \
  --md=/tmp/xcvOSCldP.dat -E1 -ver=XC8 Compiler --acfsm=1493 \
  -ACODE=00h-07FFhx4 -ASTRCODE=00h-01FFFh -ASTRING=00h-0FFhx32 \
  -ACONST=00h-0FFhx32 -AENTRY=00h-0FFhx32 -ACOMMON=070h-07Fh \
  -ABANK0=020h-06Fh -ABANK1=0A0h-0EFh -ABANK2=0120h-016Fh \
  -ABANK3=01A0h-01EFh -ABANK4=0220h-026Fh -ABANK5=02A0h-02EFh \
  -ABANK6=0320h-036Fh -ABANK7=03A0h-03EFh -ABANK8=0420h-046Fh \
  -ABANK9=04A0h-04EFh -ABANK10=0520h-056Fh -ABANK11=05A0h-05EFh \
  -ABANK12=0620h-064Fh -ABIGRAM=02000h-023EFh \
  -ARAM=020h-06Fh,0A0h-0EFh,0120h-016Fh,01A0h-01EFh,0220h-026Fh,02A0h-02EFh,0320h-036Fh,03A0h-03EFh,0420h-046Fh,04A0h-04EFh,0520h-056Fh,05A0h-05EFh,0620h-064Fh \
  -AABS1=020h-07Fh,0A0h-0EFh,0120h-016Fh,01A0h-01EFh,0220h-026Fh,02A0h-02EFh,0320h-036Fh,03A0h-03EFh,0420h-046Fh,04A0h-04EFh,0520h-056Fh,05A0h-05EFh,0620h-064Fh \
  -ASFR0=00h-01Fh -ASFR1=080h-09Fh -ASFR2=0100h-011Fh -ASFR3=0180h-019Fh \
  -ASFR4=0200h-021Fh -ASFR5=0280h-029Fh -ASFR6=0300h-031Fh \
  -ASFR7=0380h-039Fh -ASFR8=0400h-041Fh -ASFR9=0480h-049Fh \
  -ASFR10=0500h-051Fh -ASFR11=0580h-059Fh -ASFR12=0600h-061Fh \
  -ASFR13=0680h-06EFh -ASFR14=0700h-076Fh -ASFR15=0780h-07EFh \
  -ASFR16=0800h-086Fh -ASFR17=0880h-08EFh -ASFR18=0900h-096Fh \
  -ASFR19=0980h-09EFh -ASFR20=0A00h-0A6Fh -ASFR21=0A80h-0AEFh \
  -ASFR22=0B00h-0B6Fh -ASFR23=0B80h-0BEFh -ASFR24=0C00h-0C6Fh \
  -ASFR25=0C80h-0CEFh -ASFR26=0D00h-0D6Fh -ASFR27=0D80h-0DEFh \
  -ASFR28=0E00h-0E6Fh -ASFR29=0E80h-0EEFh -ASFR30=0F00h-0F6Fh \
  -ASFR31=0F80h-0FEFh -ASFR32=01000h-0106Fh -ASFR33=01080h-010EFh \
  -ASFR34=01100h-0116Fh -ASFR35=01180h-011EFh -ASFR36=01200h-0126Fh \
  -ASFR37=01280h-012EFh -ASFR38=01300h-0136Fh -ASFR39=01380h-013EFh \
  -ASFR40=01400h-0146Fh -ASFR41=01480h-014EFh -ASFR42=01500h-0156Fh \
  -ASFR43=01580h-015EFh -ASFR44=01600h-0166Fh -ASFR45=01680h-016EFh \
  -ASFR46=01700h-0176Fh -ASFR47=01780h-017EFh -ASFR48=01800h-0186Fh \
  -ASFR49=01880h-018EFh -ASFR50=01900h-0196Fh -ASFR51=01980h-019EFh \
  -ASFR52=01A00h-01A6Fh -ASFR53=01A80h-01AEFh -ASFR54=01B00h-01B6Fh \
  -ASFR55=01B80h-01BEFh -ASFR56=01C00h-01C6Fh -ASFR57=01C80h-01CEFh \
  -ASFR58=01D00h-01D6Fh -ASFR59=01D80h-01DEFh -ASFR60=01E00h-01E6Fh \
  -ASFR61=01E80h-01EEFh -ASFR62=01F00h-01F6Fh -ASFR63=01F80h-01FEFh \
  -ACONFIG=08007h-0800Bh -DCONFIG=2 -AIDLOC=08000h-08003h -DIDLOC=2 \
  -AEEDATA=00h-0FFh/0F000h -peeprom_data=EEDATA -DEEDATA=2 -DCODE=2 \
  -DSTRCODE=2 -DSTRING=2 -DCONST=2 -DENTRY=2 \
  -preset_vec=00h,intentry=04h,init,end_init -ppowerup=CODE -pcinit=CODE \
  -pfunctab=ENTRY -k /tmp/xcAhUvuXC.o \
  dist/default/production/ph485-probe.production.o 

Object code version is 3.11

Machine type is 16F18425



                Name                               Link     Load   Length Selector   Space Scale
/tmp/xcAhUvuXC.o
                end_init                             67       67        2        8       0
                reset_vec                             0        0        2        0       0
                config                             8007     8007        5        0       4
                idloc                              8000     8000        4        0       5
dist/default/production/ph485-probe.production.o
                cinit                                69       69       36        8       0
                intentry                              4        4       63        8       0
                config                             8007     8007        5        0       4
                idloc                              8000     8000        4        0       5
                text54                             16A0     16A0       53     2D40       0
                text53                             138B     138B        9     2716       0
                text51                              800      800        2        8       0
                text50                                2        2        2        0       0
                text49                             1394     1394        9     2728       0
                text48                             154F     154F       2A     2A9E       0
                text47                             13C1     13C1        A     2782       0
                text46                             13CB     13CB        A     2796       0
                text45                             152B     152B       24     2A56       0
                text44                              DC5      DC5      23B     1B8A       0
                text43                              8B6      8B6       71     116C       0
                text42                             16F3     16F3       55     2DE6       0
                text41                             13D5     13D5        A     27AA       0
                text40                             160A     160A       4B     2C14       0
                text39                             1748     1748       5B     2E90       0
                text38                             1655     1655       4B     2CAA       0
                text37                             14CB     14CB       20     2996       0
                text36                             1433     1433       13     2866       0
                text35                             13FE     13FE        C     27FC       0
                text34                              42C      42C      2A5        8       0
                text33                             17A3     17A3       5D     2F46       0
                text32                             1446     1446       13     288C       0
                text31                              A40      A40       C7     1480       0
                text30                             13DF     13DF        A     27BE       0
                text29                             146C     146C       14     28D8       0
                text28                             14EB     14EB       20     29D6       0
                text27                              927      927       71     124E       0
                text26                             140A     140A        C     2814       0
                text25                             1494     1494       1A     2928       0
                text24                             137B     137B        5     26F6       0
                text23                             1380     1380        5     2700       0
                text22                             15A5     15A5       31     2B4A       0
                text21                             1579     1579       2C     2AF2       0
                text20                             139D     139D        9     273A       0
                text19                             13A6     13A6        9     274C       0
                text18                             13AF     13AF        9     275E       0
                text17                             13B8     13B8        9     2770       0
                text16                              846      846       70     108C       0
                text15                             13E9     13E9        A     27D2       0
                text14                             13F3     13F3        B     27E6       0
                text13                             15D6     15D6       34     2BAC       0
                text12                             1459     1459       13     28B2       0
                text11                             14AE     14AE       1D     295C       0
                text10                              7E7      7E7       19        8       0
                text9                              1480     1480       14     2900       0
                text8                               CBB      CBB      10A     1976       0
                text7                               808      808       3E     1010       0
                text6                              1416     1416        D     282C       0
                text5                               BD9      BD9       E2     17B2       0
                text4                               998      998       A8     1330       0
                text3                               6D1      6D1      116        8       0
                text2                               B07      B07       D2     160E       0
                text1                              1423     1423       10     2846       0
                maintext                             9F       9F      38D        8       0
                cstackBANK0                          20       20       50       20       1
                cstackCOMMON                         70       70        8       70       1
                cstackBANK1                          A0       A0       49       A0       1
                cstackBANK2                         120      120       37      120       1
                clrtext                            1385     1385        6     270A       0
                inittext                            802      802        6     1004       0
                bssBANK4                            220      220       40      220       1
                dataBANK3                           1C0      1C0       20      1A0       1
                bssBANK3                            1A0      1A0       20      1A0       1
                bssBANK2                            157      157        D      120       1
                bssBANK1                             E9       E9        7       A0       1
                bssCOMMON                            78       78        6       70       1
                stringtext25                       19A6     19A6        3     3000       0
                stringtext24                       19A2     19A2        4     3000       0
                stringtext23                       199C     199C        6     3000       0
                stringtext22                       1996     1996        6     3000       0
                stringtext21                       1990     1990        6     3000       0
                stringtext20                       1989     1989        7     3000       0
                stringtext19                       1981     1981        8     3000       0
                stringtext18                       1978     1978        9     3000       0
                stringtext17                       196F     196F        9     3000       0
                stringtext16                       1964     1964        B     3000       0
                stringtext15                       1959     1959        B     3000       0
                stringtext14                       194C     194C        D     3000       0
                stringtext13                       193F     193F        D     3000       0
                stringtext12                       1931     1931        E     3000       0
                stringtext11                       1923     1923        E     3000       0
                stringtext10                       1912     1912       11     3000       0
                stringtext9                        1901     1901       11     3000       0
                stringtext8                        18F0     18F0       11     3000       0
                stringtext7                        18DA     18DA       16     3000       0
                stringtext6                        18C3     18C3       17     3000       0
                stringtext5                        18AC     18AC       17     3000       0
                stringtext4                        1891     1891       1B     3000       0
                stringtext3                        186E     186E       23     3000       0
                stringtext2                        1800     1800       46     3000       0
                stringtext1                        1846     1846       28     3000       0
                idataBANK3                         150B     150B       20     2A16       0

TOTAL           Name                               Link     Load   Length     Space
        CLASS   CODE           
                end_init                             67       67        2         0
                cinit                                69       69       36         0
                intentry                              4        4       63         0
                reset_vec                             0        0        2         0
                text54                             16A0     16A0       53         0
                text53                             138B     138B        9         0
                text51                              800      800        2         0
                text50                                2        2        2         0
                text49                             1394     1394        9         0
                text48                             154F     154F       2A         0
                text47                             13C1     13C1        A         0
                text46                             13CB     13CB        A         0
                text45                             152B     152B       24         0
                text44                              DC5      DC5      23B         0
                text43                              8B6      8B6       71         0
                text42                             16F3     16F3       55         0
                text41                             13D5     13D5        A         0
                text40                             160A     160A       4B         0
                text39                             1748     1748       5B         0
                text38                             1655     1655       4B         0
                text37                             14CB     14CB       20         0
                text36                             1433     1433       13         0
                text35                             13FE     13FE        C         0
                text34                              42C      42C      2A5         0
                text33                             17A3     17A3       5D         0
                text32                             1446     1446       13         0
                text31                              A40      A40       C7         0
                text30                             13DF     13DF        A         0
                text29                             146C     146C       14         0
                text28                             14EB     14EB       20         0
                text27                              927      927       71         0
                text26                             140A     140A        C         0
                text25                             1494     1494       1A         0
                text24                             137B     137B        5         0
                text23                             1380     1380        5         0
                text22                             15A5     15A5       31         0
                text21                             1579     1579       2C         0
                text20                             139D     139D        9         0
                text19                             13A6     13A6        9         0
                text18                             13AF     13AF        9         0
                text17                             13B8     13B8        9         0
                text16                              846      846       70         0
                text15                             13E9     13E9        A         0
                text14                             13F3     13F3        B         0
                text13                             15D6     15D6       34         0
                text12                             1459     1459       13         0
                text11                             14AE     14AE       1D         0
                text10                              7E7      7E7       19         0
                text9                              1480     1480       14         0
                text8                               CBB      CBB      10A         0
                text7                               808      808       3E         0
                text6                              1416     1416        D         0
                text5                               BD9      BD9       E2         0
                text4                               998      998       A8         0
                text3                               6D1      6D1      116         0
                text2                               B07      B07       D2         0
                text1                              1423     1423       10         0
                maintext                             9F       9F      38D         0
                clrtext                            1385     1385        6         0
                inittext                            802      802        6         0
                idataBANK3                         150B     150B       20         0

        CLASS   STRCODE        
                stringtext25                       19A6     19A6        3         0
                stringtext24                       19A2     19A2        4         0
                stringtext23                       199C     199C        6         0
                stringtext22                       1996     1996        6         0
                stringtext21                       1990     1990        6         0
                stringtext20                       1989     1989        7         0
                stringtext19                       1981     1981        8         0
                stringtext18                       1978     1978        9         0
                stringtext17                       196F     196F        9         0
                stringtext16                       1964     1964        B         0
                stringtext15                       1959     1959        B         0
                stringtext14                       194C     194C        D         0
                stringtext13                       193F     193F        D         0
                stringtext12                       1931     1931        E         0
                stringtext11                       1923     1923        E         0
                stringtext10                       1912     1912       11         0
                stringtext9                        1901     1901       11         0
                stringtext8                        18F0     18F0       11         0
                stringtext7                        18DA     18DA       16         0
                stringtext6                        18C3     18C3       17         0
                stringtext5                        18AC     18AC       17         0
                stringtext4                        1891     1891       1B         0
                stringtext3                        186E     186E       23         0
                stringtext2                        1800     1800       46         0
                stringtext1                        1846     1846       28         0

        CLASS   STRING         

        CLASS   CONST          

        CLASS   ENTRY          

        CLASS   COMMON         
                cstackCOMMON                         70       70        8         1
                bssCOMMON                            78       78        6         1

        CLASS   BANK0          
                cstackBANK0                          20       20       50         1

        CLASS   BANK1          
                cstackBANK1                          A0       A0       49         1
                bssBANK1                             E9       E9        7         1

        CLASS   BANK2          
                cstackBANK2                         120      120       37         1
                bssBANK2                            157      157        D         1

        CLASS   BANK3          
                dataBANK3                           1C0      1C0       20         1
                bssBANK3                            1A0      1A0       20         1

        CLASS   BANK4          
                bssBANK4                            220      220       40         1

        CLASS   BANK5          

        CLASS   BANK6          

        CLASS   BANK7          

        CLASS   BANK8          

        CLASS   BANK9          

        CLASS   BANK10         

        CLASS   BANK11         

        CLASS   BANK12         

        CLASS   BIGRAM         

        CLASS   RAM            

        CLASS   ABS1           
                abs_s1                               7E       7E        2         1

        CLASS   SFR0           

        CLASS   SFR1           

        CLASS   SFR2           

        CLASS   SFR3           

        CLASS   SFR4           

        CLASS   SFR5           

        CLASS   SFR6           

        CLASS   SFR7           

        CLASS   SFR8           

        CLASS   SFR9           

        CLASS   SFR10          

        CLASS   SFR11          

        CLASS   SFR12          

        CLASS   SFR13          

        CLASS   SFR14          

        CLASS   SFR15          

        CLASS   SFR16          

        CLASS   SFR17          

        CLASS   SFR18          

        CLASS   SFR19          

        CLASS   SFR20          

        CLASS   SFR21          

        CLASS   SFR22          

        CLASS   SFR23          

        CLASS   SFR24          

        CLASS   SFR25          

        CLASS   SFR26          

        CLASS   SFR27          

        CLASS   SFR28          

        CLASS   SFR29          

        CLASS   SFR30          

        CLASS   SFR31          

        CLASS   SFR32          

        CLASS   SFR33          

        CLASS   SFR34          

        CLASS   SFR35          

        CLASS   SFR36          

        CLASS   SFR37          

        CLASS   SFR38          

        CLASS   SFR39          

        CLASS   SFR40          

        CLASS   SFR41          

        CLASS   SFR42          

        CLASS   SFR43          

        CLASS   SFR44          

        CLASS   SFR45          

        CLASS   SFR46          

        CLASS   SFR47          

        CLASS   SFR48          

        CLASS   SFR49          

        CLASS   SFR50          

        CLASS   SFR51          

        CLASS   SFR52          

        CLASS   SFR53          

        CLASS   SFR54          

        CLASS   SFR55          

        CLASS   SFR56          

        CLASS   SFR57          

        CLASS   SFR58          

        CLASS   SFR59          

        CLASS   SFR60          

        CLASS   SFR61          

        CLASS   SFR62          

        CLASS   SFR63          

        CLASS   CONFIG         
                config                             8007     8007        5         4

        CLASS   IDLOC          
                idloc                              8000     8000        4         5

        CLASS   EEDATA         

        CLASS   BANK63         

        CLASS   BANK62         

        CLASS   BANK61         

        CLASS   BANK60         

        CLASS   BANK59         

        CLASS   BANK58         

        CLASS   BANK57         

        CLASS   BANK56         

        CLASS   BANK55         

        CLASS   BANK54         

        CLASS   BANK53         

        CLASS   BANK52         

        CLASS   BANK51         

        CLASS   BANK50         

        CLASS   BANK49         

        CLASS   BANK48         

        CLASS   BANK47         

        CLASS   BANK46         

        CLASS   BANK45         

        CLASS   BANK44         

        CLASS   BANK43         

        CLASS   BANK42         

        CLASS   BANK41         

        CLASS   BANK40         

        CLASS   BANK39         

        CLASS   BANK38         

        CLASS   BANK37         

        CLASS   BANK36         

        CLASS   BANK35         

        CLASS   BANK34         

        CLASS   BANK33         

        CLASS   BANK32         

        CLASS   BANK31         

        CLASS   BANK30         

        CLASS   BANK29         

        CLASS   BANK28         

        CLASS   BANK27         

        CLASS   BANK26         

        CLASS   BANK25         

        CLASS   BANK24         

        CLASS   BANK23         

        CLASS   BANK22         

        CLASS   BANK21         

        CLASS   BANK20         

        CLASS   BANK19         

        CLASS   BANK18         

        CLASS   BANK17         

        CLASS   BANK16         

        CLASS   BANK15         

        CLASS   BANK14         

        CLASS   BANK13         

        CLASS   HEAP           

        CLASS   STACK          



SEGMENTS        Name                           Load    Length   Top    Selector   Space  Class     Delta

                text26                         00140A  00000C  001416      2814       0  CODE        2
                text35                         0013FE  00000C  00140A      27FC       0  CODE        2
                text6                          001416  00000D  001423      282C       0  CODE        2
                text37                         0014CB  000020  0014EB      2996       0  CODE        2
                text11                         0014AE  00001D  0014CB      295C       0  CODE        2
                text25                         001494  00001A  0014AE      2928       0  CODE        2
                text45                         00152B  000024  00154F      2A56       0  CODE        2
                idataBANK3                     00150B  000020  00152B      2A16       0  CODE        2
                text28                         0014EB  000020  00150B      29D6       0  CODE        2
                text32                         001446  000013  001459      288C       0  CODE        2
                text36                         001433  000013  001446      2866       0  CODE        2
                text1                          001423  000010  001433      2846       0  CODE        2
                text9                          001480  000014  001494      2900       0  CODE        2
                text29                         00146C  000014  001480      28D8       0  CODE        2
                text12                         001459  000013  00146C      28B2       0  CODE        2
                text14                         0013F3  00000B  0013FE      27E6       0  CODE        2
                text17                         0013B8  000009  0013C1      2770       0  CODE        2
                reset_vec                      000000  000004  000004         0       0  CODE        2
                text47                         0013C1  00000A  0013CB      2782       0  CODE        2
                text30                         0013DF  00000A  0013E9      27BE       0  CODE        2
                text41                         0013D5  00000A  0013DF      27AA       0  CODE        2
                text15                         0013E9  00000A  0013F3      27D2       0  CODE        2
                text46                         0013CB  00000A  0013D5      2796       0  CODE        2
                text48                         00154F  00002A  001579      2A9E       0  CODE        2
                text21                         001579  00002C  0015A5      2AF2       0  CODE        2
                text22                         0015A5  000031  0015D6      2B4A       0  CODE        2
                text40                         00160A  00004B  001655      2C14       0  CODE        2
                text38                         001655  00004B  0016A0      2CAA       0  CODE        2
                stringtext2                    001800  0001A9  0019A9      3000       0  STRCODE     2
                text13                         0015D6  000034  00160A      2BAC       0  CODE        2
                text7                          000808  00003E  000846      1010       0  CODE        2
                text49                         001394  000009  00139D      2728       0  CODE        2
                text53                         00138B  000009  001394      2716       0  CODE        2
                text20                         00139D  000009  0013A6      273A       0  CODE        2
                text24                         00137B  000005  001380      26F6       0  CODE        2
                inittext                       000802  000006  000808      1004       0  CODE        2
                text23                         001380  000005  001385      2700       0  CODE        2
                clrtext                        001385  000006  00138B      270A       0  CODE        2
                text19                         0013A6  000009  0013AF      274C       0  CODE        2
                text18                         0013AF  000009  0013B8      275E       0  CODE        2
                text54                         0016A0  000053  0016F3      2D40       0  CODE        2
                bssBANK3                       0001A0  000040  0001E0       1A0       1  BANK3       1
                cstackBANK2                    000120  000044  000164       120       1  BANK2       1
                intentry                       000004  0007FE  000802         8       0  CODE        2
                cstackCOMMON                   000070  00000E  00007E        70       1  COMMON      1
                bssBANK4                       000220  000040  000260       220       1  BANK4       1
                cstackBANK1                    0000A0  000050  0000F0        A0       1  BANK1       1
                cstackBANK0                    000020  000050  000070        20       1  BANK0       1
                text27                         000927  000071  000998      124E       0  CODE        2
                text43                         0008B6  000071  000927      116C       0  CODE        2
                text4                          000998  0000A8  000A40      1330       0  CODE        2
                text2                          000B07  0000D2  000BD9      160E       0  CODE        2
                text31                         000A40  0000C7  000B07      1480       0  CODE        2
                text42                         0016F3  000055  001748      2DE6       0  CODE        2
                text39                         001748  00005B  0017A3      2E90       0  CODE        2
                text16                         000846  000070  0008B6      108C       0  CODE        2
                text33                         0017A3  00005D  001800      2F46       0  CODE        2
                text8                          000CBB  00010A  000DC5      1976       0  CODE        2
                text5                          000BD9  0000E2  000CBB      17B2       0  CODE        2
                text44                         000DC5  00023B  001000      1B8A       0  CODE        2


UNUSED ADDRESS RANGES

        Name                Unused          Largest block    Delta
        BANK10           00520-0056F              50           1
        BANK11           005A0-005EF              50           1
        BANK12           00620-0064F              30           1
        BANK2            00164-0016F               C           1
        BANK3            001E0-001EF              10           1
        BANK4            00260-0026F              10           1
        BANK5            002A0-002EF              50           1
        BANK6            00320-0036F              50           1
        BANK7            003A0-003EF              50           1
        BANK8            00420-0046F              50           1
        BANK9            004A0-004EF              50           1
        BIGRAM           02000-023EF             3F0           1
        CODE             01000-0137A             37B           2
                         019A9-01FFF             657
        CONST            01000-0137A             100           2
                         019A9-01FFF             100
        EEDATA           0F000-0F0FF             100           2
        ENTRY            01000-0137A             100           2
                         019A9-01FFF             100
        RAM              00164-0016F               C           1
                         001E0-001EF              10
                         00260-0026F              10
                         002A0-002EF              50
                         00320-0036F              50
                         003A0-003EF              50
                         00420-0046F              50
                         004A0-004EF              50
                         00520-0056F              50
                         005A0-005EF              50
                         00620-0064F              30
        SFR0             00000-0001F              20           1
        SFR1             00080-0009F              20           1
        SFR10            00500-0051F              20           1
        SFR11            00580-0059F              20           1
        SFR12            00600-0061F              20           1
        SFR13            00680-006EF              70           1
        SFR14            00700-0076F              70           1
        SFR15            00780-007EF              70           1
        SFR16            00800-0086F              70           1
        SFR17            00880-008EF              70           1
        SFR18            00900-0096F              70           1
        SFR19            00980-009EF              70           1
        SFR2             00100-0011F              20           1
        SFR20            00A00-00A6F              70           1
        SFR21            00A80-00AEF              70           1
        SFR22            00B00-00B6F              70           1
        SFR23            00B80-00BEF              70           1
        SFR24            00C00-00C6F              70           1
        SFR25            00C80-00CEF              70           1
        SFR26            00D00-00D6F              70           1
        SFR27            00D80-00DEF              70           1
        SFR28            00E00-00E6F              70           1
        SFR29            00E80-00EEF              70           1
        SFR3             00180-0019F              20           1
        SFR30            00F00-00F6F              70           1
        SFR31            00F80-00FEF              70           1
        SFR32            01000-0106F              70           1
        SFR33            01080-010EF              70           1
        SFR34            01100-0116F              70           1
        SFR35            01180-011EF              70           1
        SFR36            01200-0126F              70           1
        SFR37            01280-012EF              70           1
        SFR38            01300-0136F              70           1
        SFR39            01380-013EF              70           1
        SFR4             00200-0021F              20           1
        SFR40            01400-0146F              70           1
        SFR41            01480-014EF              70           1
        SFR42            01500-0156F              70           1
        SFR43            01580-015EF              70           1
        SFR44            01600-0166F              70           1
        SFR45            01680-016EF              70           1
        SFR46            01700-0176F              70           1
        SFR47            01780-017EF              70           1
        SFR48            01800-0186F              70           1
        SFR49            01880-018EF              70           1
        SFR5             00280-0029F              20           1
        SFR50            01900-0196F              70           1
        SFR51            01980-019EF              70           1
        SFR52            01A00-01A6F              70           1
        SFR53            01A80-01AEF              70           1
        SFR54            01B00-01B6F              70           1
        SFR55            01B80-01BEF              70           1
        SFR56            01C00-01C6F              70           1
        SFR57            01C80-01CEF              70           1
        SFR58            01D00-01D6F              70           1
        SFR59            01D80-01DEF              70           1
        SFR6             00300-0031F              20           1
        SFR60            01E00-01E6F              70           1
        SFR61            01E80-01EEF              70           1
        SFR62            01F00-01F6F              70           1
        SFR63            01F80-01FEF              70           1
        SFR7             00380-0039F              20           1
        SFR8             00400-0041F              20           1
        SFR9             00480-0049F              20           1
        STRCODE          01000-0137A             37B           2
                         019A9-01FFF             657
        STRING           01000-0137A             100           2
                         019A9-01FFF             100

                                  Symbol Table

?__Umul8_16                                              cstackBANK0  00020
?___flmul                                                cstackBANK0  00029
?___fltol                                                cstackBANK0  00043
?___lldiv                                                cstackBANK0  00020
?___llmod                                                cstackBANK0  0002E
?___lmul                                                 cstackBANK0  00020
?___wmul                                                 cstackBANK0  00020
?_calculate_diff                                         cstackBANK0  00024
?_get_ticks                                              cstackBANK0  00020
?_get_ticks_with_lock                                    cstackBANK0  00020
?_printf                                                 cstackBANK0  00038
?_strtol                                                 cstackBANK0  0002C
?i1_get_ticks                                            cstackCOMMON 00070
EUSART1_Write@txData                                     cstackBANK0  00020
EUSART1_Write_1@i                                        cstackBANK0  00024
EUSART1_Write_1@length                                   cstackBANK0  00021
EUSART1_Write_1@txbuf                                    cstackBANK0  00023
LED_flashes_three_times@i                                cstackBANK0  00021
_ANSELA                                                  (abs)        01F38
_ANSELAbits                                              (abs)        01F38
_ANSELC                                                  (abs)        01F4E
_BAUD1CON                                                (abs)        0011F
_Disable_Global_Interrupt                                text51       00800
_EUSART1_Write                                           text26       0140A
_EUSART1_Write_1                                         text25       01494
_Enable_Global_Interrupt                                 text50       00002
_GIE                                                     (abs)        0005F
_INLVLA                                                  (abs)        01F3C
_INLVLC                                                  (abs)        01F52
_INTCONbits                                              (abs)        0000B
_INTERRUPT_InterruptManager                              intentry     00004
_LATA                                                    (abs)        00018
_LATC                                                    (abs)        0001A
_LATCbits                                                (abs)        0001A
_LED_flashes_three_times                                 text21       01579
_ODCONA                                                  (abs)        01F3A
_ODCONC                                                  (abs)        01F50
_OSCCON1                                                 (abs)        0088D
_OSCCON3                                                 (abs)        0088F
_OSCEN                                                   (abs)        00891
_OSCFRQ                                                  (abs)        00893
_OSCILLATOR_Initialize                                   text49       01394
_OSCTUNE                                                 (abs)        00892
_PIE0bits                                                (abs)        00716
_PIE3bits                                                (abs)        00719
_PIN_MANAGER_Initialize                                  text48       0154F
_PIR0bits                                                (abs)        0070C
_PIR3bits                                                (abs)        0070F
_PMD0                                                    (abs)        00796
_PMD1                                                    (abs)        00797
_PMD2                                                    (abs)        00798
_PMD3                                                    (abs)        00799
_PMD4                                                    (abs)        0079A
_PMD5                                                    (abs)        0079B
_PMD6                                                    (abs)        0079C
_PMD7                                                    (abs)        0079D
_PMD_Initialize                                          text47       013C1
_PORTAbits                                               (abs)        0000C
_RA5PPS                                                  (abs)        01F15
_RC0PPS                                                  (abs)        01F20
_RC1PPS                                                  (abs)        01F21
_RC1REG                                                  (abs)        00119
_RC1STA                                                  (abs)        0011D
_RC3PPS                                                  (abs)        01F23
_RC5PPS                                                  (abs)        01F25
_RX1DTPPS                                                (abs)        01ECB
_SLRCONA                                                 (abs)        01F3B
_SLRCONC                                                 (abs)        01F51
_SP1BRGH                                                 (abs)        0011C
_SP1BRGL                                                 (abs)        0011B
_SSP1ADD                                                 (abs)        0018D
_SSP1BUF                                                 (abs)        0018C
_SSP1CLKPPS                                              (abs)        01EC5
_SSP1CON1                                                (abs)        00190
_SSP1CON1bits                                            (abs)        00190
_SSP1CON2                                                (abs)        00191
_SSP1CON2bits                                            (abs)        00191
_SSP1DATPPS                                              (abs)        01EC6
_SSP1MSK                                                 (abs)        0018E
_SSP1STAT                                                (abs)        0018F
_SSP1STATbits                                            (abs)        0018F
_SYSTEM_Initialize                                       text46       013CB
_T0CON0                                                  (abs)        0059E
_T0CON1                                                  (abs)        0059F
_TMR0H                                                   (abs)        0059D
_TMR0L                                                   (abs)        0059C
_TRISA                                                   (abs)        00012
_TRISAbits                                               (abs)        00012
_TRISC                                                   (abs)        00014
_TX1REG                                                  (abs)        0011A
_TX1STA                                                  (abs)        0011E
_WPUA                                                    (abs)        01F39
_WPUC                                                    (abs)        01F4F
__Habs1                                                  abs1         00000
__Hbank0                                                 bank0        00000
__Hbank1                                                 bank1        00000
__Hbank10                                                bank10       00000
__Hbank11                                                bank11       00000
__Hbank12                                                bank12       00000
__Hbank13                                                bank13       00000
__Hbank14                                                bank14       00000
__Hbank15                                                bank15       00000
__Hbank16                                                bank16       00000
__Hbank17                                                bank17       00000
__Hbank18                                                bank18       00000
__Hbank19                                                bank19       00000
__Hbank2                                                 bank2        00000
__Hbank20                                                bank20       00000
__Hbank21                                                bank21       00000
__Hbank22                                                bank22       00000
__Hbank23                                                bank23       00000
__Hbank24                                                bank24       00000
__Hbank25                                                bank25       00000
__Hbank26                                                bank26       00000
__Hbank27                                                bank27       00000
__Hbank28                                                bank28       00000
__Hbank29                                                bank29       00000
__Hbank3                                                 bank3        00000
__Hbank30                                                bank30       00000
__Hbank31                                                bank31       00000
__Hbank32                                                bank32       00000
__Hbank33                                                bank33       00000
__Hbank34                                                bank34       00000
__Hbank35                                                bank35       00000
__Hbank36                                                bank36       00000
__Hbank37                                                bank37       00000
__Hbank38                                                bank38       00000
__Hbank39                                                bank39       00000
__Hbank4                                                 bank4        00000
__Hbank40                                                bank40       00000
__Hbank41                                                bank41       00000
__Hbank42                                                bank42       00000
__Hbank43                                                bank43       00000
__Hbank44                                                bank44       00000
__Hbank45                                                bank45       00000
__Hbank46                                                bank46       00000
__Hbank47                                                bank47       00000
__Hbank48                                                bank48       00000
__Hbank49                                                bank49       00000
__Hbank5                                                 bank5        00000
__Hbank50                                                bank50       00000
__Hbank51                                                bank51       00000
__Hbank52                                                bank52       00000
__Hbank53                                                bank53       00000
__Hbank54                                                bank54       00000
__Hbank55                                                bank55       00000
__Hbank56                                                bank56       00000
__Hbank57                                                bank57       00000
__Hbank58                                                bank58       00000
__Hbank59                                                bank59       00000
__Hbank6                                                 bank6        00000
__Hbank60                                                bank60       00000
__Hbank61                                                bank61       00000
__Hbank62                                                bank62       00000
__Hbank63                                                bank63       00000
__Hbank7                                                 bank7        00000
__Hbank8                                                 bank8        00000
__Hbank9                                                 bank9        00000
__Hbigram                                                bigram       00000
__HbssBANK1                                              bssBANK1     00000
__HbssBANK2                                              bssBANK2     00000
__HbssBANK3                                              bssBANK3     00000
__HbssBANK4                                              bssBANK4     00000
__HbssCOMMON                                             bssCOMMON    00000
__Hcinit                                                 cinit        0009F
__Hclrtext                                               clrtext      00000
__Hcode                                                  code         00000
__Hcommon                                                common       00000
__Hconfig                                                config       0800C
__HcstackBANK0                                           cstackBANK0  00000
__HcstackBANK1                                           cstackBANK1  00000
__HcstackBANK2                                           cstackBANK2  00000
__HcstackCOMMON                                          cstackCOMMON 00000
__HdataBANK3                                             dataBANK3    00000
__Heeprom_data                                           eeprom_data  00000
__Hend_init                                              end_init     00069
__Hfunctab                                               functab      00000
__Hheap                                                  heap         00000
__HidataBANK3                                            idataBANK3   00000
__Hidloc                                                 idloc        08004
__Hinit                                                  init         00067
__Hinittext                                              inittext     00000
__Hintentry                                              intentry     00067
__Hmaintext                                              maintext     00000
__Hpowerup                                               powerup      00000
__Hram                                                   ram          00000
__Hreset_vec                                             reset_vec    00002
__Hsfr0                                                  sfr0         00000
__Hsfr1                                                  sfr1         00000
__Hsfr10                                                 sfr10        00000
__Hsfr11                                                 sfr11        00000
__Hsfr12                                                 sfr12        00000
__Hsfr13                                                 sfr13        00000
__Hsfr14                                                 sfr14        00000
__Hsfr15                                                 sfr15        00000
__Hsfr16                                                 sfr16        00000
__Hsfr17                                                 sfr17        00000
__Hsfr18                                                 sfr18        00000
__Hsfr19                                                 sfr19        00000
__Hsfr2                                                  sfr2         00000
__Hsfr20                                                 sfr20        00000
__Hsfr21                                                 sfr21        00000
__Hsfr22                                                 sfr22        00000
__Hsfr23                                                 sfr23        00000
__Hsfr24                                                 sfr24        00000
__Hsfr25                                                 sfr25        00000
__Hsfr26                                                 sfr26        00000
__Hsfr27                                                 sfr27        00000
__Hsfr28                                                 sfr28        00000
__Hsfr29                                                 sfr29        00000
__Hsfr3                                                  sfr3         00000
__Hsfr30                                                 sfr30        00000
__Hsfr31                                                 sfr31        00000
__Hsfr32                                                 sfr32        00000
__Hsfr33                                                 sfr33        00000
__Hsfr34                                                 sfr34        00000
__Hsfr35                                                 sfr35        00000
__Hsfr36                                                 sfr36        00000
__Hsfr37                                                 sfr37        00000
__Hsfr38                                                 sfr38        00000
__Hsfr39                                                 sfr39        00000
__Hsfr4                                                  sfr4         00000
__Hsfr40                                                 sfr40        00000
__Hsfr41                                                 sfr41        00000
__Hsfr42                                                 sfr42        00000
__Hsfr43                                                 sfr43        00000
__Hsfr44                                                 sfr44        00000
__Hsfr45                                                 sfr45        00000
__Hsfr46                                                 sfr46        00000
__Hsfr47                                                 sfr47        00000
__Hsfr48                                                 sfr48        00000
__Hsfr49                                                 sfr49        00000
__Hsfr5                                                  sfr5         00000
__Hsfr50                                                 sfr50        00000
__Hsfr51                                                 sfr51        00000
__Hsfr52                                                 sfr52        00000
__Hsfr53                                                 sfr53        00000
__Hsfr54                                                 sfr54        00000
__Hsfr55                                                 sfr55        00000
__Hsfr56                                                 sfr56        00000
__Hsfr57                                                 sfr57        00000
__Hsfr58                                                 sfr58        00000
__Hsfr59                                                 sfr59        00000
__Hsfr6                                                  sfr6         00000
__Hsfr60                                                 sfr60        00000
__Hsfr61                                                 sfr61        00000
__Hsfr62                                                 sfr62        00000
__Hsfr63                                                 sfr63        00000
__Hsfr7                                                  sfr7         00000
__Hsfr8                                                  sfr8         00000
__Hsfr9                                                  sfr9         00000
__Hspace_0                                               (abs)        019A9
__Hspace_1                                               (abs)        00260
__Hspace_2                                               (abs)        00000
__Hspace_3                                               (abs)        00000
__Hspace_4                                               (abs)        10013
__Hstack                                                 stack        00000
__Hstrings                                               strings      00000
__Hstringtext1                                           stringtext1  00000
__Hstringtext10                                          stringtext10 00000
__Hstringtext11                                          stringtext11 00000
__Hstringtext12                                          stringtext12 00000
__Hstringtext13                                          stringtext13 00000
__Hstringtext14                                          stringtext14 00000
__Hstringtext15                                          stringtext15 00000
__Hstringtext16                                          stringtext16 00000
__Hstringtext17                                          stringtext17 00000
__Hstringtext18                                          stringtext18 00000
__Hstringtext19                                          stringtext19 00000
__Hstringtext2                                           stringtext2  00000
__Hstringtext20                                          stringtext20 00000
__Hstringtext21                                          stringtext21 00000
__Hstringtext22                                          stringtext22 00000
__Hstringtext23                                          stringtext23 00000
__Hstringtext24                                          stringtext24 00000
__Hstringtext25                                          stringtext25 00000
__Hstringtext26                                          stringtext26 00000
__Hstringtext3                                           stringtext3  00000
__Hstringtext4                                           stringtext4  00000
__Hstringtext5                                           stringtext5  00000
__Hstringtext6                                           stringtext6  00000
__Hstringtext7                                           stringtext7  00000
__Hstringtext8                                           stringtext8  00000
__Hstringtext9                                           stringtext9  00000
__Htext                                                  text         00000
__Labs1                                                  abs1         00000
__Lbank0                                                 bank0        00000
__Lbank1                                                 bank1        00000
__Lbank10                                                bank10       00000
__Lbank11                                                bank11       00000
__Lbank12                                                bank12       00000
__Lbank13                                                bank13       00000
__Lbank14                                                bank14       00000
__Lbank15                                                bank15       00000
__Lbank16                                                bank16       00000
__Lbank17                                                bank17       00000
__Lbank18                                                bank18       00000
__Lbank19                                                bank19       00000
__Lbank2                                                 bank2        00000
__Lbank20                                                bank20       00000
__Lbank21                                                bank21       00000
__Lbank22                                                bank22       00000
__Lbank23                                                bank23       00000
__Lbank24                                                bank24       00000
__Lbank25                                                bank25       00000
__Lbank26                                                bank26       00000
__Lbank27                                                bank27       00000
__Lbank28                                                bank28       00000
__Lbank29                                                bank29       00000
__Lbank3                                                 bank3        00000
__Lbank30                                                bank30       00000
__Lbank31                                                bank31       00000
__Lbank32                                                bank32       00000
__Lbank33                                                bank33       00000
__Lbank34                                                bank34       00000
__Lbank35                                                bank35       00000
__Lbank36                                                bank36       00000
__Lbank37                                                bank37       00000
__Lbank38                                                bank38       00000
__Lbank39                                                bank39       00000
__Lbank4                                                 bank4        00000
__Lbank40                                                bank40       00000
__Lbank41                                                bank41       00000
__Lbank42                                                bank42       00000
__Lbank43                                                bank43       00000
__Lbank44                                                bank44       00000
__Lbank45                                                bank45       00000
__Lbank46                                                bank46       00000
__Lbank47                                                bank47       00000
__Lbank48                                                bank48       00000
__Lbank49                                                bank49       00000
__Lbank5                                                 bank5        00000
__Lbank50                                                bank50       00000
__Lbank51                                                bank51       00000
__Lbank52                                                bank52       00000
__Lbank53                                                bank53       00000
__Lbank54                                                bank54       00000
__Lbank55                                                bank55       00000
__Lbank56                                                bank56       00000
__Lbank57                                                bank57       00000
__Lbank58                                                bank58       00000
__Lbank59                                                bank59       00000
__Lbank6                                                 bank6        00000
__Lbank60                                                bank60       00000
__Lbank61                                                bank61       00000
__Lbank62                                                bank62       00000
__Lbank63                                                bank63       00000
__Lbank7                                                 bank7        00000
__Lbank8                                                 bank8        00000
__Lbank9                                                 bank9        00000
__Lbigram                                                bigram       00000
__LbssBANK1                                              bssBANK1     00000
__LbssBANK2                                              bssBANK2     00000
__LbssBANK3                                              bssBANK3     00000
__LbssBANK4                                              bssBANK4     00000
__LbssCOMMON                                             bssCOMMON    00000
__Lcinit                                                 cinit        00069
__Lclrtext                                               clrtext      00000
__Lcode                                                  code         00000
__Lcommon                                                common       00000
__Lconfig                                                config       00000
__LcstackBANK0                                           cstackBANK0  00000
__LcstackBANK1                                           cstackBANK1  00000
__LcstackBANK2                                           cstackBANK2  00000
__LcstackCOMMON                                          cstackCOMMON 00000
__LdataBANK3                                             dataBANK3    00000
__Leeprom_data                                           eeprom_data  00000
__Lend_init                                              end_init     00067
__Lfunctab                                               functab      00000
__Lheap                                                  heap         00000
__LidataBANK3                                            idataBANK3   00000
__Lidloc                                                 idloc        00000
__Linit                                                  init         00067
__Linittext                                              inittext     00000
__Lintentry                                              intentry     00004
__Lmaintext                                              maintext     00000
__Lpowerup                                               powerup      00000
__Lram                                                   ram          00000
__Lreset_vec                                             reset_vec    00000
__Lsfr0                                                  sfr0         00000
__Lsfr1                                                  sfr1         00000
__Lsfr10                                                 sfr10        00000
__Lsfr11                                                 sfr11        00000
__Lsfr12                                                 sfr12        00000
__Lsfr13                                                 sfr13        00000
__Lsfr14                                                 sfr14        00000
__Lsfr15                                                 sfr15        00000
__Lsfr16                                                 sfr16        00000
__Lsfr17                                                 sfr17        00000
__Lsfr18                                                 sfr18        00000
__Lsfr19                                                 sfr19        00000
__Lsfr2                                                  sfr2         00000
__Lsfr20                                                 sfr20        00000
__Lsfr21                                                 sfr21        00000
__Lsfr22                                                 sfr22        00000
__Lsfr23                                                 sfr23        00000
__Lsfr24                                                 sfr24        00000
__Lsfr25                                                 sfr25        00000
__Lsfr26                                                 sfr26        00000
__Lsfr27                                                 sfr27        00000
__Lsfr28                                                 sfr28        00000
__Lsfr29                                                 sfr29        00000
__Lsfr3                                                  sfr3         00000
__Lsfr30                                                 sfr30        00000
__Lsfr31                                                 sfr31        00000
__Lsfr32                                                 sfr32        00000
__Lsfr33                                                 sfr33        00000
__Lsfr34                                                 sfr34        00000
__Lsfr35                                                 sfr35        00000
__Lsfr36                                                 sfr36        00000
__Lsfr37                                                 sfr37        00000
__Lsfr38                                                 sfr38        00000
__Lsfr39                                                 sfr39        00000
__Lsfr4                                                  sfr4         00000
__Lsfr40                                                 sfr40        00000
__Lsfr41                                                 sfr41        00000
__Lsfr42                                                 sfr42        00000
__Lsfr43                                                 sfr43        00000
__Lsfr44                                                 sfr44        00000
__Lsfr45                                                 sfr45        00000
__Lsfr46                                                 sfr46        00000
__Lsfr47                                                 sfr47        00000
__Lsfr48                                                 sfr48        00000
__Lsfr49                                                 sfr49        00000
__Lsfr5                                                  sfr5         00000
__Lsfr50                                                 sfr50        00000
__Lsfr51                                                 sfr51        00000
__Lsfr52                                                 sfr52        00000
__Lsfr53                                                 sfr53        00000
__Lsfr54                                                 sfr54        00000
__Lsfr55                                                 sfr55        00000
__Lsfr56                                                 sfr56        00000
__Lsfr57                                                 sfr57        00000
__Lsfr58                                                 sfr58        00000
__Lsfr59                                                 sfr59        00000
__Lsfr6                                                  sfr6         00000
__Lsfr60                                                 sfr60        00000
__Lsfr61                                                 sfr61        00000
__Lsfr62                                                 sfr62        00000
__Lsfr63                                                 sfr63        00000
__Lsfr7                                                  sfr7         00000
__Lsfr8                                                  sfr8         00000
__Lsfr9                                                  sfr9         00000
__Lspace_0                                               (abs)        00000
__Lspace_1                                               (abs)        00000
__Lspace_2                                               (abs)        00000
__Lspace_3                                               (abs)        00000
__Lspace_4                                               (abs)        00000
__Lstack                                                 stack        00000
__Lstrings                                               strings      00000
__Lstringtext1                                           stringtext1  00000
__Lstringtext10                                          stringtext10 00000
__Lstringtext11                                          stringtext11 00000
__Lstringtext12                                          stringtext12 00000
__Lstringtext13                                          stringtext13 00000
__Lstringtext14                                          stringtext14 00000
__Lstringtext15                                          stringtext15 00000
__Lstringtext16                                          stringtext16 00000
__Lstringtext17                                          stringtext17 00000
__Lstringtext18                                          stringtext18 00000
__Lstringtext19                                          stringtext19 00000
__Lstringtext2                                           stringtext2  00000
__Lstringtext20                                          stringtext20 00000
__Lstringtext21                                          stringtext21 00000
__Lstringtext22                                          stringtext22 00000
__Lstringtext23                                          stringtext23 00000
__Lstringtext24                                          stringtext24 00000
__Lstringtext25                                          stringtext25 00000
__Lstringtext26                                          stringtext26 00000
__Lstringtext3                                           stringtext3  00000
__Lstringtext4                                           stringtext4  00000
__Lstringtext5                                           stringtext5  00000
__Lstringtext6                                           stringtext6  00000
__Lstringtext7                                           stringtext7  00000
__Lstringtext8                                           stringtext8  00000
__Lstringtext9                                           stringtext9  00000
__Ltext                                                  text         00000
__S0                                                     (abs)        019A9
__S1                                                     (abs)        00260
__S3                                                     (abs)        00000
__Umul8_16                                               text45       0152B
__Umul8_16@multiplicand                                  cstackBANK0  00020
__Umul8_16@multiplier                                    cstackBANK0  00028
__Umul8_16@product                                       cstackBANK0  00024
__Umul8_16@word_mpld                                     cstackBANK0  00026
___flmul                                                 text44       00DC5
___flmul@a                                               cstackBANK0  0002D
___flmul@aexp                                            cstackBANK0  0003B
___flmul@b                                               cstackBANK0  00029
___flmul@bexp                                            cstackBANK0  0003C
___flmul@grs                                             cstackBANK0  00037
___flmul@prod                                            cstackBANK0  0003D
___flmul@sign                                            cstackBANK0  00036
___flmul@temp                                            cstackBANK0  00041
___fltol                                                 text43       008B6
___fltol@exp1                                            cstackBANK0  0004C
___fltol@f1                                              cstackBANK0  00043
___fltol@sign1                                           cstackBANK0  0004B
___heap_hi                                               (abs)        00000
___heap_lo                                               (abs)        00000
___int_sp                                                stack        00000
___is_double_click                                       text5        00BD9
___is_double_click@b                                     cstackBANK0  0002F
___is_double_click@condition1                            cstackBANK0  0002C
___is_double_click@condition2                            cstackBANK0  0002D
___is_double_click@condition3                            cstackBANK0  0002E
___is_double_click@now                                   cstackBANK0  00020
___is_long_press                                         text4        00998
___is_long_press@b                                       cstackBANK0  0002E
___is_long_press@condition1                              cstackBANK0  0002C
___is_long_press@condition2                              cstackBANK0  0002D
___is_long_press@now                                     cstackBANK0  00020
___is_single_click                                       text3        006D1
___is_single_click@b                                     cstackBANK0  00030
___is_single_click@condition1                            cstackBANK0  0002C
___is_single_click@condition2                            cstackBANK0  0002D
___is_single_click@condition3                            cstackBANK0  0002E
___is_single_click@condition4                            cstackBANK0  0002F
___is_single_click@now                                   cstackBANK0  00020
___latbits                                               (abs)        00002
___lldiv                                                 text39       01748
___lldiv@counter                                         cstackBANK0  0002D
___lldiv@dividend                                        cstackBANK0  00024
___lldiv@divisor                                         cstackBANK0  00020
___lldiv@quotient                                        cstackBANK0  00029
___llmod                                                 text38       01655
___llmod@counter                                         cstackBANK0  00037
___llmod@dividend                                        cstackBANK0  00032
___llmod@divisor                                         cstackBANK0  0002E
___lmul                                                  text13       015D6
___lmul@multiplicand                                     cstackBANK0  00024
___lmul@multiplier                                       cstackBANK0  00020
___lmul@product                                          cstackBANK0  00028
___sp                                                    stack        00000
___stackhi                                               (abs)        00000
___stacklo                                               (abs)        00000
___wmul                                                  text37       014CB
___wmul@multiplicand                                     cstackBANK0  00022
___wmul@multiplier                                       cstackBANK0  00020
___wmul@product                                          cstackBANK0  00024
__end_of_Disable_Global_Interrupt                        text51       00802
__end_of_EUSART1_Write                                   text26       01416
__end_of_EUSART1_Write_1                                 text25       014AE
__end_of_Enable_Global_Interrupt                         text50       00004
__end_of_INTERRUPT_InterruptManager                      intentry     00067
__end_of_LED_flashes_three_times                         text21       015A5
__end_of_OSCILLATOR_Initialize                           text49       0139D
__end_of_PIN_MANAGER_Initialize                          text48       01579
__end_of_PMD_Initialize                                  text47       013CB
__end_of_SYSTEM_Initialize                               text46       013D5
__end_of__Umul8_16                                       text45       0154F
__end_of___flmul                                         text44       01000
[...]
__ptext32                                                text32       01446
__ptext33                                                text33       017A3
__ptext34                                                text34       0042C
__ptext35                                                text35       013FE
__ptext36                                                text36       01433
__ptext37                                                text37       014CB
__ptext38                                                text38       01655
__ptext39                                                text39       01748
__ptext4                                                 text4        00998
__ptext40                                                text40       0160A
__ptext41                                                text41       013D5
__ptext42                                                text42       016F3
__ptext43                                                text43       008B6
__ptext44                                                text44       00DC5
__ptext45                                                text45       0152B
__ptext46                                                text46       013CB
__ptext47                                                text47       013C1
__ptext48                                                text48       0154F
__ptext49                                                text49       01394
__ptext5                                                 text5        00BD9
__ptext50                                                text50       00002
__ptext51                                                text51       00800
__ptext53                                                text53       0138B
__ptext54                                                text54       016A0
__ptext6                                                 text6        01416
__ptext7                                                 text7        00808
__ptext8                                                 text8        00CBB
__ptext9                                                 text9        01480
_calculate_diff                                          text42       016F3
_currentRegister                                         bssCOMMON    0007C
_currentState                                            bssBANK1     000ED
_delay_state                                             text40       0160A
_dispatch                                                text33       017A3
_dpowers                                                 stringtext1  01846
_dump_buffer                                             text31       00A40
_dump_buffer$863                                         cstackBANK0  0005E
_dump_memory_map                                         text30       013DF
_enable_tx_transmit                                      text24       0137B
_enable_uart_printf                                      text23       01380
_get_ticks                                               text41       013D5
_get_ticks_with_lock                                     text29       0146C
_hexpowers                                               stringtext2  01800
_i2c_slave_init                                          text28       014EB
_i2c_slave_interrupt                                     text54       016A0
_i2c_slave_set_register                                  text15       013E9
_i2c_slave_set_register_with_lock                        text14       013F3
_init_button                                             text27       00927
_is_long_press                                           text20       0139D
_is_single_click                                         text19       013A6
_isalpha                                                 text11       014AE
_isalpha$1753                                            cstackBANK0  00022
_isdigit                                                 text36       01433
_isdigit$1719                                            cstackBANK0  00020
_isprint                                                 text32       01446
_isprint$1722                                            cstackBANK0  00020
_isspace                                                 text10       007E7
_isspace$1756                                            cstackBANK0  00020
_isupper                                                 text12       01459
_isupper$1759                                            cstackBANK0  00020
_main                                                    maintext     0009F
_measurement                                             text22       015A5
_monitoring_sync                                         text16       00846
_printf                                                  text34       0042C
_printf$1436                                             cstackBANK0  00046
_putch                                                   text35       013FE
_reset_long_press_flag                                   text18       013AF
_reset_single_click_flag                                 text17       013B8
_rxbuffer                                                bssBANK3     001A0
_rxbuffer_index                                          bssCOMMON    0007D
_set_device_serial_number_to_i2c_slave_memorymap         text7        00808
_slaveData                                               bssBANK4     00220
_strtol                                                  text8        00CBB
_ticks                                                   bssCOMMON    00078
_tmr0_init                                               text6        01416
_toupper                                                 text9        01480
_uart_rx_package_event                                   bssBANK2     00163
_uart_rx_states                                          bssBANK1     000EE
_uart_rx_ticks                                           bssBANK1     000E9
_update_mybutton                                         text2        00B07
_usart_init                                              text1        01423
btemp                                                    (abs)        0007E
calculate_diff@diff                                      cstackBANK0  00034
calculate_diff@now                                       cstackBANK0  00024
calculate_diff@prev_ticks                                cstackBANK0  00028
clear_ram0                                               clrtext      01385
delay_state@prev_ticks_delay                             bssBANK2     00157
delay_state@state                                        cstackBANK0  00038
dispatch@b1                                              cstackBANK0  00058
dispatch@b1_clicked_count                                cstackBANK0  0005F
dispatch@b1_clicked_count_ptr                            cstackBANK0  0005A
dispatch@b2                                              cstackBANK0  00059
dispatch@b2_clicked_count                                cstackBANK0  00060
dispatch@b2_clicked_count_ptr                            cstackBANK0  0005B
dispatch@state                                           cstackBANK0  0005E
dump_buffer@buffer                                       cstackBANK0  00060
dump_buffer@i                                            cstackBANK0  00062
dump_buffer@j                                            cstackBANK0  00064
dump_buffer@p                                            cstackBANK0  00061
dump_buffer@size                                         cstackBANK0  00058
end_of_initialization                                    cinit        0009B
get_ticks_with_lock@result                               cstackBANK0  00024
i1_get_ticks                                             text53       0138B
i2c_slave_init@i                                         cstackBANK0  00021
i2c_slave_interrupt@isNack                               cstackCOMMON 00072
i2c_slave_interrupt@isRead                               cstackCOMMON 00071
i2c_slave_interrupt@value                                cstackCOMMON 00073
i2c_slave_set_register@registerAddress                   cstackBANK0  00021
i2c_slave_set_register@value                             cstackBANK0  00020
i2c_slave_set_register_with_lock@registerAddress         cstackBANK0  00023
i2c_slave_set_register_with_lock@value                   cstackBANK0  00022
init_button@b                                            cstackBANK0  00020
init_ram                                                 inittext     00802
int$flags                                                (abs)        0007E
intlevel0                                                functab      00000
intlevel1                                                functab      00000
intlevel2                                                functab      00000
intlevel3                                                functab      00000
intlevel4                                                functab      00000
intlevel5                                                functab      00000
is_long_press@b                                          cstackBANK0  00020
is_single_click@b                                        cstackBANK0  00020
isalpha@c                                                cstackBANK0  00023
isdigit@c                                                cstackBANK0  00021
isprint@c                                                cstackBANK0  00021
isspace@c                                                cstackBANK0  00021
isupper@c                                                cstackBANK0  00021
main@b1                                                  cstackBANK2  0013C
main@b1_clicked_count                                    cstackBANK1  000E8
main@b2                                                  cstackBANK2  00121
main@b2_clicked_count                                    cstackBANK1  000E7
main@now                                                 cstackBANK1  000E3
main@payload                                             cstackBANK1  000CD
main@payload_temp                                        cstackBANK1  000D1
main@ph                                                  cstackBANK1  000D7
main@ph2                                                 cstackBANK1  000E1
main@ph_adc_value                                        cstackBANK0  0006E
main@ph_temp                                             cstackBANK0  0006A
main@prev_ticks2                                         bssBANK2     0015B
main@prev_ticks_btn                                      bssBANK2     0015F
main@sensor_value                                        cstackBANK0  00066
main@state                                               cstackBANK2  00120
main@temp                                                cstackBANK1  000DB
main@temp2                                               cstackBANK1  000DF
main@temp_adc_value                                      cstackBANK1  000D5
main@temp_temp                                           cstackBANK0  0006C
measurement@F10462                                       dataBANK3    001C0
measurement@state                                        cstackBANK1  000C0
measurement@txbuf                                        cstackBANK1  000A0
measurement@value                                        cstackBANK0  00058
monitoring_sync@b1                                       cstackBANK0  00058
monitoring_sync@b1_clicked_count                         cstackBANK0  0005A
monitoring_sync@b2                                       cstackBANK0  00059
monitoring_sync@b2_clicked_count                         cstackBANK0  0005B
monitoring_sync@state                                    cstackBANK0  0005C
printf@ap                                                cstackBANK0  00053
printf@c                                                 cstackBANK0  00057
printf@cp                                                cstackBANK0  0004B
printf@f                                                 cstackBANK0  00038
printf@flag                                              cstackBANK0  00054
printf@idx                                               cstackBANK0  00048
printf@len                                               cstackBANK0  00051
printf@prec                                              cstackBANK0  00049
printf@val                                               cstackBANK0  0004D
printf@width                                             cstackBANK0  00055
putch@data                                               cstackBANK0  00020
reset_long_press_flag@b                                  cstackBANK0  00020
reset_single_click_flag@b                                cstackBANK0  00020
reset_vec                                                reset_vec    00000
set_device_serial_number_to_i2c_slave_memorymap@buffer   cstackBANK0  0003E
set_device_serial_number_to_i2c_slave_memorymap@i        cstackBANK0  00041
set_device_serial_number_to_i2c_slave_memorymap@value    cstackBANK0  0003D
start                                                    init         00067
start_initialization                                     cinit        00069
strtol@a                                                 cstackBANK0  00035
strtol@base                                              cstackBANK0  0002D
strtol@c                                                 cstackBANK0  0003A
strtol@endptr                                            cstackBANK0  0002C
strtol@s                                                 cstackBANK0  00039
strtol@sign                                              cstackBANK0  00034
toupper@c                                                cstackBANK0  00021
update_mybutton@b                                        cstackBANK0  0003A
update_mybutton@now                                      cstackBANK0  00032
update_mybutton@signal                                   cstackBANK0  00031
wtemp0                                                   (abs)        0007E


MODULE INFORMATION

Module		Function		Class		Link	Load	Size
/Applications/microchip/xc8/v2.40/pic/sources/c90/common/sprcmul.c
		___flmul       		CODE           	0DC5	0000	571

/Applications/microchip/xc8/v2.40/pic/sources/c90/common/sprcmul.c estimated size: 571

/Applications/microchip/xc8/v2.40/pic/sources/c90/common/__lldiv.c
		___lldiv       		CODE           	1748	0000	91

/Applications/microchip/xc8/v2.40/pic/sources/c90/common/__lldiv.c estimated size: 91

/Applications/microchip/xc8/v2.40/pic/sources/c90/common/isprint.c
		_isprint       		CODE           	1446	0000	19

/Applications/microchip/xc8/v2.40/pic/sources/c90/common/isprint.c estimated size: 19

/Applications/microchip/xc8/v2.40/pic/sources/c90/common/isalpha.c
		_isalpha       		CODE           	14AE	0000	29

/Applications/microchip/xc8/v2.40/pic/sources/c90/common/isalpha.c estimated size: 29

monitor_sync.c
		_monitoring_sync		CODE           	0846	0000	112
		_dispatch      		CODE           	17A3	0000	93
		_delay_state   		CODE           	160A	0000	75

monitor_sync.c estimated size: 280

myisr.c
		_Enable_Global_Interrupt		CODE           	0002	0000	2
		_Disable_Global_Interrupt		CODE           	0800	0000	2
		_calculate_diff		CODE           	16F3	0000	85
		_get_ticks     		CODE           	13D5	0000	10
		_get_ticks_with_lock		CODE           	146C	0000	20

myisr.c estimated size: 119

uart.c
		_putch         		CODE           	13FE	0000	12
		_enable_uart_printf		CODE           	1380	0000	5
		_enable_tx_transmit		CODE           	137B	0000	5
		_INTERRUPT_InterruptManager		CODE           	0004	0000	99
		_EUSART1_Write 		CODE           	140A	0000	12
		_usart_init    		CODE           	1423	0000	16
		_EUSART1_Write_1		CODE           	1494	0000	26

uart.c estimated size: 175

mcc_generated_files/pin_manager.c
		_PIN_MANAGER_Initialize		CODE           	154F	0000	42

mcc_generated_files/pin_manager.c estimated size: 42

/Applications/microchip/xc8/v2.40/pic/sources/c90/common/strtol.c
		_strtol        		CODE           	0CBB	0000	266

/Applications/microchip/xc8/v2.40/pic/sources/c90/common/strtol.c estimated size: 266

/Applications/microchip/xc8/v2.40/pic/sources/c90/common/isdigit.c
		_isdigit       		CODE           	1433	0000	19

/Applications/microchip/xc8/v2.40/pic/sources/c90/common/isdigit.c estimated size: 19

/Applications/microchip/xc8/v2.40/pic/sources/c90/common/doprnt.c
		_printf        		CODE           	042C	0000	677

/Applications/microchip/xc8/v2.40/pic/sources/c90/common/doprnt.c estimated size: 677

/Applications/microchip/xc8/v2.40/pic/sources/c90/common/Umul16.c
		___wmul        		CODE           	14CB	0000	32

/Applications/microchip/xc8/v2.40/pic/sources/c90/common/Umul16.c estimated size: 32

/Applications/microchip/xc8/v2.40/pic/sources/c90/common/llmod.c
		___llmod       		CODE           	1655	0000	75

/Applications/microchip/xc8/v2.40/pic/sources/c90/common/llmod.c estimated size: 75

tmr0.c
		_tmr0_init     		CODE           	1416	0000	13

tmr0.c estimated size: 13

measurement.c
		_measurement   		CODE           	15A5	0000	49

measurement.c estimated size: 49

shared
		_dpowers       		STRCODE        	1846	0000	40
		i1_get_ticks   		CODE           	138B	0000	9
		__initialization		CODE           	0069	0000	50
		_hexpowers     		STRCODE        	1800	0000	32

shared estimated size: 131

my_helpers.c
		_dump_buffer   		CODE           	0A40	0000	199

my_helpers.c estimated size: 199

mcc_generated_files/mcc.c
		_PMD_Initialize		CODE           	13C1	0000	10
		_OSCILLATOR_Initialize		CODE           	1394	0000	9
		_SYSTEM_Initialize		CODE           	13CB	0000	10

mcc_generated_files/mcc.c estimated size: 29

/Applications/microchip/xc8/v2.40/pic/sources/c90/common/Umul8_16.c
		__Umul8_16     		CODE           	152B	0000	36

/Applications/microchip/xc8/v2.40/pic/sources/c90/common/Umul8_16.c estimated size: 36

i2c_slave.c
		_i2c_slave_interrupt		CODE           	16A0	0000	83
		_i2c_slave_set_register		CODE           	13E9	0000	10
		_i2c_slave_init		CODE           	14EB	0000	32
		_i2c_slave_set_register_with_lock		CODE           	13F3	0000	11
		_dump_memory_map		CODE           	13DF	0000	10

i2c_slave.c estimated size: 146

/Applications/microchip/xc8/v2.40/pic/sources/c90/common/Umul32.c
		___lmul        		CODE           	15D6	0000	52

/Applications/microchip/xc8/v2.40/pic/sources/c90/common/Umul32.c estimated size: 52

/Applications/microchip/xc8/v2.40/pic/sources/c90/common/isupper.c
		_isupper       		CODE           	1459	0000	19

/Applications/microchip/xc8/v2.40/pic/sources/c90/common/isupper.c estimated size: 19

/Applications/microchip/xc8/v2.40/pic/sources/c90/common/toupper.c
		_toupper       		CODE           	1480	0000	20

/Applications/microchip/xc8/v2.40/pic/sources/c90/common/toupper.c estimated size: 20

/Applications/microchip/xc8/v2.40/pic/sources/c90/common/fltol.c
		___fltol       		CODE           	08B6	0000	113

/Applications/microchip/xc8/v2.40/pic/sources/c90/common/fltol.c estimated size: 113

set_device_i2c_sn.c
		_set_device_serial_number_to_i2c_slave_memorymap		CODE           	0808	0000	62

set_device_i2c_sn.c estimated size: 62

mybutton.c
		_update_mybutton		CODE           	0B07	0000	210
		_reset_long_press_flag		CODE           	13AF	0000	9
		_init_button   		CODE           	0927	0000	113
		___is_double_click		CODE           	0BD9	0000	226
		___is_single_click		CODE           	06D1	0000	278
		_is_single_click		CODE           	13A6	0000	9
		_is_long_press 		CODE           	139D	0000	9
		_reset_single_click_flag		CODE           	13B8	0000	9
		___is_long_press		CODE           	0998	0000	168

mybutton.c estimated size: 1031

/Applications/microchip/xc8/v2.40/pic/sources/c90/common/isspace.c
		_isspace       		CODE           	07E7	0000	25

/Applications/microchip/xc8/v2.40/pic/sources/c90/common/isspace.c estimated size: 25

main.c
		_main          		CODE           	009F	0000	909

main.c estimated size: 909

led.c
		_LED_flashes_three_times		CODE           	1579	0000	44

led.c estimated size: 44

