Microchip MPLAB XC8 Compiler V2.40

Linker command line:

-W-3 --edf=/Applications/microchip/xc8/v2.40/pic/dat/20220703182018_en.msgs \
  -cn -h+dist/default/production/ph-probe.X.production.sym \
  --cmf=dist/default/production/ph-probe.X.production.cmf -z -Q16F18425 \
  -o/tmp/xcQkfu4Ya --defsym=__MPLAB_BUILD=1 --fixupoverflow=error \
  -Mdist/default/production/ph-probe.X.production.map \
  --md=/tmp/xcPZxX3I5.dat -E1 -ver=XC8 Compiler --acfsm=1493 \
  -ACODE=00h-07FFhx4 -ASTRCODE=00h-01FFFh -ASTRING=00h-0FFhx32 \
  -ACONST=00h-0FFhx32 -AENTRY=00h-0FFhx32 -ACOMMON=070h-07Fh \
  -ABANK0=020h-06Fh -ABANK1=0A0h-0EFh -ABANK2=0120h-016Fh \
  -ABANK3=01A0h-01EFh -ABANK4=0220h-026Fh -ABANK5=02A0h-02EFh \
  -ABANK6=0320h-036Fh -ABANK7=03A0h-03EFh -ABANK8=0420h-046Fh \
  -ABANK9=04A0h-04EFh -ABANK10=0520h-056Fh -ABANK11=05A0h-05EFh \
  -ABANK12=0620h-064Fh -ABIGRAM=02000h-023EFh \
  -ARAM=020h-06Fh,0A0h-0EFh,0120h-016Fh,01A0h-01EFh,0220h-026Fh,02A0h-02EFh,0320h-036Fh,03A0h-03EFh,0420h-046Fh,04A0h-04EFh,0520h-056Fh,05A0h-05EFh,0620h-064Fh \
  -AABS1=020h-07Fh,0A0h-0EFh,0120h-016Fh,01A0h-01EFh,0220h-026Fh,02A0h-02EFh,0320h-036Fh,03A0h-03EFh,0420h-046Fh,04A0h-04EFh,0520h-056Fh,05A0h-05EFh,0620h-064Fh \
  -ASFR0=00h-01Fh -ASFR1=080h-09Fh -ASFR2=0100h-011Fh -ASFR3=0180h-019Fh \
  -ASFR4=0200h-021Fh -ASFR5=0280h-029Fh -ASFR6=0300h-031Fh \
  -ASFR7=0380h-039Fh -ASFR8=0400h-041Fh -ASFR9=0480h-049Fh \
  -ASFR10=0500h-051Fh -ASFR11=0580h-059Fh -ASFR12=0600h-061Fh \
  -ASFR13=0680h-06EFh -ASFR14=0700h-076Fh -ASFR15=0780h-07EFh \
  -ASFR16=0800h-086Fh -ASFR17=0880h-08EFh -ASFR18=0900h-096Fh \
  -ASFR19=0980h-09EFh -ASFR20=0A00h-0A6Fh -ASFR21=0A80h-0AEFh \
  -ASFR22=0B00h-0B6Fh -ASFR23=0B80h-0BEFh -ASFR24=0C00h-0C6Fh \
  -ASFR25=0C80h-0CEFh -ASFR26=0D00h-0D6Fh -ASFR27=0D80h-0DEFh \
  -ASFR28=0E00h-0E6Fh -ASFR29=0E80h-0EEFh -ASFR30=0F00h-0F6Fh \
  -ASFR31=0F80h-0FEFh -ASFR32=01000h-0106Fh -ASFR33=01080h-010EFh \
  -ASFR34=01100h-0116Fh -ASFR35=01180h-011EFh -ASFR36=01200h-0126Fh \
  -ASFR37=01280h-012EFh -ASFR38=01300h-0136Fh -ASFR39=01380h-013EFh \
  -ASFR40=01400h-0146Fh -ASFR41=01480h-014EFh -ASFR42=01500h-0156Fh \
  -ASFR43=01580h-015EFh -ASFR44=01600h-0166Fh -ASFR45=01680h-016EFh \
  -ASFR46=01700h-0176Fh -ASFR47=01780h-017EFh -ASFR48=01800h-0186Fh \
  -ASFR49=01880h-018EFh -ASFR50=01900h-0196Fh -ASFR51=01980h-019EFh \
  -ASFR52=01A00h-01A6Fh -ASFR53=01A80h-01AEFh -ASFR54=01B00h-01B6Fh \
  -ASFR55=01B80h-01BEFh -ASFR56=01C00h-01C6Fh -ASFR57=01C80h-01CEFh \
  -ASFR58=01D00h-01D6Fh -ASFR59=01D80h-01DEFh -ASFR60=01E00h-01E6Fh \
  -ASFR61=01E80h-01EEFh -ASFR62=01F00h-01F6Fh -ASFR63=01F80h-01FEFh \
  -ACONFIG=08007h-0800Bh -DCONFIG=2 -AIDLOC=08000h-08003h -DIDLOC=2 \
  -AEEDATA=00h-0FFh/0F000h -peeprom_data=EEDATA -DEEDATA=2 -DCODE=2 \
  -DSTRCODE=2 -DSTRING=2 -DCONST=2 -DENTRY=2 \
  -preset_vec=00h,intentry=04h,init,end_init -ppowerup=CODE -pcinit=CODE \
  -pfunctab=ENTRY -k /tmp/xcWILxqay.o \
  dist/default/production/ph-probe.X.production.o 

Object code version is 3.11

Machine type is 16F18425



                Name                               Link     Load   Length Selector   Space Scale
/tmp/xcWILxqay.o
                end_init                             66       66        2        8       0
                reset_vec                             0        0        2        0       0
                config                             8007     8007        5        0       4
                idloc                              8000     8000        4        0       5
dist/default/production/ph-probe.X.production.o
                cinit                                68       68       35        8       0
                intentry                              4        4       62        8       0
                config                             8007     8007        5        0       4
                idloc                              8000     8000        4        0       5
                text35                              C54      C54       50     18A8       0
                text34                              A00      A00        A     1400       0
                text32                              A47      A47        C     148E       0
                text31                              9F7      9F7        9     13EE       0
                text30                              7D1      7D1       2A        8       0
                text29                              A0A      A0A        A     1414       0
                text28                              A14      A14        A     1428       0
                text27                              B73      B73       24     16E6       0
                text26                              DC5      DC5      23B     1B8A       0
                text25                              D54      D54       71     1AA8       0
                text24                              CA4      CA4       55     1948       0
                text23                              A7C      A7C       13     14F8       0
                text22                              CF9      CF9       5B     19F2       0
                text21                              C09      C09       4B     1812       0
                text20                              B13      B13       20     1626       0
                text19                              A8F      A8F       13     151E       0
                text18                              A53      A53        C     14A6       0
                text17                              35B      35B      2A5        8       0
                text16                              70A      70A       C7        8       0
                text15                              A1E      A1E        A     143C       0
                text14                              A28      A28        A     1450       0
                text13                              AB5      AB5       14     156A       0
                text12                              B33      B33       20     1666       0
                text11                              A32      A32        A     1464       0
                text10                              A3C      A3C        B     1478       0
                text9                               B97      B97       34     172E       0
                text8                               AA2      AA2       13     1544       0
                text7                               AF6      AF6       1D     15EC       0
                text6                               ADD      ADD       19     15BA       0
                text5                               AC9      AC9       14     1592       0
                text4                               600      600      10A        8       0
                text3                               BCB      BCB       3E     1796       0
                text2                               A5F      A5F        D     14BE       0
                text1                               A6C      A6C       10     14D8       0
                maintext                             9D       9D      2BE        8       0
                cstackBANK0                          20       20       46       20       1
                cstackCOMMON                         70       70        8       70       1
                cstackBANK1                          A0       A0       45       A0       1
                clrtext                             9EB      9EB        6     13D6       0
                inittext                            9F1      9F1        6     13E2       0
                bssBANK3                            1A0      1A0       40      1A0       1
                dataBANK2                           140      140       20      120       1
                bssBANK2                            120      120       20      120       1
                bssBANK1                             E5       E5        9       A0       1
                bssBANK0                             66       66        8       20       1
                bssCOMMON                            78       78        5       70       1
                stringtext16                       10F0     10F0        3     2000       0
                stringtext15                       10EC     10EC        4     2000       0
                stringtext14                       10E6     10E6        6     2000       0
                stringtext13                       10E0     10E0        6     2000       0
                stringtext12                       10DA     10DA        6     2000       0
                stringtext11                       10D3     10D3        7     2000       0
                stringtext10                       10CA     10CA        9     2000       0
                stringtext9                        10C1     10C1        9     2000       0
                stringtext8                        10B6     10B6        B     2000       0
                stringtext7                        10AB     10AB        B     2000       0
                stringtext6                        109B     109B       10     2000       0
                stringtext5                        108A     108A       11     2000       0
                stringtext4                        1079     1079       11     2000       0
                stringtext3                        1063     1063       16     2000       0
                stringtext2                        1000     1000       3B     2000       0
                stringtext1                        103B     103B       28     2000       0
                idataBANK2                          B53      B53       20     16A6       0

TOTAL           Name                               Link     Load   Length     Space
        CLASS   CODE           
                end_init                             66       66        2         0
                cinit                                68       68       35         0
                intentry                              4        4       62         0
                reset_vec                             0        0        2         0
                text35                              C54      C54       50         0
                text34                              A00      A00        A         0
                text32                              A47      A47        C         0
                text31                              9F7      9F7        9         0
                text30                              7D1      7D1       2A         0
                text29                              A0A      A0A        A         0
                text28                              A14      A14        A         0
                text27                              B73      B73       24         0
                text26                              DC5      DC5      23B         0
                text25                              D54      D54       71         0
                text24                              CA4      CA4       55         0
                text23                              A7C      A7C       13         0
                text22                              CF9      CF9       5B         0
                text21                              C09      C09       4B         0
                text20                              B13      B13       20         0
                text19                              A8F      A8F       13         0
                text18                              A53      A53        C         0
                text17                              35B      35B      2A5         0
                text16                              70A      70A       C7         0
                text15                              A1E      A1E        A         0
                text14                              A28      A28        A         0
                text13                              AB5      AB5       14         0
                text12                              B33      B33       20         0
                text11                              A32      A32        A         0
                text10                              A3C      A3C        B         0
                text9                               B97      B97       34         0
                text8                               AA2      AA2       13         0
                text7                               AF6      AF6       1D         0
                text6                               ADD      ADD       19         0
                text5                               AC9      AC9       14         0
                text4                               600      600      10A         0
                text3                               BCB      BCB       3E         0
                text2                               A5F      A5F        D         0
                text1                               A6C      A6C       10         0
                maintext                             9D       9D      2BE         0
                clrtext                             9EB      9EB        6         0
                inittext                            9F1      9F1        6         0
                idataBANK2                          B53      B53       20         0

        CLASS   STRCODE        
                stringtext16                       10F0     10F0        3         0
                stringtext15                       10EC     10EC        4         0
                stringtext14                       10E6     10E6        6         0
                stringtext13                       10E0     10E0        6         0
                stringtext12                       10DA     10DA        6         0
                stringtext11                       10D3     10D3        7         0
                stringtext10                       10CA     10CA        9         0
                stringtext9                        10C1     10C1        9         0
                stringtext8                        10B6     10B6        B         0
                stringtext7                        10AB     10AB        B         0
                stringtext6                        109B     109B       10         0
                stringtext5                        108A     108A       11         0
                stringtext4                        1079     1079       11         0
                stringtext3                        1063     1063       16         0
                stringtext2                        1000     1000       3B         0
                stringtext1                        103B     103B       28         0

        CLASS   STRING         

        CLASS   CONST          

        CLASS   ENTRY          

        CLASS   COMMON         
                cstackCOMMON                         70       70        8         1
                bssCOMMON                            78       78        5         1

        CLASS   BANK0          
                cstackBANK0                          20       20       46         1
                bssBANK0                             66       66        8         1

        CLASS   BANK1          
                cstackBANK1                          A0       A0       45         1
                bssBANK1                             E5       E5        9         1

        CLASS   BANK2          
                dataBANK2                           140      140       20         1
                bssBANK2                            120      120       20         1

        CLASS   BANK3          
                bssBANK3                            1A0      1A0       40         1

        CLASS   BANK4          

        CLASS   BANK5          

        CLASS   BANK6          

        CLASS   BANK7          

        CLASS   BANK8          

        CLASS   BANK9          

        CLASS   BANK10         

        CLASS   BANK11         

        CLASS   BANK12         

        CLASS   BIGRAM         

        CLASS   RAM            

        CLASS   ABS1           
                abs_s1                               7E       7E        2         1

        CLASS   SFR0           

        CLASS   SFR1           

        CLASS   SFR2           

        CLASS   SFR3           

        CLASS   SFR4           

        CLASS   SFR5           

        CLASS   SFR6           

        CLASS   SFR7           

        CLASS   SFR8           

        CLASS   SFR9           

        CLASS   SFR10          

        CLASS   SFR11          

        CLASS   SFR12          

        CLASS   SFR13          

        CLASS   SFR14          

        CLASS   SFR15          

        CLASS   SFR16          

        CLASS   SFR17          

        CLASS   SFR18          

        CLASS   SFR19          

        CLASS   SFR20          

        CLASS   SFR21          

        CLASS   SFR22          

        CLASS   SFR23          

        CLASS   SFR24          

        CLASS   SFR25          

        CLASS   SFR26          

        CLASS   SFR27          

        CLASS   SFR28          

        CLASS   SFR29          

        CLASS   SFR30          

        CLASS   SFR31          

        CLASS   SFR32          

        CLASS   SFR33          

        CLASS   SFR34          

        CLASS   SFR35          

        CLASS   SFR36          

        CLASS   SFR37          

        CLASS   SFR38          

        CLASS   SFR39          

        CLASS   SFR40          

        CLASS   SFR41          

        CLASS   SFR42          

        CLASS   SFR43          

        CLASS   SFR44          

        CLASS   SFR45          

        CLASS   SFR46          

        CLASS   SFR47          

        CLASS   SFR48          

        CLASS   SFR49          

        CLASS   SFR50          

        CLASS   SFR51          

        CLASS   SFR52          

        CLASS   SFR53          

        CLASS   SFR54          

        CLASS   SFR55          

        CLASS   SFR56          

        CLASS   SFR57          

        CLASS   SFR58          

        CLASS   SFR59          

        CLASS   SFR60          

        CLASS   SFR61          

        CLASS   SFR62          

        CLASS   SFR63          

        CLASS   CONFIG         
                config                             8007     8007        5         4

        CLASS   IDLOC          
                idloc                              8000     8000        4         5

        CLASS   EEDATA         

        CLASS   BANK63         

        CLASS   BANK62         

        CLASS   BANK61         

        CLASS   BANK60         

        CLASS   BANK59         

        CLASS   BANK58         

        CLASS   BANK57         

        CLASS   BANK56         

        CLASS   BANK55         

        CLASS   BANK54         

        CLASS   BANK53         

        CLASS   BANK52         

        CLASS   BANK51         

        CLASS   BANK50         

        CLASS   BANK49         

        CLASS   BANK48         

        CLASS   BANK47         

        CLASS   BANK46         

        CLASS   BANK45         

        CLASS   BANK44         

        CLASS   BANK43         

        CLASS   BANK42         

        CLASS   BANK41         

        CLASS   BANK40         

        CLASS   BANK39         

        CLASS   BANK38         

        CLASS   BANK37         

        CLASS   BANK36         

        CLASS   BANK35         

        CLASS   BANK34         

        CLASS   BANK33         

        CLASS   BANK32         

        CLASS   BANK31         

        CLASS   BANK30         

        CLASS   BANK29         

        CLASS   BANK28         

        CLASS   BANK27         

        CLASS   BANK26         

        CLASS   BANK25         

        CLASS   BANK24         

        CLASS   BANK23         

        CLASS   BANK22         

        CLASS   BANK21         

        CLASS   BANK20         

        CLASS   BANK19         

        CLASS   BANK18         

        CLASS   BANK17         

        CLASS   BANK16         

        CLASS   BANK15         

        CLASS   BANK14         

        CLASS   BANK13         

        CLASS   HEAP           

        CLASS   STACK          



SEGMENTS        Name                           Load    Length   Top    Selector   Space  Class     Delta

                text19                         000A8F  000013  000AA2      151E       0  CODE        2
                text23                         000A7C  000013  000A8F      14F8       0  CODE        2
                text2                          000A5F  00000D  000A6C      14BE       0  CODE        2
                text18                         000A53  00000C  000A5F      14A6       0  CODE        2
                text1                          000A6C  000010  000A7C      14D8       0  CODE        2
                idataBANK2                     000B53  000020  000B73      16A6       0  CODE        2
                text12                         000B33  000020  000B53      1666       0  CODE        2
                text27                         000B73  000024  000B97      16E6       0  CODE        2
                stringtext2                    001000  0000F3  0010F3      2000       0  STRCODE     2
                text9                          000B97  000034  000BCB      172E       0  CODE        2
                text20                         000B13  000020  000B33      1626       0  CODE        2
                text13                         000AB5  000014  000AC9      156A       0  CODE        2
                text8                          000AA2  000013  000AB5      1544       0  CODE        2
                text5                          000AC9  000014  000ADD      1592       0  CODE        2
                text7                          000AF6  00001D  000B13      15EC       0  CODE        2
                text6                          000ADD  000019  000AF6      15BA       0  CODE        2
                text10                         000A3C  00000B  000A47      1478       0  CODE        2
                reset_vec                      000000  000002  000002         0       0  CODE        2
                text11                         000A32  00000A  000A3C      1464       0  CODE        2
                text32                         000A47  00000C  000A53      148E       0  CODE        2
                text3                          000BCB  00003E  000C09      1796       0  CODE        2
                text21                         000C09  00004B  000C54      1812       0  CODE        2
                text35                         000C54  000050  000CA4      18A8       0  CODE        2
                text25                         000D54  000071  000DC5      1AA8       0  CODE        2
                text26                         000DC5  00023B  001000      1B8A       0  CODE        2
                text24                         000CA4  000055  000CF9      1948       0  CODE        2
                text22                         000CF9  00005B  000D54      19F2       0  CODE        2
                text29                         000A0A  00000A  000A14      1414       0  CODE        2
                text28                         000A14  00000A  000A1E      1428       0  CODE        2
                text34                         000A00  00000A  000A0A      1400       0  CODE        2
                clrtext                        0009EB  000006  0009F1      13D6       0  CODE        2
                text31                         0009F7  000009  000A00      13EE       0  CODE        2
                inittext                       0009F1  000006  0009F7      13E2       0  CODE        2
                text14                         000A28  00000A  000A32      1450       0  CODE        2
                text15                         000A1E  00000A  000A28      143C       0  CODE        2
                bssBANK2                       000120  000040  000160       120       1  BANK2       1
                bssBANK3                       0001A0  000040  0001E0       1A0       1  BANK3       1
                intentry                       000004  0007F7  0007FB         8       0  CODE        2
                cstackBANK1                    0000A0  00004E  0000EE        A0       1  BANK1       1
                cstackCOMMON                   000070  00000D  00007D        70       1  COMMON      1
                cstackBANK0                    000020  00004E  00006E        20       1  BANK0       1


UNUSED ADDRESS RANGES

        Name                Unused          Largest block    Delta
        BANK0            0006E-0006F               2           1
        BANK1            000EE-000EF               2           1
        BANK10           00520-0056F              50           1
        BANK11           005A0-005EF              50           1
        BANK12           00620-0064F              30           1
        BANK2            00160-0016F              10           1
        BANK3            001E0-001EF              10           1
        BANK4            00220-0026F              50           1
        BANK5            002A0-002EF              50           1
        BANK6            00320-0036F              50           1
        BANK7            003A0-003EF              50           1
        BANK8            00420-0046F              50           1
        BANK9            004A0-004EF              50           1
        BIGRAM           02000-023EF             3F0           1
        CODE             00002-00003               2           2
                         007FB-009EA               5
                         010F3-01FFF             70D
        COMMON           0007D-0007D               1           1
        CONST            00002-00003               2           2
                         007FB-009EA             100
                         010F3-01FFF             100
        EEDATA           0F000-0F0FF             100           2
        ENTRY            00002-00003               2           2
                         007FB-009EA             100
                         010F3-01FFF             100
        RAM              0006E-0006F               2           1
                         000EE-000EF               2
                         00160-0016F              10
                         001E0-001EF              10
                         00220-0026F              50
                         002A0-002EF              50
                         00320-0036F              50
                         003A0-003EF              50
                         00420-0046F              50
                         004A0-004EF              50
                         00520-0056F              50
                         005A0-005EF              50
                         00620-0064F              30
        SFR0             00000-0001F              20           1
        SFR1             00080-0009F              20           1
        SFR10            00500-0051F              20           1
        SFR11            00580-0059F              20           1
        SFR12            00600-0061F              20           1
        SFR13            00680-006EF              70           1
        SFR14            00700-0076F              70           1
        SFR15            00780-007EF              70           1
        SFR16            00800-0086F              70           1
        SFR17            00880-008EF              70           1
        SFR18            00900-0096F              70           1
        SFR19            00980-009EF              70           1
        SFR2             00100-0011F              20           1
        SFR20            00A00-00A6F              70           1
        SFR21            00A80-00AEF              70           1
        SFR22            00B00-00B6F              70           1
        SFR23            00B80-00BEF              70           1
        SFR24            00C00-00C6F              70           1
        SFR25            00C80-00CEF              70           1
        SFR26            00D00-00D6F              70           1
        SFR27            00D80-00DEF              70           1
        SFR28            00E00-00E6F              70           1
        SFR29            00E80-00EEF              70           1
        SFR3             00180-0019F              20           1
        SFR30            00F00-00F6F              70           1
        SFR31            00F80-00FEF              70           1
        SFR32            01000-0106F              70           1
        SFR33            01080-010EF              70           1
        SFR34            01100-0116F              70           1
        SFR35            01180-011EF              70           1
        SFR36            01200-0126F              70           1
        SFR37            01280-012EF              70           1
        SFR38            01300-0136F              70           1
        SFR39            01380-013EF              70           1
        SFR4             00200-0021F              20           1
        SFR40            01400-0146F              70           1
        SFR41            01480-014EF              70           1
        SFR42            01500-0156F              70           1
        SFR43            01580-015EF              70           1
        SFR44            01600-0166F              70           1
        SFR45            01680-016EF              70           1
        SFR46            01700-0176F              70           1
        SFR47            01780-017EF              70           1
        SFR48            01800-0186F              70           1
        SFR49            01880-018EF              70           1
        SFR5             00280-0029F              20           1
        SFR50            01900-0196F              70           1
        SFR51            01980-019EF              70           1
        SFR52            01A00-01A6F              70           1
        SFR53            01A80-01AEF              70           1
        SFR54            01B00-01B6F              70           1
        SFR55            01B80-01BEF              70           1
        SFR56            01C00-01C6F              70           1
        SFR57            01C80-01CEF              70           1
        SFR58            01D00-01D6F              70           1
        SFR59            01D80-01DEF              70           1
        SFR6             00300-0031F              20           1
        SFR60            01E00-01E6F              70           1
        SFR61            01E80-01EEF              70           1
        SFR62            01F00-01F6F              70           1
        SFR63            01F80-01FEF              70           1
        SFR7             00380-0039F              20           1
        SFR8             00400-0041F              20           1
        SFR9             00480-0049F              20           1
        STRCODE          00002-00003               2           2
                         007FB-009EA             1F0
                         010F3-01FFF             F0D
        STRING           00002-00003               2           2
                         007FB-009EA             100
                         010F3-01FFF             100

                                  Symbol Table

?__Umul8_16                                              cstackBANK0  00020
?___flmul                                                cstackBANK0  00029
?___fltol                                                cstackBANK0  00043
?___lldiv                                                cstackBANK0  00020
?___llmod                                                cstackBANK0  0002E
?___lmul                                                 cstackBANK0  00020
?___wmul                                                 cstackBANK0  00020
?_calculate_diff                                         cstackBANK0  00020
?_get_ticks                                              cstackBANK0  00020
?_get_ticks_with_lock                                    cstackBANK0  00020
?_printf                                                 cstackBANK0  00038
?_strtol                                                 cstackBANK0  0002C
?i1_get_ticks                                            cstackCOMMON 00070
EUSART1_Write@txData                                     cstackBANK0  00020
_ANSELA                                                  (abs)        01F38
_ANSELC                                                  (abs)        01F4E
_BAUD1CON                                                (abs)        0011F
_EUSART1_Write                                           text32       00A47
_GIE                                                     (abs)        0005F
_INLVLA                                                  (abs)        01F3C
_INLVLC                                                  (abs)        01F52
_INTCONbits                                              (abs)        0000B
_INTERRUPT_InterruptManager                              intentry     00004
_LATA                                                    (abs)        00018
_LATC                                                    (abs)        0001A
_LATCbits                                                (abs)        0001A
_ODCONA                                                  (abs)        01F3A
_ODCONC                                                  (abs)        01F50
_OSCCON1                                                 (abs)        0088D
_OSCCON3                                                 (abs)        0088F
_OSCEN                                                   (abs)        00891
_OSCFRQ                                                  (abs)        00893
_OSCILLATOR_Initialize                                   text31       009F7
_OSCTUNE                                                 (abs)        00892
_PIE0bits                                                (abs)        00716
_PIE3bits                                                (abs)        00719
_PIN_MANAGER_Initialize                                  text30       007D1
_PIR0bits                                                (abs)        0070C
_PIR3bits                                                (abs)        0070F
_PMD0                                                    (abs)        00796
_PMD1                                                    (abs)        00797
_PMD2                                                    (abs)        00798
_PMD3                                                    (abs)        00799
_PMD4                                                    (abs)        0079A
_PMD5                                                    (abs)        0079B
_PMD6                                                    (abs)        0079C
_PMD7                                                    (abs)        0079D
_PMD_Initialize                                          text29       00A0A
_RA5PPS                                                  (abs)        01F15
_RC0PPS                                                  (abs)        01F20
_RC1PPS                                                  (abs)        01F21
_RC1REG                                                  (abs)        00119
_RC1STA                                                  (abs)        0011D
_RC3PPS                                                  (abs)        01F23
_RC5PPS                                                  (abs)        01F25
_RX1DTPPS                                                (abs)        01ECB
_SLRCONA                                                 (abs)        01F3B
_SLRCONC                                                 (abs)        01F51
_SP1BRGH                                                 (abs)        0011C
_SP1BRGL                                                 (abs)        0011B
_SSP1ADD                                                 (abs)        0018D
_SSP1BUF                                                 (abs)        0018C
_SSP1CLKPPS                                              (abs)        01EC5
_SSP1CON1                                                (abs)        00190
_SSP1CON1bits                                            (abs)        00190
_SSP1CON2                                                (abs)        00191
_SSP1CON2bits                                            (abs)        00191
_SSP1DATPPS                                              (abs)        01EC6
_SSP1MSK                                                 (abs)        0018E
_SSP1STAT                                                (abs)        0018F
_SSP1STATbits                                            (abs)        0018F
_SYSTEM_Initialize                                       text28       00A14
_T0CON0                                                  (abs)        0059E
_T0CON1                                                  (abs)        0059F
_TMR0H                                                   (abs)        0059D
_TMR0L                                                   (abs)        0059C
_TRISA                                                   (abs)        00012
_TRISC                                                   (abs)        00014
_TX1REG                                                  (abs)        0011A
_TX1STA                                                  (abs)        0011E
_WPUA                                                    (abs)        01F39
_WPUC                                                    (abs)        01F4F
__Habs1                                                  abs1         00000
__Hbank0                                                 bank0        00000
__Hbank1                                                 bank1        00000
__Hbank10                                                bank10       00000
__Hbank11                                                bank11       00000
__Hbank12                                                bank12       00000
__Hbank13                                                bank13       00000
__Hbank14                                                bank14       00000
__Hbank15                                                bank15       00000
__Hbank16                                                bank16       00000
__Hbank17                                                bank17       00000
__Hbank18                                                bank18       00000
__Hbank19                                                bank19       00000
__Hbank2                                                 bank2        00000
__Hbank20                                                bank20       00000
__Hbank21                                                bank21       00000
__Hbank22                                                bank22       00000
__Hbank23                                                bank23       00000
__Hbank24                                                bank24       00000
__Hbank25                                                bank25       00000
__Hbank26                                                bank26       00000
__Hbank27                                                bank27       00000
__Hbank28                                                bank28       00000
__Hbank29                                                bank29       00000
__Hbank3                                                 bank3        00000
__Hbank30                                                bank30       00000
__Hbank31                                                bank31       00000
__Hbank32                                                bank32       00000
__Hbank33                                                bank33       00000
__Hbank34                                                bank34       00000
__Hbank35                                                bank35       00000
__Hbank36                                                bank36       00000
__Hbank37                                                bank37       00000
__Hbank38                                                bank38       00000
__Hbank39                                                bank39       00000
__Hbank4                                                 bank4        00000
__Hbank40                                                bank40       00000
__Hbank41                                                bank41       00000
__Hbank42                                                bank42       00000
__Hbank43                                                bank43       00000
__Hbank44                                                bank44       00000
__Hbank45                                                bank45       00000
__Hbank46                                                bank46       00000
__Hbank47                                                bank47       00000
__Hbank48                                                bank48       00000
__Hbank49                                                bank49       00000
__Hbank5                                                 bank5        00000
__Hbank50                                                bank50       00000
__Hbank51                                                bank51       00000
__Hbank52                                                bank52       00000
__Hbank53                                                bank53       00000
__Hbank54                                                bank54       00000
__Hbank55                                                bank55       00000
__Hbank56                                                bank56       00000
__Hbank57                                                bank57       00000
__Hbank58                                                bank58       00000
__Hbank59                                                bank59       00000
__Hbank6                                                 bank6        00000
__Hbank60                                                bank60       00000
__Hbank61                                                bank61       00000
__Hbank62                                                bank62       00000
__Hbank63                                                bank63       00000
__Hbank7                                                 bank7        00000
__Hbank8                                                 bank8        00000
__Hbank9                                                 bank9        00000
__Hbigram                                                bigram       00000
__HbssBANK0                                              bssBANK0     00000
__HbssBANK1                                              bssBANK1     00000
__HbssBANK2                                              bssBANK2     00000
__HbssBANK3                                              bssBANK3     00000
__HbssCOMMON                                             bssCOMMON    00000
__Hcinit                                                 cinit        0009D
__Hclrtext                                               clrtext      00000
__Hcode                                                  code         00000
__Hcommon                                                common       00000
__Hconfig                                                config       0800C
__HcstackBANK0                                           cstackBANK0  00000
__HcstackBANK1                                           cstackBANK1  00000
__HcstackCOMMON                                          cstackCOMMON 00000
__HdataBANK2                                             dataBANK2    00000
__Heeprom_data                                           eeprom_data  00000
__Hend_init                                              end_init     00068
__Hfunctab                                               functab      00000
__Hheap                                                  heap         00000
__HidataBANK2                                            idataBANK2   00000
__Hidloc                                                 idloc        08004
__Hinit                                                  init         00066
__Hinittext                                              inittext     00000
__Hintentry                                              intentry     00066
__Hmaintext                                              maintext     00000
__Hpowerup                                               powerup      00000
__Hram                                                   ram          00000
__Hreset_vec                                             reset_vec    00002
__Hsfr0                                                  sfr0         00000
__Hsfr1                                                  sfr1         00000
__Hsfr10                                                 sfr10        00000
__Hsfr11                                                 sfr11        00000
__Hsfr12                                                 sfr12        00000
__Hsfr13                                                 sfr13        00000
__Hsfr14                                                 sfr14        00000
__Hsfr15                                                 sfr15        00000
__Hsfr16                                                 sfr16        00000
__Hsfr17                                                 sfr17        00000
__Hsfr18                                                 sfr18        00000
__Hsfr19                                                 sfr19        00000
__Hsfr2                                                  sfr2         00000
__Hsfr20                                                 sfr20        00000
__Hsfr21                                                 sfr21        00000
__Hsfr22                                                 sfr22        00000
__Hsfr23                                                 sfr23        00000
__Hsfr24                                                 sfr24        00000
__Hsfr25                                                 sfr25        00000
__Hsfr26                                                 sfr26        00000
__Hsfr27                                                 sfr27        00000
__Hsfr28                                                 sfr28        00000
__Hsfr29                                                 sfr29        00000
__Hsfr3                                                  sfr3         00000
__Hsfr30                                                 sfr30        00000
__Hsfr31                                                 sfr31        00000
__Hsfr32                                                 sfr32        00000
__Hsfr33                                                 sfr33        00000
__Hsfr34                                                 sfr34        00000
__Hsfr35                                                 sfr35        00000
__Hsfr36                                                 sfr36        00000
__Hsfr37                                                 sfr37        00000
__Hsfr38                                                 sfr38        00000
__Hsfr39                                                 sfr39        00000
__Hsfr4                                                  sfr4         00000
__Hsfr40                                                 sfr40        00000
__Hsfr41                                                 sfr41        00000
__Hsfr42                                                 sfr42        00000
__Hsfr43                                                 sfr43        00000
__Hsfr44                                                 sfr44        00000
__Hsfr45                                                 sfr45        00000
__Hsfr46                                                 sfr46        00000
__Hsfr47                                                 sfr47        00000
__Hsfr48                                                 sfr48        00000
__Hsfr49                                                 sfr49        00000
__Hsfr5                                                  sfr5         00000
__Hsfr50                                                 sfr50        00000
__Hsfr51                                                 sfr51        00000
__Hsfr52                                                 sfr52        00000
__Hsfr53                                                 sfr53        00000
__Hsfr54                                                 sfr54        00000
__Hsfr55                                                 sfr55        00000
__Hsfr56                                                 sfr56        00000
__Hsfr57                                                 sfr57        00000
__Hsfr58                                                 sfr58        00000
__Hsfr59                                                 sfr59        00000
__Hsfr6                                                  sfr6         00000
__Hsfr60                                                 sfr60        00000
__Hsfr61                                                 sfr61        00000
__Hsfr62                                                 sfr62        00000
__Hsfr63                                                 sfr63        00000
__Hsfr7                                                  sfr7         00000
__Hsfr8                                                  sfr8         00000
__Hsfr9                                                  sfr9         00000
__Hspace_0                                               (abs)        010F3
__Hspace_1                                               (abs)        001E0
__Hspace_2                                               (abs)        00000
__Hspace_3                                               (abs)        00000
__Hspace_4                                               (abs)        10013
__Hstack                                                 stack        00000
__Hstrings                                               strings      00000
__Hstringtext1                                           stringtext1  00000
__Hstringtext10                                          stringtext10 00000
__Hstringtext11                                          stringtext11 00000
__Hstringtext12                                          stringtext12 00000
__Hstringtext13                                          stringtext13 00000
__Hstringtext14                                          stringtext14 00000
__Hstringtext15                                          stringtext15 00000
__Hstringtext16                                          stringtext16 00000
__Hstringtext17                                          stringtext17 00000
__Hstringtext2                                           stringtext2  00000
__Hstringtext3                                           stringtext3  00000
__Hstringtext4                                           stringtext4  00000
__Hstringtext5                                           stringtext5  00000
__Hstringtext6                                           stringtext6  00000
__Hstringtext7                                           stringtext7  00000
__Hstringtext8                                           stringtext8  00000
__Hstringtext9                                           stringtext9  00000
__Htext                                                  text         00000
__Labs1                                                  abs1         00000
__Lbank0                                                 bank0        00000
__Lbank1                                                 bank1        00000
__Lbank10                                                bank10       00000
__Lbank11                                                bank11       00000
__Lbank12                                                bank12       00000
__Lbank13                                                bank13       00000
__Lbank14                                                bank14       00000
__Lbank15                                                bank15       00000
__Lbank16                                                bank16       00000
__Lbank17                                                bank17       00000
__Lbank18                                                bank18       00000
__Lbank19                                                bank19       00000
__Lbank2                                                 bank2        00000
__Lbank20                                                bank20       00000
__Lbank21                                                bank21       00000
__Lbank22                                                bank22       00000
__Lbank23                                                bank23       00000
__Lbank24                                                bank24       00000
__Lbank25                                                bank25       00000
__Lbank26                                                bank26       00000
__Lbank27                                                bank27       00000
__Lbank28                                                bank28       00000
__Lbank29                                                bank29       00000
__Lbank3                                                 bank3        00000
__Lbank30                                                bank30       00000
__Lbank31                                                bank31       00000
__Lbank32                                                bank32       00000
__Lbank33                                                bank33       00000
__Lbank34                                                bank34       00000
__Lbank35                                                bank35       00000
__Lbank36                                                bank36       00000
__Lbank37                                                bank37       00000
__Lbank38                                                bank38       00000
__Lbank39                                                bank39       00000
__Lbank4                                                 bank4        00000
__Lbank40                                                bank40       00000
__Lbank41                                                bank41       00000
__Lbank42                                                bank42       00000
__Lbank43                                                bank43       00000
__Lbank44                                                bank44       00000
__Lbank45                                                bank45       00000
__Lbank46                                                bank46       00000
__Lbank47                                                bank47       00000
__Lbank48                                                bank48       00000
__Lbank49                                                bank49       00000
__Lbank5                                                 bank5        00000
__Lbank50                                                bank50       00000
__Lbank51                                                bank51       00000
__Lbank52                                                bank52       00000
__Lbank53                                                bank53       00000
__Lbank54                                                bank54       00000
__Lbank55                                                bank55       00000
__Lbank56                                                bank56       00000
__Lbank57                                                bank57       00000
__Lbank58                                                bank58       00000
__Lbank59                                                bank59       00000
__Lbank6                                                 bank6        00000
__Lbank60                                                bank60       00000
__Lbank61                                                bank61       00000
__Lbank62                                                bank62       00000
__Lbank63                                                bank63       00000
__Lbank7                                                 bank7        00000
__Lbank8                                                 bank8        00000
__Lbank9                                                 bank9        00000
__Lbigram                                                bigram       00000
__LbssBANK0                                              bssBANK0     00000
__LbssBANK1                                              bssBANK1     00000
__LbssBANK2                                              bssBANK2     00000
__LbssBANK3                                              bssBANK3     00000
__LbssCOMMON                                             bssCOMMON    00000
__Lcinit                                                 cinit        00068
__Lclrtext                                               clrtext      00000
__Lcode                                                  code         00000
__Lcommon                                                common       00000
__Lconfig                                                config       00000
__LcstackBANK0                                           cstackBANK0  00000
__LcstackBANK1                                           cstackBANK1  00000
__LcstackCOMMON                                          cstackCOMMON 00000
__LdataBANK2                                             dataBANK2    00000
__Leeprom_data                                           eeprom_data  00000
__Lend_init                                              end_init     00066
__Lfunctab                                               functab      00000
__Lheap                                                  heap         00000
__LidataBANK2                                            idataBANK2   00000
__Lidloc                                                 idloc        00000
__Linit                                                  init         00066
__Linittext                                              inittext     00000
__Lintentry                                              intentry     00004
__Lmaintext                                              maintext     00000
__Lpowerup                                               powerup      00000
__Lram                                                   ram          00000
__Lreset_vec                                             reset_vec    00000
__Lsfr0                                                  sfr0         00000
__Lsfr1                                                  sfr1         00000
__Lsfr10                                                 sfr10        00000
__Lsfr11                                                 sfr11        00000
__Lsfr12                                                 sfr12        00000
__Lsfr13                                                 sfr13        00000
__Lsfr14                                                 sfr14        00000
__Lsfr15                                                 sfr15        00000
__Lsfr16                                                 sfr16        00000
__Lsfr17                                                 sfr17        00000
__Lsfr18                                                 sfr18        00000
__Lsfr19                                                 sfr19        00000
__Lsfr2                                                  sfr2         00000
__Lsfr20                                                 sfr20        00000
__Lsfr21                                                 sfr21        00000
__Lsfr22                                                 sfr22        00000
__Lsfr23                                                 sfr23        00000
__Lsfr24                                                 sfr24        00000
__Lsfr25                                                 sfr25        00000
__Lsfr26                                                 sfr26        00000
__Lsfr27                                                 sfr27        00000
__Lsfr28                                                 sfr28        00000
__Lsfr29                                                 sfr29        00000
__Lsfr3                                                  sfr3         00000
__Lsfr30                                                 sfr30        00000
__Lsfr31                                                 sfr31        00000
__Lsfr32                                                 sfr32        00000
__Lsfr33                                                 sfr33        00000
__Lsfr34                                                 sfr34        00000
__Lsfr35                                                 sfr35        00000
__Lsfr36                                                 sfr36        00000
__Lsfr37                                                 sfr37        00000
__Lsfr38                                                 sfr38        00000
__Lsfr39                                                 sfr39        00000
__Lsfr4                                                  sfr4         00000
__Lsfr40                                                 sfr40        00000
__Lsfr41                                                 sfr41        00000
__Lsfr42                                                 sfr42        00000
__Lsfr43                                                 sfr43        00000
__Lsfr44                                                 sfr44        00000
__Lsfr45                                                 sfr45        00000
__Lsfr46                                                 sfr46        00000
__Lsfr47                                                 sfr47        00000
__Lsfr48                                                 sfr48        00000
__Lsfr49                                                 sfr49        00000
__Lsfr5                                                  sfr5         00000
__Lsfr50                                                 sfr50        00000
__Lsfr51                                                 sfr51        00000
__Lsfr52                                                 sfr52        00000
__Lsfr53                                                 sfr53        00000
__Lsfr54                                                 sfr54        00000
__Lsfr55                                                 sfr55        00000
__Lsfr56                                                 sfr56        00000
__Lsfr57                                                 sfr57        00000
__Lsfr58                                                 sfr58        00000
__Lsfr59                                                 sfr59        00000
__Lsfr6                                                  sfr6         00000
__Lsfr60                                                 sfr60        00000
__Lsfr61                                                 sfr61        00000
__Lsfr62                                                 sfr62        00000
__Lsfr63                                                 sfr63        00000
__Lsfr7                                                  sfr7         00000
__Lsfr8                                                  sfr8         00000
__Lsfr9                                                  sfr9         00000
__Lspace_0                                               (abs)        00000
__Lspace_1                                               (abs)        00000
__Lspace_2                                               (abs)        00000
__Lspace_3                                               (abs)        00000
__Lspace_4                                               (abs)        00000
__Lstack                                                 stack        00000
__Lstrings                                               strings      00000
__Lstringtext1                                           stringtext1  00000
__Lstringtext10                                          stringtext10 00000
__Lstringtext11                                          stringtext11 00000
__Lstringtext12                                          stringtext12 00000
__Lstringtext13                                          stringtext13 00000
__Lstringtext14                                          stringtext14 00000
__Lstringtext15                                          stringtext15 00000
__Lstringtext16                                          stringtext16 00000
__Lstringtext17                                          stringtext17 00000
__Lstringtext2                                           stringtext2  00000
__Lstringtext3                                           stringtext3  00000
__Lstringtext4                                           stringtext4  00000
__Lstringtext5                                           stringtext5  00000
__Lstringtext6                                           stringtext6  00000
__Lstringtext7                                           stringtext7  00000
__Lstringtext8                                           stringtext8  00000
__Lstringtext9                                           stringtext9  00000
__Ltext                                                  text         00000
__S0                                                     (abs)        010F3
__S1                                                     (abs)        001E0
__S3                                                     (abs)        00000
__Umul8_16                                               text27       00B73
__Umul8_16@multiplicand                                  cstackBANK0  00020
__Umul8_16@multiplier                                    cstackBANK0  00028
__Umul8_16@product                                       cstackBANK0  00024
__Umul8_16@word_mpld                                     cstackBANK0  00026
___flmul                                                 text26       00DC5
___flmul@a                                               cstackBANK0  0002D
___flmul@aexp                                            cstackBANK0  0003B
___flmul@b                                               cstackBANK0  00029
___flmul@bexp                                            cstackBANK0  0003C
___flmul@grs                                             cstackBANK0  00037
___flmul@prod                                            cstackBANK0  0003D
___flmul@sign                                            cstackBANK0  00036
___flmul@temp                                            cstackBANK0  00041
___fltol                                                 text25       00D54
___fltol@exp1                                            cstackBANK0  0004C
___fltol@f1                                              cstackBANK0  00043
___fltol@sign1                                           cstackBANK0  0004B
___heap_hi                                               (abs)        00000
___heap_lo                                               (abs)        00000
___int_sp                                                stack        00000
___latbits                                               (abs)        00002
___lldiv                                                 text22       00CF9
___lldiv@counter                                         cstackBANK0  0002D
___lldiv@dividend                                        cstackBANK0  00024
___lldiv@divisor                                         cstackBANK0  00020
___lldiv@quotient                                        cstackBANK0  00029
___llmod                                                 text21       00C09
___llmod@counter                                         cstackBANK0  00037
___llmod@dividend                                        cstackBANK0  00032
___llmod@divisor                                         cstackBANK0  0002E
___lmul                                                  text9        00B97
___lmul@multiplicand                                     cstackBANK0  00024
___lmul@multiplier                                       cstackBANK0  00020
___lmul@product                                          cstackBANK0  00028
___sp                                                    stack        00000
___stackhi                                               (abs)        00000
___stacklo                                               (abs)        00000
___wmul                                                  text20       00B13
___wmul@multiplicand                                     cstackBANK0  00022
___wmul@multiplier                                       cstackBANK0  00020
___wmul@product                                          cstackBANK0  00024
__end_of_EUSART1_Write                                   text32       00A53
__end_of_INTERRUPT_InterruptManager                      intentry     00066
__end_of_OSCILLATOR_Initialize                           text31       00A00
__end_of_PIN_MANAGER_Initialize                          text30       007FB
__end_of_PMD_Initialize                                  text29       00A14
__end_of_SYSTEM_Initialize                               text28       00A1E
__end_of__Umul8_16                                       text27       00B97
__end_of___flmul                                         text26       01000
__end_of___fltol                                         text25       00DC5
__end_of___lldiv                                         text22       00D54
__end_of___llmod                                         text21       00C54
__end_of___lmul                                          text9        00BCB
__end_of___wmul                                          text20       00B33
__end_of__initialization                                 cinit        00099
__end_of_calculate_diff                                  text24       00CF9
__end_of_dpowers                                         stringtext1  01063
__end_of_dump_buffer                                     text16       007D1
__end_of_dump_memory_map                                 text15       00A28
__end_of_get_ticks                                       text14       00A32
__end_of_get_ticks_with_lock                             text13       00AC9
__end_of_hexpowers                                       stringtext2  01020
__end_of_i2c_slave_init                                  text12       00B53
__end_of_i2c_slave_interrupt                             text35       00CA4
__end_of_i2c_slave_set_register                          text11       00A3C
__end_of_i2c_slave_set_register_with_lock                text10       00A47
__end_of_isalpha                                         text7        00B13
__end_of_isdigit                                         text19       00AA2
__end_of_isprint                                         text23       00A8F
__end_of_isspace                                         text6        00AF6
__end_of_isupper                                         text8        00AB5
__end_of_main                                            maintext     0035B
__end_of_printf                                          text17       00600
__end_of_putch                                           text18       00A5F
__end_of_set_device_serial_number_to_i2c_slave_memorymap text3        00C09
__end_of_strtol                                          text4        0070A
__end_of_tmr0_init                                       text2        00A6C
__end_of_toupper                                         text5        00ADD
__end_of_usart_init                                      text1        00A7C
__end_ofi1_get_ticks                                     text34       00A0A
__initialization                                         cinit        00068
__pbssBANK0                                              bssBANK0     00066
__pbssBANK1                                              bssBANK1     000E5
__pbssBANK2                                              bssBANK2     00120
__pbssBANK3                                              bssBANK3     001A0
__pbssCOMMON                                             bssCOMMON    00078
__pcstackBANK0                                           cstackBANK0  00020
__pcstackBANK1                                           cstackBANK1  000A0
__pcstackCOMMON                                          cstackCOMMON 00070
__pdataBANK2                                             dataBANK2    00140
__pidataBANK2                                            idataBANK2   00B53
__pintentry                                              intentry     00004
__pmaintext                                              maintext     0009D
__pstringtext1                                           stringtext1  0103B
__pstringtext10                                          stringtext10 010CA
__pstringtext11                                          stringtext11 010D3
__pstringtext12                                          stringtext12 010DA
__pstringtext13                                          stringtext13 010E0
__pstringtext14                                          stringtext14 010E6
__pstringtext15                                          stringtext15 010EC
__pstringtext16                                          stringtext16 010F0
__pstringtext17                                          stringtext17 00000
__pstringtext2                                           stringtext2  01000
__pstringtext3                                           stringtext3  01063
__pstringtext4                                           stringtext4  01079
__pstringtext5                                           stringtext5  0108A
__pstringtext6                                           stringtext6  0109B
__pstringtext7                                           stringtext7  010AB
__pstringtext8                                           stringtext8  010B6
__pstringtext9                                           stringtext9  010C1
__ptext1                                                 text1        00A6C
__ptext10                                                text10       00A3C
__ptext11                                                text11       00A32
__ptext12                                                text12       00B33
__ptext13                                                text13       00AB5
__ptext14                                                text14       00A28
__ptext15                                                text15       00A1E
__ptext16                                                text16       0070A
__ptext17                                                text17       0035B
__ptext18                                                text18       00A53
__ptext19                                                text19       00A8F
__ptext2                                                 text2        00A5F
__ptext20                                                text20       00B13
__ptext21                                                text21       00C09
__ptext22                                                text22       00CF9
__ptext23                                                text23       00A7C
__ptext24                                                text24       00CA4
__ptext25                                                text25       00D54
__ptext26                                                text26       00DC5
__ptext27                                                text27       00B73
__ptext28                                                text28       00A14
__ptext29                                                text29       00A0A
__ptext3                                                 text3        00BCB
__ptext30                                                text30       007D1
__ptext31                                                text31       009F7
__ptext32                                                text32       00A47
__ptext34                                                text34       00A00
__ptext35                                                text35       00C54
__ptext4                                                 text4        00600
__ptext5                                                 text5        00AC9
__ptext6                                                 text6        00ADD
__ptext7                                                 text7        00AF6
__ptext8                                                 text8        00AA2
__ptext9                                                 text9        00B97
_calculate_diff                                          text24       00CA4
_currentRegister                                         bssCOMMON    00079
_currentState                                            bssCOMMON    00078
_dpowers                                                 stringtext1  0103B
_dump_buffer                                             text16       0070A
_dump_buffer$746                                         cstackBANK0  0005E
_dump_memory_map                                         text15       00A1E
_get_ticks                                               text14       00A28
_get_ticks_with_lock                                     text13       00AB5
_hexpowers                                               stringtext2  01000
_i2c_slave_init                                          text12       00B33
_i2c_slave_interrupt                                     text35       00C54
_i2c_slave_set_register                                  text11       00A32
_i2c_slave_set_register_with_lock                        text10       00A3C
_isalpha                                                 text7        00AF6
_isalpha$1257                                            cstackBANK0  00022
_isdigit                                                 text19       00A8F
_isdigit$1223                                            cstackBANK0  00020
_isprint                                                 text23       00A7C
_isprint$1226                                            cstackBANK0  00020
_isspace                                                 text6        00ADD
_isspace$1260                                            cstackBANK0  00020
_isupper                                                 text8        00AA2
_isupper$1263                                            cstackBANK0  00020
_main                                                    maintext     0009D
_printf                                                  text17       0035B
_printf$940                                              cstackBANK0  00046
_putch                                                   text18       00A53
_rxbuffer                                                bssBANK2     00120
_rxbuffer_index                                          bssCOMMON    0007B
_set_device_serial_number_to_i2c_slave_memorymap         text3        00BCB
_slaveData                                               bssBANK3     001A0
_strtol                                                  text4        00600
_ticks                                                   bssBANK0     00066
_tmr0_init                                               text2        00A5F
_toupper                                                 text5        00AC9
_uart_rx_package_event                                   bssBANK1     000ED
_uart_rx_states                                          bssCOMMON    0007A
_uart_rx_ticks                                           bssBANK0     0006A
_usart_init                                              text1        00A6C
btemp                                                    (abs)        0007E
calculate_diff@diff                                      cstackBANK0  00030
calculate_diff@now                                       cstackBANK0  00020
calculate_diff@prev_ticks                                cstackBANK0  00024
clear_ram0                                               clrtext      009EB
dump_buffer@buffer                                       cstackBANK0  00060
dump_buffer@i                                            cstackBANK0  00062
dump_buffer@j                                            cstackBANK0  00064
dump_buffer@p                                            cstackBANK0  00061
dump_buffer@size                                         cstackBANK0  00058
end_of_initialization                                    cinit        00099
get_ticks_with_lock@result                               cstackBANK0  00024
i1_get_ticks                                             text34       00A00
i2c_slave_init@i                                         cstackBANK0  00021
i2c_slave_interrupt@isNack                               cstackCOMMON 00072
i2c_slave_interrupt@isRead                               cstackCOMMON 00071
i2c_slave_interrupt@value                                cstackCOMMON 00073
i2c_slave_set_register@registerAddress                   cstackBANK0  00021
i2c_slave_set_register@value                             cstackBANK0  00020
i2c_slave_set_register_with_lock@registerAddress         cstackBANK0  00023
i2c_slave_set_register_with_lock@value                   cstackBANK0  00022
init_ram                                                 inittext     009F1
int$flags                                                (abs)        0007E
intlevel0                                                functab      00000
intlevel1                                                functab      00000
intlevel2                                                functab      00000
intlevel3                                                functab      00000
intlevel4                                                functab      00000
intlevel5                                                functab      00000
isalpha@c                                                cstackBANK0  00023
isdigit@c                                                cstackBANK0  00021
isprint@c                                                cstackBANK0  00021
isspace@c                                                cstackBANK0  00021
isupper@c                                                cstackBANK0  00021
main@F10508                                              dataBANK2    00140
main@i                                                   cstackBANK1  000DE
main@now                                                 cstackBANK1  000E1
main@payload                                             cstackBANK1  000CC
main@payload_temp                                        cstackBANK1  000D0
main@ph                                                  cstackBANK1  000D4
main@ph2                                                 cstackBANK1  000DF
main@prev_ticks1                                         bssBANK1     000E9
main@prev_ticks2                                         bssBANK1     000E5
main@temp                                                cstackBANK1  000D8
main@temp2                                               cstackBANK1  000DC
main@txbuf                                               cstackBANK1  000AC
printf@ap                                                cstackBANK0  00053
printf@c                                                 cstackBANK0  00057
printf@cp                                                cstackBANK0  0004B
printf@f                                                 cstackBANK0  00038
printf@flag                                              cstackBANK0  00054
printf@idx                                               cstackBANK0  00048
printf@len                                               cstackBANK0  00051
printf@prec                                              cstackBANK0  00049
printf@val                                               cstackBANK0  0004D
printf@width                                             cstackBANK0  00055
putch@data                                               cstackBANK0  00020
reset_vec                                                reset_vec    00000
set_device_serial_number_to_i2c_slave_memorymap@buffer   cstackBANK0  0003E
set_device_serial_number_to_i2c_slave_memorymap@i        cstackBANK0  00041
set_device_serial_number_to_i2c_slave_memorymap@value    cstackBANK0  0003D
start                                                    init         00066
start_initialization                                     cinit        00068
strtol@a                                                 cstackBANK0  00035
strtol@base                                              cstackBANK0  0002D
strtol@c                                                 cstackBANK0  0003A
strtol@endptr                                            cstackBANK0  0002C
strtol@s                                                 cstackBANK0  00039
strtol@sign                                              cstackBANK0  00034
toupper@c                                                cstackBANK0  00021
wtemp0                                                   (abs)        0007E


MODULE INFORMATION

Module		Function		Class		Link	Load	Size
/Applications/microchip/xc8/v2.40/pic/sources/c90/common/sprcmul.c
		___flmul       		CODE           	0DC5	0000	571

/Applications/microchip/xc8/v2.40/pic/sources/c90/common/sprcmul.c estimated size: 571

/Applications/microchip/xc8/v2.40/pic/sources/c90/common/__lldiv.c
		___lldiv       		CODE           	0CF9	0000	91

/Applications/microchip/xc8/v2.40/pic/sources/c90/common/__lldiv.c estimated size: 91

/Applications/microchip/xc8/v2.40/pic/sources/c90/common/isprint.c
		_isprint       		CODE           	0A7C	0000	19

/Applications/microchip/xc8/v2.40/pic/sources/c90/common/isprint.c estimated size: 19

/Applications/microchip/xc8/v2.40/pic/sources/c90/common/isalpha.c
		_isalpha       		CODE           	0AF6	0000	29

/Applications/microchip/xc8/v2.40/pic/sources/c90/common/isalpha.c estimated size: 29

mcc_generated_files/pin_manager.c
		_PIN_MANAGER_Initialize		CODE           	07D1	0000	42

mcc_generated_files/pin_manager.c estimated size: 42

/Applications/microchip/xc8/v2.40/pic/sources/c90/common/strtol.c
		_strtol        		CODE           	0600	0000	266

/Applications/microchip/xc8/v2.40/pic/sources/c90/common/strtol.c estimated size: 266

/Applications/microchip/xc8/v2.40/pic/sources/c90/common/isdigit.c
		_isdigit       		CODE           	0A8F	0000	19

/Applications/microchip/xc8/v2.40/pic/sources/c90/common/isdigit.c estimated size: 19

/Applications/microchip/xc8/v2.40/pic/sources/c90/common/doprnt.c
		_printf        		CODE           	035B	0000	677

/Applications/microchip/xc8/v2.40/pic/sources/c90/common/doprnt.c estimated size: 677

/Applications/microchip/xc8/v2.40/pic/sources/c90/common/Umul16.c
		___wmul        		CODE           	0B13	0000	32

/Applications/microchip/xc8/v2.40/pic/sources/c90/common/Umul16.c estimated size: 32

/Applications/microchip/xc8/v2.40/pic/sources/c90/common/llmod.c
		___llmod       		CODE           	0C09	0000	75

/Applications/microchip/xc8/v2.40/pic/sources/c90/common/llmod.c estimated size: 75

tmr0.c
		_tmr0_init     		CODE           	0A5F	0000	13

tmr0.c estimated size: 13

shared
		_dpowers       		STRCODE        	103B	0000	40
		i1_get_ticks   		CODE           	0A00	0000	10
		__initialization		CODE           	0068	0000	49
		_hexpowers     		STRCODE        	1000	0000	32

shared estimated size: 131

my_helpers.c
		_dump_buffer   		CODE           	070A	0000	199

my_helpers.c estimated size: 199

mcc_generated_files/mcc.c
		_PMD_Initialize		CODE           	0A0A	0000	10
		_OSCILLATOR_Initialize		CODE           	09F7	0000	9
		_SYSTEM_Initialize		CODE           	0A14	0000	10

mcc_generated_files/mcc.c estimated size: 29

/Applications/microchip/xc8/v2.40/pic/sources/c90/common/Umul8_16.c
		__Umul8_16     		CODE           	0B73	0000	36

/Applications/microchip/xc8/v2.40/pic/sources/c90/common/Umul8_16.c estimated size: 36

i2c_slave.c
		_i2c_slave_interrupt		CODE           	0C54	0000	80
		_i2c_slave_set_register		CODE           	0A32	0000	10
		_i2c_slave_init		CODE           	0B33	0000	32
		_i2c_slave_set_register_with_lock		CODE           	0A3C	0000	11
		_dump_memory_map		CODE           	0A1E	0000	10

i2c_slave.c estimated size: 143

/Applications/microchip/xc8/v2.40/pic/sources/c90/common/Umul32.c
		___lmul        		CODE           	0B97	0000	52

/Applications/microchip/xc8/v2.40/pic/sources/c90/common/Umul32.c estimated size: 52

/Applications/microchip/xc8/v2.40/pic/sources/c90/common/isupper.c
		_isupper       		CODE           	0AA2	0000	19

/Applications/microchip/xc8/v2.40/pic/sources/c90/common/isupper.c estimated size: 19

/Applications/microchip/xc8/v2.40/pic/sources/c90/common/toupper.c
		_toupper       		CODE           	0AC9	0000	20

/Applications/microchip/xc8/v2.40/pic/sources/c90/common/toupper.c estimated size: 20

/Applications/microchip/xc8/v2.40/pic/sources/c90/common/fltol.c
		___fltol       		CODE           	0D54	0000	113

/Applications/microchip/xc8/v2.40/pic/sources/c90/common/fltol.c estimated size: 113

/Applications/microchip/xc8/v2.40/pic/sources/c90/common/isspace.c
		_isspace       		CODE           	0ADD	0000	25

/Applications/microchip/xc8/v2.40/pic/sources/c90/common/isspace.c estimated size: 25

main.c
		_putch         		CODE           	0A53	0000	12
		_set_device_serial_number_to_i2c_slave_memorymap		CODE           	0BCB	0000	62
		_main          		CODE           	009D	0000	702
		_INTERRUPT_InterruptManager		CODE           	0004	0000	98
		_EUSART1_Write 		CODE           	0A47	0000	12
		_calculate_diff		CODE           	0CA4	0000	85
		_usart_init    		CODE           	0A6C	0000	16
		_get_ticks     		CODE           	0A28	0000	10
		_get_ticks_with_lock		CODE           	0AB5	0000	20

main.c estimated size: 1017

