Microchip MPLAB XC8 Compiler V2.40

Linker command line:

-W-3 --edf=/Applications/microchip/xc8/v2.40/pic/dat/20220703182018_en.msgs \
  -cn -h+dist/default/production/ph485-probe.production.sym \
  --cmf=dist/default/production/ph485-probe.production.cmf -z -Q16F18425 \
  -o/tmp/xcKz4htzB --defsym=__MPLAB_BUILD=1 --fixupoverflow=error \
  -Mdist/default/production/ph485-probe.production.map \
  --md=/tmp/xcsiPjOjL.dat -E1 -ver=XC8 Compiler --acfsm=1493 \
  -ACODE=00h-07FFhx4 -ASTRCODE=00h-01FFFh -ASTRING=00h-0FFhx32 \
  -ACONST=00h-0FFhx32 -AENTRY=00h-0FFhx32 -ACOMMON=070h-07Fh \
  -ABANK0=020h-06Fh -ABANK1=0A0h-0EFh -ABANK2=0120h-016Fh \
  -ABANK3=01A0h-01EFh -ABANK4=0220h-026Fh -ABANK5=02A0h-02EFh \
  -ABANK6=0320h-036Fh -ABANK7=03A0h-03EFh -ABANK8=0420h-046Fh \
  -ABANK9=04A0h-04EFh -ABANK10=0520h-056Fh -ABANK11=05A0h-05EFh \
  -ABANK12=0620h-064Fh -ABIGRAM=02000h-023EFh \
  -ARAM=020h-06Fh,0A0h-0EFh,0120h-016Fh,01A0h-01EFh,0220h-026Fh,02A0h-02EFh,0320h-036Fh,03A0h-03EFh,0420h-046Fh,04A0h-04EFh,0520h-056Fh,05A0h-05EFh,0620h-064Fh \
  -AABS1=020h-07Fh,0A0h-0EFh,0120h-016Fh,01A0h-01EFh,0220h-026Fh,02A0h-02EFh,0320h-036Fh,03A0h-03EFh,0420h-046Fh,04A0h-04EFh,0520h-056Fh,05A0h-05EFh,0620h-064Fh \
  -ASFR0=00h-01Fh -ASFR1=080h-09Fh -ASFR2=0100h-011Fh -ASFR3=0180h-019Fh \
  -ASFR4=0200h-021Fh -ASFR5=0280h-029Fh -ASFR6=0300h-031Fh \
  -ASFR7=0380h-039Fh -ASFR8=0400h-041Fh -ASFR9=0480h-049Fh \
  -ASFR10=0500h-051Fh -ASFR11=0580h-059Fh -ASFR12=0600h-061Fh \
  -ASFR13=0680h-06EFh -ASFR14=0700h-076Fh -ASFR15=0780h-07EFh \
  -ASFR16=0800h-086Fh -ASFR17=0880h-08EFh -ASFR18=0900h-096Fh \
  -ASFR19=0980h-09EFh -ASFR20=0A00h-0A6Fh -ASFR21=0A80h-0AEFh \
  -ASFR22=0B00h-0B6Fh -ASFR23=0B80h-0BEFh -ASFR24=0C00h-0C6Fh \
  -ASFR25=0C80h-0CEFh -ASFR26=0D00h-0D6Fh -ASFR27=0D80h-0DEFh \
  -ASFR28=0E00h-0E6Fh -ASFR29=0E80h-0EEFh -ASFR30=0F00h-0F6Fh \
  -ASFR31=0F80h-0FEFh -ASFR32=01000h-0106Fh -ASFR33=01080h-010EFh \
  -ASFR34=01100h-0116Fh -ASFR35=01180h-011EFh -ASFR36=01200h-0126Fh \
  -ASFR37=01280h-012EFh -ASFR38=01300h-0136Fh -ASFR39=01380h-013EFh \
  -ASFR40=01400h-0146Fh -ASFR41=01480h-014EFh -ASFR42=01500h-0156Fh \
  -ASFR43=01580h-015EFh -ASFR44=01600h-0166Fh -ASFR45=01680h-016EFh \
  -ASFR46=01700h-0176Fh -ASFR47=01780h-017EFh -ASFR48=01800h-0186Fh \
  -ASFR49=01880h-018EFh -ASFR50=01900h-0196Fh -ASFR51=01980h-019EFh \
  -ASFR52=01A00h-01A6Fh -ASFR53=01A80h-01AEFh -ASFR54=01B00h-01B6Fh \
  -ASFR55=01B80h-01BEFh -ASFR56=01C00h-01C6Fh -ASFR57=01C80h-01CEFh \
  -ASFR58=01D00h-01D6Fh -ASFR59=01D80h-01DEFh -ASFR60=01E00h-01E6Fh \
  -ASFR61=01E80h-01EEFh -ASFR62=01F00h-01F6Fh -ASFR63=01F80h-01FEFh \
  -ACONFIG=08007h-0800Bh -DCONFIG=2 -AIDLOC=08000h-08003h -DIDLOC=2 \
  -AEEDATA=00h-0FFh/0F000h -peeprom_data=EEDATA -DEEDATA=2 -DCODE=2 \
  -DSTRCODE=2 -DSTRING=2 -DCONST=2 -DENTRY=2 \
  -preset_vec=00h,intentry=04h,init,end_init -ppowerup=CODE -pcinit=CODE \
  -pfunctab=ENTRY -k /tmp/xc02dU69C.o \
  dist/default/production/ph485-probe.production.o 

Object code version is 3.11

Machine type is 16F18425



                Name                               Link     Load   Length Selector   Space Scale
/tmp/xc02dU69C.o
                end_init                             69       69        2        8       0
                reset_vec                             0        0        2        0       0
                config                             8007     8007        5        0       4
                idloc                              8000     8000        4        0       5
dist/default/production/ph485-probe.production.o
                cinit                                6B       6B       5B        8       0
                intentry                              4        4       65        8       0
                config                             8007     8007        5        0       4
                idloc                              8000     8000        4        0       5
                text57                             141C     141C        9     2838       0
                text56                              81B      81B       53     1036       0
                text54                             13E9     13E9        2     27D2       0
                text53                                2        2        2        0       0
                text52                             1425     1425        9     284A       0
                text51                             15E6     15E6       2A     2BCC       0
                text50                             142E     142E        A     285C       0
                text49                             1438     1438        A     2870       0
                text48                              86E      86E       55     10DC       0
                text47                             166F     166F       34     2CDE       0
                text46                             14A4     14A4       13     2948       0
                text45                             1745     1745       3D     2E8A       0
                text44                             16D7     16D7       35     2DAE       0
                text43                             15A6     15A6       20     2B4C       0
                text42                             14B7     14B7       13     296E       0
                text41                             1461     1461        C     28C2       0
                text40                              3A0      3A0      246        8       0
                text39                              C47      C47       C7     188E       0
                text38                             1442     1442        A     2884       0
                text37                             1486     1486        E     290C       0
                text36                             13EB     13EB        5     27D6       0
                text35                             163C     163C       33     2C78       0
                text34                              70E      70E       CA        8       0
                text33                             14DD     14DD       14     29BA       0
                text32                             15C6     15C6       20     2B8C       0
                text31                              91D      91D       76     123A       0
                text30                             146D     146D        C     28DA       0
                text29                              801      801       1A     1002       0
                text28                             170C     170C       39     2E18       0
                text27                             1505     1505       16     2A0A       0
                text26                             1587     1587       1F     2B0E       0
                text25                             1610     1610       2C     2C20       0
                text24                             13FC     13FC        8     27F8       0
                text23                             1404     1404        8     2808       0
                text22                             140C     140C        8     2818       0
                text21                             1414     1414        8     2828       0
                text20                              B87      B87       C0     170E       0
                text19                              8C3      8C3       5A     1186       0
                text18                             1569     1569       1E     2AD2       0
                text17                              993      993       9D     1326       0
                text16                              A30      A30       9D     1460       0
                text15                             144C     144C        A     2898       0
                text14                             1456     1456        B     28AC       0
                text13                             16A3     16A3       34     2D46       0
                text12                             14CA     14CA       13     2994       0
                text11                             154C     154C       1D     2A98       0
                text10                             1533     1533       19     2A66       0
                text9                              14F1     14F1       14     29E2       0
                text8                               EF6      EF6      10A     1DEC       0
                text7                              1782     1782       3E     2F04       0
                text6                              1479     1479        D     28F2       0
                text5                               D0E      D0E       F4     1A1C       0
                text4                               ACD      ACD       BA     159A       0
                text3                               5E6      5E6      128        8       0
                text2                               E02      E02       F4     1C04       0
                text1                              1494     1494       10     2928       0
                maintext                             C6       C6      2DA        8       0
                cstackBANK0                          20       20       4B       20       1
                cstackCOMMON                         70       70        8       70       1
                cstackBANK1                          A0       A0       44       A0       1
                cstackBANK2                         120      120       1B      120       1
                clrtext                            13F0     13F0        6     27E0       0
                inittext                           13F6     13F6        6     27EC       0
                bssBANK6                            320      320       20      320       1
                dataBANK5                           2A0      2A0       40      2A0       1
                bssBANK4                            220      220       40      220       1
                dataBANK3                           1A0      1A0       28      1A0       1
                bssBANK3                            1C8      1C8       20      1A0       1
                dataBANK2                           153      153       18      120       1
                bssBANK2                            13B      13B       18      120       1
                bssBANK1                             E4       E4        9       A0       1
                bssBANK0                             6B       6B        5       20       1
                bssCOMMON                            78       78        6       70       1
                stringtext28                       19AD     19AD        3     3000       0
                stringtext27                       19A9     19A9        4     3000       0
                stringtext26                       19A3     19A3        6     3000       0
                stringtext25                       199D     199D        6     3000       0
                stringtext24                       1997     1997        6     3000       0
                stringtext23                       1990     1990        7     3000       0
                stringtext22                       1987     1987        9     3000       0
                stringtext21                       1972     1972        B     3000       0
                stringtext20                       1965     1965        D     3000       0
                stringtext19                       1958     1958        D     3000       0
                stringtext18                       1947     1947       11     3000       0
                stringtext17                       1936     1936       11     3000       0
                stringtext16                       1925     1925       11     3000       0
                stringtext15                       1914     1914       11     3000       0
                stringtext14                       18FE     18FE       16     3000       0
                stringtext13                       18DE     18DE       20     3000       0
                stringtext12                       18BB     18BB       23     3000       0
                stringtext11                       1894     1894       27     3000       0
                stringtext10                       186A     186A       2A     3000       0
                stringtext9                        183D     183D       2D     3000       0
                stringtext8                        1800     1800       3D     3000       0
                stringtext7                        12A6     12A6       46     2000       0
                stringtext6                        125C     125C       4A     2000       0
                stringtext5                        120E     120E       4E     2000       0
                stringtext4                        1195     1195       79     2000       0
                stringtext3                        10D0     10D0       C5     2000       0
                stringtext2                        1000     1000       D0     2000       0
                stringtext1                        197D     197D        A     3000       0
                idataBANK5                         17C0     17C0       40     2F80       0
                idataBANK3                          7D8      7D8       28        8       0
                idataBANK2                         151B     151B       18     2A36       0

TOTAL           Name                               Link     Load   Length     Space
        CLASS   CODE           
                end_init                             69       69        2         0
                cinit                                6B       6B       5B         0
                intentry                              4        4       65         0
                reset_vec                             0        0        2         0
                text57                             141C     141C        9         0
                text56                              81B      81B       53         0
                text54                             13E9     13E9        2         0
                text53                                2        2        2         0
                text52                             1425     1425        9         0
                text51                             15E6     15E6       2A         0
                text50                             142E     142E        A         0
                text49                             1438     1438        A         0
                text48                              86E      86E       55         0
                text47                             166F     166F       34         0
                text46                             14A4     14A4       13         0
                text45                             1745     1745       3D         0
                text44                             16D7     16D7       35         0
                text43                             15A6     15A6       20         0
                text42                             14B7     14B7       13         0
                text41                             1461     1461        C         0
                text40                              3A0      3A0      246         0
                text39                              C47      C47       C7         0
                text38                             1442     1442        A         0
                text37                             1486     1486        E         0
                text36                             13EB     13EB        5         0
                text35                             163C     163C       33         0
                text34                              70E      70E       CA         0
                text33                             14DD     14DD       14         0
                text32                             15C6     15C6       20         0
                text31                              91D      91D       76         0
                text30                             146D     146D        C         0
                text29                              801      801       1A         0
                text28                             170C     170C       39         0
                text27                             1505     1505       16         0
                text26                             1587     1587       1F         0
                text25                             1610     1610       2C         0
                text24                             13FC     13FC        8         0
                text23                             1404     1404        8         0
                text22                             140C     140C        8         0
                text21                             1414     1414        8         0
                text20                              B87      B87       C0         0
                text19                              8C3      8C3       5A         0
                text18                             1569     1569       1E         0
                text17                              993      993       9D         0
                text16                              A30      A30       9D         0
                text15                             144C     144C        A         0
                text14                             1456     1456        B         0
                text13                             16A3     16A3       34         0
                text12                             14CA     14CA       13         0
                text11                             154C     154C       1D         0
                text10                             1533     1533       19         0
                text9                              14F1     14F1       14         0
                text8                               EF6      EF6      10A         0
                text7                              1782     1782       3E         0
                text6                              1479     1479        D         0
                text5                               D0E      D0E       F4         0
                text4                               ACD      ACD       BA         0
                text3                               5E6      5E6      128         0
                text2                               E02      E02       F4         0
                text1                              1494     1494       10         0
                maintext                             C6       C6      2DA         0
                clrtext                            13F0     13F0        6         0
                inittext                           13F6     13F6        6         0
                idataBANK5                         17C0     17C0       40         0
                idataBANK3                          7D8      7D8       28         0
                idataBANK2                         151B     151B       18         0

        CLASS   STRCODE        
                stringtext28                       19AD     19AD        3         0
                stringtext27                       19A9     19A9        4         0
                stringtext26                       19A3     19A3        6         0
                stringtext25                       199D     199D        6         0
                stringtext24                       1997     1997        6         0
                stringtext23                       1990     1990        7         0
                stringtext22                       1987     1987        9         0
                stringtext21                       1972     1972        B         0
                stringtext20                       1965     1965        D         0
                stringtext19                       1958     1958        D         0
                stringtext18                       1947     1947       11         0
                stringtext17                       1936     1936       11         0
                stringtext16                       1925     1925       11         0
                stringtext15                       1914     1914       11         0
                stringtext14                       18FE     18FE       16         0
                stringtext13                       18DE     18DE       20         0
                stringtext12                       18BB     18BB       23         0
                stringtext11                       1894     1894       27         0
                stringtext10                       186A     186A       2A         0
                stringtext9                        183D     183D       2D         0
                stringtext8                        1800     1800       3D         0
                stringtext7                        12A6     12A6       46         0
                stringtext6                        125C     125C       4A         0
                stringtext5                        120E     120E       4E         0
                stringtext4                        1195     1195       79         0
                stringtext3                        10D0     10D0       C5         0
                stringtext2                        1000     1000       D0         0
                stringtext1                        197D     197D        A         0

        CLASS   STRING         

        CLASS   CONST          

        CLASS   ENTRY          

        CLASS   COMMON         
                cstackCOMMON                         70       70        8         1
                bssCOMMON                            78       78        6         1

        CLASS   BANK0          
                cstackBANK0                          20       20       4B         1
                bssBANK0                             6B       6B        5         1

        CLASS   BANK1          
                cstackBANK1                          A0       A0       44         1
                bssBANK1                             E4       E4        9         1

        CLASS   BANK2          
                cstackBANK2                         120      120       1B         1
                dataBANK2                           153      153       18         1
                bssBANK2                            13B      13B       18         1

        CLASS   BANK3          
                dataBANK3                           1A0      1A0       28         1
                bssBANK3                            1C8      1C8       20         1

        CLASS   BANK4          
                bssBANK4                            220      220       40         1

        CLASS   BANK5          
                dataBANK5                           2A0      2A0       40         1

        CLASS   BANK6          
                bssBANK6                            320      320       20         1

        CLASS   BANK7          

        CLASS   BANK8          

        CLASS   BANK9          

        CLASS   BANK10         

        CLASS   BANK11         

        CLASS   BANK12         

        CLASS   BIGRAM         

        CLASS   RAM            

        CLASS   ABS1           
                abs_s1                               7E       7E        2         1

        CLASS   SFR0           

        CLASS   SFR1           

        CLASS   SFR2           

        CLASS   SFR3           

        CLASS   SFR4           

        CLASS   SFR5           

        CLASS   SFR6           

        CLASS   SFR7           

        CLASS   SFR8           

        CLASS   SFR9           

        CLASS   SFR10          

        CLASS   SFR11          

        CLASS   SFR12          

        CLASS   SFR13          

        CLASS   SFR14          

        CLASS   SFR15          

        CLASS   SFR16          

        CLASS   SFR17          

        CLASS   SFR18          

        CLASS   SFR19          

        CLASS   SFR20          

        CLASS   SFR21          

        CLASS   SFR22          

        CLASS   SFR23          

        CLASS   SFR24          

        CLASS   SFR25          

        CLASS   SFR26          

        CLASS   SFR27          

        CLASS   SFR28          

        CLASS   SFR29          

        CLASS   SFR30          

        CLASS   SFR31          

        CLASS   SFR32          

        CLASS   SFR33          

        CLASS   SFR34          

        CLASS   SFR35          

        CLASS   SFR36          

        CLASS   SFR37          

        CLASS   SFR38          

        CLASS   SFR39          

        CLASS   SFR40          

        CLASS   SFR41          

        CLASS   SFR42          

        CLASS   SFR43          

        CLASS   SFR44          

        CLASS   SFR45          

        CLASS   SFR46          

        CLASS   SFR47          

        CLASS   SFR48          

        CLASS   SFR49          

        CLASS   SFR50          

        CLASS   SFR51          

        CLASS   SFR52          

        CLASS   SFR53          

        CLASS   SFR54          

        CLASS   SFR55          

        CLASS   SFR56          

        CLASS   SFR57          

        CLASS   SFR58          

        CLASS   SFR59          

        CLASS   SFR60          

        CLASS   SFR61          

        CLASS   SFR62          

        CLASS   SFR63          

        CLASS   CONFIG         
                config                             8007     8007        5         4

        CLASS   IDLOC          
                idloc                              8000     8000        4         5

        CLASS   EEDATA         

        CLASS   BANK63         

        CLASS   BANK62         

        CLASS   BANK61         

        CLASS   BANK60         

        CLASS   BANK59         

        CLASS   BANK58         

        CLASS   BANK57         

        CLASS   BANK56         

        CLASS   BANK55         

        CLASS   BANK54         

        CLASS   BANK53         

        CLASS   BANK52         

        CLASS   BANK51         

        CLASS   BANK50         

        CLASS   BANK49         

        CLASS   BANK48         

        CLASS   BANK47         

        CLASS   BANK46         

        CLASS   BANK45         

        CLASS   BANK44         

        CLASS   BANK43         

        CLASS   BANK42         

        CLASS   BANK41         

        CLASS   BANK40         

        CLASS   BANK39         

        CLASS   BANK38         

        CLASS   BANK37         

        CLASS   BANK36         

        CLASS   BANK35         

        CLASS   BANK34         

        CLASS   BANK33         

        CLASS   BANK32         

        CLASS   BANK31         

        CLASS   BANK30         

        CLASS   BANK29         

        CLASS   BANK28         

        CLASS   BANK27         

        CLASS   BANK26         

        CLASS   BANK25         

        CLASS   BANK24         

        CLASS   BANK23         

        CLASS   BANK22         

        CLASS   BANK21         

        CLASS   BANK20         

        CLASS   BANK19         

        CLASS   BANK18         

        CLASS   BANK17         

        CLASS   BANK16         

        CLASS   BANK15         

        CLASS   BANK14         

        CLASS   BANK13         

        CLASS   HEAP           

        CLASS   STACK          



SEGMENTS        Name                           Load    Length   Top    Selector   Space  Class     Delta

                text1                          001494  000010  0014A4      2928       0  CODE        2
                text6                          001479  00000D  001486      28F2       0  CODE        2
                text37                         001486  00000E  001494      290C       0  CODE        2
                text11                         00154C  00001D  001569      2A98       0  CODE        2
                text29                         000801  00001A  00081B      1002       0  CODE        2
                text10                         001533  000019  00154C      2A66       0  CODE        2
                text43                         0015A6  000020  0015C6      2B4C       0  CODE        2
                text26                         001587  00001F  0015A6      2B0E       0  CODE        2
                text18                         001569  00001E  001587      2AD2       0  CODE        2
                idataBANK2                     00151B  000018  001533      2A36       0  CODE        2
                text12                         0014CA  000013  0014DD      2994       0  CODE        2
                text42                         0014B7  000013  0014CA      296E       0  CODE        2
                text46                         0014A4  000013  0014B7      2948       0  CODE        2
                text27                         001505  000016  00151B      2A0A       0  CODE        2
                text9                          0014F1  000014  001505      29E2       0  CODE        2
                text33                         0014DD  000014  0014F1      29BA       0  CODE        2
                reset_vec                      000000  000004  000004         0       0  CODE        2
                text49                         001438  00000A  001442      2870       0  CODE        2
                text50                         00142E  00000A  001438      285C       0  CODE        2
                text14                         001456  00000B  001461      28AC       0  CODE        2
                text41                         001461  00000C  00146D      28C2       0  CODE        2
                text30                         00146D  00000C  001479      28DA       0  CODE        2
                text15                         00144C  00000A  001456      2898       0  CODE        2
                text38                         001442  00000A  00144C      2884       0  CODE        2
                text32                         0015C6  000020  0015E6      2B8C       0  CODE        2
                text51                         0015E6  00002A  001610      2BCC       0  CODE        2
                text25                         001610  00002C  00163C      2C20       0  CODE        2
                text44                         0016D7  000035  00170C      2DAE       0  CODE        2
                text28                         00170C  000039  001745      2E18       0  CODE        2
                text45                         001745  00003D  001782      2E8A       0  CODE        2
                text35                         00163C  000033  00166F      2C78       0  CODE        2
                text47                         00166F  000034  0016A3      2CDE       0  CODE        2
                text13                         0016A3  000034  0016D7      2D46       0  CODE        2
                text57                         00141C  000009  001425      2838       0  CODE        2
                clrtext                        0013F0  000006  0013F6      27E0       0  CODE        2
                inittext                       0013F6  000006  0013FC      27EC       0  CODE        2
                text54                         0013E9  000002  0013EB      27D2       0  CODE        2
                text36                         0013EB  000005  0013F0      27D6       0  CODE        2
                text22                         00140C  000008  001414      2818       0  CODE        2
                text21                         001414  000008  00141C      2828       0  CODE        2
                text24                         0013FC  000008  001404      27F8       0  CODE        2
                text23                         001404  000008  00140C      2808       0  CODE        2
                text52                         001425  000009  00142E      284A       0  CODE        2
                stringtext8                    001800  0001B0  0019B0      3000       0  STRCODE     2
                bssBANK6                       000320  000020  000340       320       1  BANK6       1
                dataBANK3                      0001A0  000048  0001E8       1A0       1  BANK3       1
                cstackBANK2                    000120  00004B  00016B       120       1  BANK2       1
                dataBANK5                      0002A0  000040  0002E0       2A0       1  BANK5       1
                intentry                       000004  0007FC  000800         8       0  CODE        2
                bssBANK4                       000220  000040  000260       220       1  BANK4       1
                cstackCOMMON                   000070  00000E  00007E        70       1  COMMON      1
                cstackBANK1                    0000A0  00004D  0000ED        A0       1  BANK1       1
                cstackBANK0                    000020  000050  000070        20       1  BANK0       1
                text17                         000993  00009D  000A30      1326       0  CODE        2
                text31                         00091D  000076  000993      123A       0  CODE        2
                text16                         000A30  00009D  000ACD      1460       0  CODE        2
                text20                         000B87  0000C0  000C47      170E       0  CODE        2
                text4                          000ACD  0000BA  000B87      159A       0  CODE        2
                text19                         0008C3  00005A  00091D      1186       0  CODE        2
                text7                          001782  00003E  0017C0      2F04       0  CODE        2
                idataBANK5                     0017C0  000040  001800      2F80       0  CODE        2
                text48                         00086E  000055  0008C3      10DC       0  CODE        2
                text56                         00081B  000053  00086E      1036       0  CODE        2
                stringtext2                    001000  0002EC  0012EC      2000       0  STRCODE     2
                text39                         000C47  0000C7  000D0E      188E       0  CODE        2
                text5                          000D0E  0000F4  000E02      1A1C       0  CODE        2
                text8                          000EF6  00010A  001000      1DEC       0  CODE        2
                text2                          000E02  0000F4  000EF6      1C04       0  CODE        2


UNUSED ADDRESS RANGES

        Name                Unused          Largest block    Delta
        BANK1            000ED-000EF               3           1
        BANK10           00520-0056F              50           1
        BANK11           005A0-005EF              50           1
        BANK12           00620-0064F              30           1
        BANK2            0016B-0016F               5           1
        BANK3            001E8-001EF               8           1
        BANK4            00260-0026F              10           1
        BANK5            002E0-002EF              10           1
        BANK6            00340-0036F              30           1
        BANK7            003A0-003EF              50           1
        BANK8            00420-0046F              50           1
        BANK9            004A0-004EF              50           1
        BIGRAM           02000-023EF             3F0           1
        CODE             00800-00800               1           2
                         012EC-013E8              FD
                         019B0-01FFF             650
        CONST            00800-00800               1           2
                         012EC-013E8              14
                         019B0-01FFF             100
        EEDATA           0F000-0F0FF             100           2
        ENTRY            00800-00800               1           2
                         012EC-013E8              14
                         019B0-01FFF             100
        RAM              000ED-000EF               3           1
                         0016B-0016F               5
                         001E8-001EF               8
                         00260-0026F              10
                         002E0-002EF              10
                         00340-0036F              30
                         003A0-003EF              50
                         00420-0046F              50
                         004A0-004EF              50
                         00520-0056F              50
                         005A0-005EF              50
                         00620-0064F              30
        SFR0             00000-0001F              20           1
        SFR1             00080-0009F              20           1
        SFR10            00500-0051F              20           1
        SFR11            00580-0059F              20           1
        SFR12            00600-0061F              20           1
        SFR13            00680-006EF              70           1
        SFR14            00700-0076F              70           1
        SFR15            00780-007EF              70           1
        SFR16            00800-0086F              70           1
        SFR17            00880-008EF              70           1
        SFR18            00900-0096F              70           1
        SFR19            00980-009EF              70           1
        SFR2             00100-0011F              20           1
        SFR20            00A00-00A6F              70           1
        SFR21            00A80-00AEF              70           1
        SFR22            00B00-00B6F              70           1
        SFR23            00B80-00BEF              70           1
        SFR24            00C00-00C6F              70           1
        SFR25            00C80-00CEF              70           1
        SFR26            00D00-00D6F              70           1
        SFR27            00D80-00DEF              70           1
        SFR28            00E00-00E6F              70           1
        SFR29            00E80-00EEF              70           1
        SFR3             00180-0019F              20           1
        SFR30            00F00-00F6F              70           1
        SFR31            00F80-00FEF              70           1
        SFR32            01000-0106F              70           1
        SFR33            01080-010EF              70           1
        SFR34            01100-0116F              70           1
        SFR35            01180-011EF              70           1
        SFR36            01200-0126F              70           1
        SFR37            01280-012EF              70           1
        SFR38            01300-0136F              70           1
        SFR39            01380-013EF              70           1
        SFR4             00200-0021F              20           1
        SFR40            01400-0146F              70           1
        SFR41            01480-014EF              70           1
        SFR42            01500-0156F              70           1
        SFR43            01580-015EF              70           1
        SFR44            01600-0166F              70           1
        SFR45            01680-016EF              70           1
        SFR46            01700-0176F              70           1
        SFR47            01780-017EF              70           1
        SFR48            01800-0186F              70           1
        SFR49            01880-018EF              70           1
        SFR5             00280-0029F              20           1
        SFR50            01900-0196F              70           1
        SFR51            01980-019EF              70           1
        SFR52            01A00-01A6F              70           1
        SFR53            01A80-01AEF              70           1
        SFR54            01B00-01B6F              70           1
        SFR55            01B80-01BEF              70           1
        SFR56            01C00-01C6F              70           1
        SFR57            01C80-01CEF              70           1
        SFR58            01D00-01D6F              70           1
        SFR59            01D80-01DEF              70           1
        SFR6             00300-0031F              20           1
        SFR60            01E00-01E6F              70           1
        SFR61            01E80-01EEF              70           1
        SFR62            01F00-01F6F              70           1
        SFR63            01F80-01FEF              70           1
        SFR7             00380-0039F              20           1
        SFR8             00400-0041F              20           1
        SFR9             00480-0049F              20           1
        STRCODE          00800-00800               1           2
                         012EC-013E8              FD
                         019B0-01FFF             650
        STRING           00800-00800               1           2
                         012EC-013E8              14
                         019B0-01FFF             100

                                  Symbol Table

?___lmul                                                 cstackBANK0  00020
?___lwdiv                                                cstackBANK0  00020
?___lwmod                                                cstackBANK0  00028
?___wmul                                                 cstackBANK0  00020
?_calculate_diff                                         cstackBANK0  00020
?_crc16_modbus                                           cstackBANK0  00020
?_get_ticks                                              cstackCOMMON 00070
?_get_ticks_with_lock                                    cstackBANK0  00020
?_printf                                                 cstackBANK0  0002E
?_strtol                                                 cstackBANK0  0002C
EUSART1_Write@txData                                     cstackBANK0  00020
EUSART1_Write_1@i                                        cstackBANK0  00023
EUSART1_Write_1@length                                   cstackBANK0  00021
EUSART1_Write_1@txbuf                                    cstackBANK0  00024
LED_flashes_three_times@i                                cstackBANK0  00021
_ANSELA                                                  (abs)        01F38
_ANSELAbits                                              (abs)        01F38
_ANSELC                                                  (abs)        01F4E
_BAUD1CON                                                (abs)        0011F
_Disable_Global_Interrupt                                text54       013E9
_EUSART1_Write                                           text30       0146D
_EUSART1_Write_1                                         text29       00801
_Enable_Global_Interrupt                                 text53       00002
_GIE                                                     (abs)        0005F
_INLVLA                                                  (abs)        01F3C
_INLVLC                                                  (abs)        01F52
_INTCONbits                                              (abs)        0000B
_INTERRUPT_InterruptManager                              intentry     00004
_LATA                                                    (abs)        00018
_LATC                                                    (abs)        0001A
_LATCbits                                                (abs)        0001A
_LED_flashes_three_times                                 text25       01610
_ODCONA                                                  (abs)        01F3A
_ODCONC                                                  (abs)        01F50
_OSCCON1                                                 (abs)        0088D
_OSCCON3                                                 (abs)        0088F
_OSCEN                                                   (abs)        00891
_OSCFRQ                                                  (abs)        00893
_OSCILLATOR_Initialize                                   text52       01425
_OSCTUNE                                                 (abs)        00892
_PIE0bits                                                (abs)        00716
_PIE3bits                                                (abs)        00719
_PIN_MANAGER_Initialize                                  text51       015E6
_PIR0bits                                                (abs)        0070C
_PIR3bits                                                (abs)        0070F
_PMD0                                                    (abs)        00796
_PMD1                                                    (abs)        00797
_PMD2                                                    (abs)        00798
_PMD3                                                    (abs)        00799
_PMD4                                                    (abs)        0079A
_PMD5                                                    (abs)        0079B
_PMD6                                                    (abs)        0079C
_PMD7                                                    (abs)        0079D
_PMD_Initialize                                          text50       0142E
_PORTAbits                                               (abs)        0000C
_RA5PPS                                                  (abs)        01F15
_RC0PPS                                                  (abs)        01F20
_RC1PPS                                                  (abs)        01F21
_RC1REG                                                  (abs)        00119
_RC1STA                                                  (abs)        0011D
_RC3PPS                                                  (abs)        01F23
_RC5PPS                                                  (abs)        01F25
_RX1DTPPS                                                (abs)        01ECB
_SLRCONA                                                 (abs)        01F3B
_SLRCONC                                                 (abs)        01F51
_SP1BRGH                                                 (abs)        0011C
_SP1BRGL                                                 (abs)        0011B
_SSP1ADD                                                 (abs)        0018D
_SSP1BUF                                                 (abs)        0018C
_SSP1CLKPPS                                              (abs)        01EC5
_SSP1CON1                                                (abs)        00190
_SSP1CON1bits                                            (abs)        00190
_SSP1CON2                                                (abs)        00191
_SSP1CON2bits                                            (abs)        00191
_SSP1DATPPS                                              (abs)        01EC6
_SSP1MSK                                                 (abs)        0018E
_SSP1STAT                                                (abs)        0018F
_SSP1STATbits                                            (abs)        0018F
_SYSTEM_Initialize                                       text49       01438
_T0CON0                                                  (abs)        0059E
_T0CON1                                                  (abs)        0059F
_TMR0H                                                   (abs)        0059D
_TMR0L                                                   (abs)        0059C
_TRISA                                                   (abs)        00012
_TRISAbits                                               (abs)        00012
_TRISC                                                   (abs)        00014
_TX1REG                                                  (abs)        0011A
_TX1STA                                                  (abs)        0011E
_WPUA                                                    (abs)        01F39
_WPUC                                                    (abs)        01F4F
__Habs1                                                  abs1         00000
__Hbank0                                                 bank0        00000
__Hbank1                                                 bank1        00000
__Hbank10                                                bank10       00000
__Hbank11                                                bank11       00000
__Hbank12                                                bank12       00000
__Hbank13                                                bank13       00000
__Hbank14                                                bank14       00000
__Hbank15                                                bank15       00000
__Hbank16                                                bank16       00000
__Hbank17                                                bank17       00000
__Hbank18                                                bank18       00000
__Hbank19                                                bank19       00000
__Hbank2                                                 bank2        00000
__Hbank20                                                bank20       00000
__Hbank21                                                bank21       00000
__Hbank22                                                bank22       00000
__Hbank23                                                bank23       00000
__Hbank24                                                bank24       00000
__Hbank25                                                bank25       00000
__Hbank26                                                bank26       00000
__Hbank27                                                bank27       00000
__Hbank28                                                bank28       00000
__Hbank29                                                bank29       00000
__Hbank3                                                 bank3        00000
__Hbank30                                                bank30       00000
__Hbank31                                                bank31       00000
__Hbank32                                                bank32       00000
__Hbank33                                                bank33       00000
__Hbank34                                                bank34       00000
__Hbank35                                                bank35       00000
__Hbank36                                                bank36       00000
__Hbank37                                                bank37       00000
__Hbank38                                                bank38       00000
__Hbank39                                                bank39       00000
__Hbank4                                                 bank4        00000
__Hbank40                                                bank40       00000
__Hbank41                                                bank41       00000
__Hbank42                                                bank42       00000
__Hbank43                                                bank43       00000
__Hbank44                                                bank44       00000
__Hbank45                                                bank45       00000
__Hbank46                                                bank46       00000
__Hbank47                                                bank47       00000
__Hbank48                                                bank48       00000
__Hbank49                                                bank49       00000
__Hbank5                                                 bank5        00000
__Hbank50                                                bank50       00000
__Hbank51                                                bank51       00000
__Hbank52                                                bank52       00000
__Hbank53                                                bank53       00000
__Hbank54                                                bank54       00000
__Hbank55                                                bank55       00000
__Hbank56                                                bank56       00000
__Hbank57                                                bank57       00000
__Hbank58                                                bank58       00000
__Hbank59                                                bank59       00000
__Hbank6                                                 bank6        00000
__Hbank60                                                bank60       00000
__Hbank61                                                bank61       00000
__Hbank62                                                bank62       00000
__Hbank63                                                bank63       00000
__Hbank7                                                 bank7        00000
__Hbank8                                                 bank8        00000
__Hbank9                                                 bank9        00000
__Hbigram                                                bigram       00000
__HbssBANK0                                              bssBANK0     00000
__HbssBANK1                                              bssBANK1     00000
__HbssBANK2                                              bssBANK2     00000
__HbssBANK3                                              bssBANK3     00000
__HbssBANK4                                              bssBANK4     00000
__HbssBANK6                                              bssBANK6     00000
__HbssCOMMON                                             bssCOMMON    00000
__Hcinit                                                 cinit        000C6
__Hclrtext                                               clrtext      00000
__Hcode                                                  code         00000
__Hcommon                                                common       00000
__Hconfig                                                config       0800C
__HcstackBANK0                                           cstackBANK0  00000
__HcstackBANK1                                           cstackBANK1  00000
__HcstackBANK2                                           cstackBANK2  00000
__HcstackCOMMON                                          cstackCOMMON 00000
__HdataBANK2                                             dataBANK2    00000
__HdataBANK3                                             dataBANK3    00000
__HdataBANK5                                             dataBANK5    00000
__Heeprom_data                                           eeprom_data  00000
__Hend_init                                              end_init     0006B
__Hfunctab                                               functab      00000
__Hheap                                                  heap         00000
__HidataBANK2                                            idataBANK2   00000
__HidataBANK3                                            idataBANK3   00000
__HidataBANK5                                            idataBANK5   00000
__Hidloc                                                 idloc        08004
__Hinit                                                  init         00069
__Hinittext                                              inittext     00000
__Hintentry                                              intentry     00069
__Hmaintext                                              maintext     00000
__Hpowerup                                               powerup      00000
__Hram                                                   ram          00000
__Hreset_vec                                             reset_vec    00002
__Hsfr0                                                  sfr0         00000
__Hsfr1                                                  sfr1         00000
__Hsfr10                                                 sfr10        00000
__Hsfr11                                                 sfr11        00000
__Hsfr12                                                 sfr12        00000
__Hsfr13                                                 sfr13        00000
__Hsfr14                                                 sfr14        00000
__Hsfr15                                                 sfr15        00000
__Hsfr16                                                 sfr16        00000
__Hsfr17                                                 sfr17        00000
__Hsfr18                                                 sfr18        00000
__Hsfr19                                                 sfr19        00000
__Hsfr2                                                  sfr2         00000
__Hsfr20                                                 sfr20        00000
__Hsfr21                                                 sfr21        00000
__Hsfr22                                                 sfr22        00000
__Hsfr23                                                 sfr23        00000
__Hsfr24                                                 sfr24        00000
__Hsfr25                                                 sfr25        00000
__Hsfr26                                                 sfr26        00000
__Hsfr27                                                 sfr27        00000
__Hsfr28                                                 sfr28        00000
__Hsfr29                                                 sfr29        00000
__Hsfr3                                                  sfr3         00000
__Hsfr30                                                 sfr30        00000
__Hsfr31                                                 sfr31        00000
__Hsfr32                                                 sfr32        00000
__Hsfr33                                                 sfr33        00000
__Hsfr34                                                 sfr34        00000
__Hsfr35                                                 sfr35        00000
__Hsfr36                                                 sfr36        00000
__Hsfr37                                                 sfr37        00000
__Hsfr38                                                 sfr38        00000
__Hsfr39                                                 sfr39        00000
__Hsfr4                                                  sfr4         00000
__Hsfr40                                                 sfr40        00000
__Hsfr41                                                 sfr41        00000
__Hsfr42                                                 sfr42        00000
__Hsfr43                                                 sfr43        00000
__Hsfr44                                                 sfr44        00000
__Hsfr45                                                 sfr45        00000
__Hsfr46                                                 sfr46        00000
__Hsfr47                                                 sfr47        00000
__Hsfr48                                                 sfr48        00000
__Hsfr49                                                 sfr49        00000
__Hsfr5                                                  sfr5         00000
__Hsfr50                                                 sfr50        00000
__Hsfr51                                                 sfr51        00000
__Hsfr52                                                 sfr52        00000
__Hsfr53                                                 sfr53        00000
__Hsfr54                                                 sfr54        00000
__Hsfr55                                                 sfr55        00000
__Hsfr56                                                 sfr56        00000
__Hsfr57                                                 sfr57        00000
__Hsfr58                                                 sfr58        00000
__Hsfr59                                                 sfr59        00000
__Hsfr6                                                  sfr6         00000
__Hsfr60                                                 sfr60        00000
__Hsfr61                                                 sfr61        00000
__Hsfr62                                                 sfr62        00000
__Hsfr63                                                 sfr63        00000
__Hsfr7                                                  sfr7         00000
__Hsfr8                                                  sfr8         00000
__Hsfr9                                                  sfr9         00000
__Hspace_0                                               (abs)        019B0
__Hspace_1                                               (abs)        00340
__Hspace_2                                               (abs)        00000
__Hspace_3                                               (abs)        00000
__Hspace_4                                               (abs)        10013
__Hstack                                                 stack        00000
__Hstrings                                               strings      00000
__Hstringtext1                                           stringtext1  00000
__Hstringtext10                                          stringtext10 00000
__Hstringtext11                                          stringtext11 00000
__Hstringtext12                                          stringtext12 00000
__Hstringtext13                                          stringtext13 00000
__Hstringtext14                                          stringtext14 00000
__Hstringtext15                                          stringtext15 00000
__Hstringtext16                                          stringtext16 00000
__Hstringtext17                                          stringtext17 00000
__Hstringtext18                                          stringtext18 00000
__Hstringtext19                                          stringtext19 00000
__Hstringtext2                                           stringtext2  00000
__Hstringtext20                                          stringtext20 00000
__Hstringtext21                                          stringtext21 00000
__Hstringtext22                                          stringtext22 00000
__Hstringtext23                                          stringtext23 00000
__Hstringtext24                                          stringtext24 00000
__Hstringtext25                                          stringtext25 00000
__Hstringtext26                                          stringtext26 00000
__Hstringtext27                                          stringtext27 00000
__Hstringtext28                                          stringtext28 00000
__Hstringtext29                                          stringtext29 00000
__Hstringtext3                                           stringtext3  00000
__Hstringtext4                                           stringtext4  00000
__Hstringtext5                                           stringtext5  00000
__Hstringtext6                                           stringtext6  00000
__Hstringtext7                                           stringtext7  00000
__Hstringtext8                                           stringtext8  00000
__Hstringtext9                                           stringtext9  00000
__Htext                                                  text         00000
__Labs1                                                  abs1         00000
__Lbank0                                                 bank0        00000
__Lbank1                                                 bank1        00000
__Lbank10                                                bank10       00000
__Lbank11                                                bank11       00000
__Lbank12                                                bank12       00000
__Lbank13                                                bank13       00000
__Lbank14                                                bank14       00000
__Lbank15                                                bank15       00000
__Lbank16                                                bank16       00000
__Lbank17                                                bank17       00000
__Lbank18                                                bank18       00000
__Lbank19                                                bank19       00000
__Lbank2                                                 bank2        00000
__Lbank20                                                bank20       00000
__Lbank21                                                bank21       00000
__Lbank22                                                bank22       00000
__Lbank23                                                bank23       00000
__Lbank24                                                bank24       00000
__Lbank25                                                bank25       00000
__Lbank26                                                bank26       00000
__Lbank27                                                bank27       00000
__Lbank28                                                bank28       00000
__Lbank29                                                bank29       00000
__Lbank3                                                 bank3        00000
__Lbank30                                                bank30       00000
__Lbank31                                                bank31       00000
__Lbank32                                                bank32       00000
__Lbank33                                                bank33       00000
__Lbank34                                                bank34       00000
__Lbank35                                                bank35       00000
__Lbank36                                                bank36       00000
__Lbank37                                                bank37       00000
__Lbank38                                                bank38       00000
__Lbank39                                                bank39       00000
__Lbank4                                                 bank4        00000
__Lbank40                                                bank40       00000
__Lbank41                                                bank41       00000
__Lbank42                                                bank42       00000
__Lbank43                                                bank43       00000
__Lbank44                                                bank44       00000
__Lbank45                                                bank45       00000
__Lbank46                                                bank46       00000
__Lbank47                                                bank47       00000
__Lbank48                                                bank48       00000
__Lbank49                                                bank49       00000
__Lbank5                                                 bank5        00000
__Lbank50                                                bank50       00000
__Lbank51                                                bank51       00000
__Lbank52                                                bank52       00000
__Lbank53                                                bank53       00000
__Lbank54                                                bank54       00000
__Lbank55                                                bank55       00000
__Lbank56                                                bank56       00000
__Lbank57                                                bank57       00000
__Lbank58                                                bank58       00000
__Lbank59                                                bank59       00000
__Lbank6                                                 bank6        00000
__Lbank60                                                bank60       00000
__Lbank61                                                bank61       00000
__Lbank62                                                bank62       00000
__Lbank63                                                bank63       00000
__Lbank7                                                 bank7        00000
__Lbank8                                                 bank8        00000
__Lbank9                                                 bank9        00000
__Lbigram                                                bigram       00000
__LbssBANK0                                              bssBANK0     00000
__LbssBANK1                                              bssBANK1     00000
__LbssBANK2                                              bssBANK2     00000
__LbssBANK3                                              bssBANK3     00000
__LbssBANK4                                              bssBANK4     00000
__LbssBANK6                                              bssBANK6     00000
__LbssCOMMON                                             bssCOMMON    00000
__Lcinit                                                 cinit        0006B
__Lclrtext                                               clrtext      00000
__Lcode                                                  code         00000
__Lcommon                                                common       00000
__Lconfig                                                config       00000
__LcstackBANK0                                           cstackBANK0  00000
__LcstackBANK1                                           cstackBANK1  00000
__LcstackBANK2                                           cstackBANK2  00000
__LcstackCOMMON                                          cstackCOMMON 00000
__LdataBANK2                                             dataBANK2    00000
__LdataBANK3                                             dataBANK3    00000
__LdataBANK5                                             dataBANK5    00000
__Leeprom_data                                           eeprom_data  00000
__Lend_init                                              end_init     00069
__Lfunctab                                               functab      00000
__Lheap                                                  heap         00000
__LidataBANK2                                            idataBANK2   00000
__LidataBANK3                                            idataBANK3   00000
__LidataBANK5                                            idataBANK5   00000
__Lidloc                                                 idloc        00000
__Linit                                                  init         00069
__Linittext                                              inittext     00000
__Lintentry                                              intentry     00004
__Lmaintext                                              maintext     00000
__Lpowerup                                               powerup      00000
__Lram                                                   ram          00000
__Lreset_vec                                             reset_vec    00000
__Lsfr0                                                  sfr0         00000
__Lsfr1                                                  sfr1         00000
__Lsfr10                                                 sfr10        00000
__Lsfr11                                                 sfr11        00000
__Lsfr12                                                 sfr12        00000
__Lsfr13                                                 sfr13        00000
__Lsfr14                                                 sfr14        00000
__Lsfr15                                                 sfr15        00000
__Lsfr16                                                 sfr16        00000
__Lsfr17                                                 sfr17        00000
__Lsfr18                                                 sfr18        00000
__Lsfr19                                                 sfr19        00000
__Lsfr2                                                  sfr2         00000
__Lsfr20                                                 sfr20        00000
__Lsfr21                                                 sfr21        00000
__Lsfr22                                                 sfr22        00000
__Lsfr23                                                 sfr23        00000
__Lsfr24                                                 sfr24        00000
__Lsfr25                                                 sfr25        00000
__Lsfr26                                                 sfr26        00000
__Lsfr27                                                 sfr27        00000
__Lsfr28                                                 sfr28        00000
__Lsfr29                                                 sfr29        00000
__Lsfr3                                                  sfr3         00000
__Lsfr30                                                 sfr30        00000
__Lsfr31                                                 sfr31        00000
__Lsfr32                                                 sfr32        00000
__Lsfr33                                                 sfr33        00000
__Lsfr34                                                 sfr34        00000
__Lsfr35                                                 sfr35        00000
__Lsfr36                                                 sfr36        00000
__Lsfr37                                                 sfr37        00000
__Lsfr38                                                 sfr38        00000
__Lsfr39                                                 sfr39        00000
__Lsfr4                                                  sfr4         00000
__Lsfr40                                                 sfr40        00000
__Lsfr41                                                 sfr41        00000
__Lsfr42                                                 sfr42        00000
__Lsfr43                                                 sfr43        00000
__Lsfr44                                                 sfr44        00000
__Lsfr45                                                 sfr45        00000
__Lsfr46                                                 sfr46        00000
__Lsfr47                                                 sfr47        00000
__Lsfr48                                                 sfr48        00000
__Lsfr49                                                 sfr49        00000
__Lsfr5                                                  sfr5         00000
__Lsfr50                                                 sfr50        00000
__Lsfr51                                                 sfr51        00000
__Lsfr52                                                 sfr52        00000
__Lsfr53                                                 sfr53        00000
__Lsfr54                                                 sfr54        00000
__Lsfr55                                                 sfr55        00000
__Lsfr56                                                 sfr56        00000
__Lsfr57                                                 sfr57        00000
__Lsfr58                                                 sfr58        00000
__Lsfr59                                                 sfr59        00000
__Lsfr6                                                  sfr6         00000
__Lsfr60                                                 sfr60        00000
__Lsfr61                                                 sfr61        00000
__Lsfr62                                                 sfr62        00000
__Lsfr63                                                 sfr63        00000
__Lsfr7                                                  sfr7         00000
__Lsfr8                                                  sfr8         00000
__Lsfr9                                                  sfr9         00000
__Lspace_0                                               (abs)        00000
__Lspace_1                                               (abs)        00000
__Lspace_2                                               (abs)        00000
__Lspace_3                                               (abs)        00000
__Lspace_4                                               (abs)        00000
__Lstack                                                 stack        00000
__Lstrings                                               strings      00000
__Lstringtext1                                           stringtext1  00000
__Lstringtext10                                          stringtext10 00000
__Lstringtext11                                          stringtext11 00000
__Lstringtext12                                          stringtext12 00000
__Lstringtext13                                          stringtext13 00000
__Lstringtext14                                          stringtext14 00000
__Lstringtext15                                          stringtext15 00000
__Lstringtext16                                          stringtext16 00000
__Lstringtext17                                          stringtext17 00000
__Lstringtext18                                          stringtext18 00000
__Lstringtext19                                          stringtext19 00000
__Lstringtext2                                           stringtext2  00000
__Lstringtext20                                          stringtext20 00000
__Lstringtext21                                          stringtext21 00000
__Lstringtext22                                          stringtext22 00000
__Lstringtext23                                          stringtext23 00000
__Lstringtext24                                          stringtext24 00000
__Lstringtext25                                          stringtext25 00000
__Lstringtext26                                          stringtext26 00000
__Lstringtext27                                          stringtext27 00000
__Lstringtext28                                          stringtext28 00000
__Lstringtext29                                          stringtext29 00000
__Lstringtext3                                           stringtext3  00000
__Lstringtext4                                           stringtext4  00000
__Lstringtext5                                           stringtext5  00000
__Lstringtext6                                           stringtext6  00000
__Lstringtext7                                           stringtext7  00000
__Lstringtext8                                           stringtext8  00000
__Lstringtext9                                           stringtext9  00000
__Ltext                                                  text         00000
__S0                                                     (abs)        019B0
__S1                                                     (abs)        00340
__S3                                                     (abs)        00000
___heap_hi                                               (abs)        00000
___heap_lo                                               (abs)        00000
___int_sp                                                stack        00000
___is_double_click                                       text5        00D0E
___is_double_click@b                                     cstackBANK0  00020
___is_double_click@condition1                            cstackBANK0  0002E
___is_double_click@condition2                            cstackBANK0  0002F
___is_double_click@condition3                            cstackBANK0  00030
___is_double_click@now                                   cstackBANK0  00022
___is_long_press                                         text4        00ACD
___is_long_press@b                                       cstackBANK0  00020
___is_long_press@condition1                              cstackBANK0  0002E
___is_long_press@condition2                              cstackBANK0  0002F
[...]
__ptext6                                                 text6        01479
__ptext7                                                 text7        01782
__ptext8                                                 text8        00EF6
__ptext9                                                 text9        014F1
_calculate_crc_and_fill_array                            text18       01569
_calculate_diff                                          text48       0086E
_crc16_modbus                                            text19       008C3
_currentRegister                                         bssCOMMON    0007C
_currentState                                            bssBANK0     0006B
_dispatch                                                text47       0166F
_dpowers                                                 stringtext1  0197D
_dump_buffer                                             text39       00C47
_dump_buffer$891                                         cstackBANK0  00053
_dump_memory_map                                         text38       01442
_enable_tx_transmit                                      text37       01486
_enable_uart_printf                                      text36       013EB
_get_measured_adc_value                                  text35       0163C
_get_measured_value                                      text34       0070E
_get_ticks                                               text57       0141C
_get_ticks_with_lock                                     text33       014DD
_hexpowers                                               stringtext2  01000
_i2c_slave_init                                          text32       015C6
_i2c_slave_interrupt                                     text56       0081B
_i2c_slave_set_register                                  text15       0144C
_i2c_slave_set_register_with_lock                        text14       01456
_init_button                                             text31       0091D
_is_RA5_button_pressed                                   bssBANK0     0006D
_is_long_press                                           text24       013FC
_is_printing                                             bssBANK0     0006C
_is_single_click                                         text23       01404
_isalpha                                                 text11       0154C
_isalpha$1979                                            cstackBANK0  00022
_isdigit                                                 text42       014B7
_isdigit$1945                                            cstackBANK0  00020
_isprint                                                 text46       014A4
_isprint$1948                                            cstackBANK0  00020
_isspace                                                 text10       01533
_isspace$1982                                            cstackBANK0  00020
_isupper                                                 text12       014CA
_isupper$1985                                            cstackBANK0  00020
_main                                                    maintext     000C6
_measured_adc                                            text28       0170C
_measurement                                             text26       01587
_monitoring_sync                                         text20       00B87
_printf                                                  text40       003A0
_printf$1662                                             cstackBANK0  0003E
_putch                                                   text41       01461
_reset_long_press_flag                                   text22       0140C
_reset_single_click_flag                                 text21       01414
_rxbuffer                                                bssBANK3     001C8
_rxbuffer_index                                          bssCOMMON    0007D
_save_bottom_adc_point                                   text17       00993
_save_top_adc_point                                      text16       00A30
_send_measured_command                                   text27       01505
_set_device_serial_number_to_i2c_slave_memorymap         text7        01782
_slaveData                                               bssBANK4     00220
_strtol                                                  text8        00EF6
_test_recived_data                                       dataBANK2    0015B
_ticks                                                   bssCOMMON    00078
_tmr0_init                                               text6        01479
_toupper                                                 text9        014F1
_uart_rx_package_event                                   bssBANK1     000EC
_uart_rx_states                                          bssBANK0     0006E
_uart_rx_ticks                                           bssBANK1     000E8
_update_mybutton                                         text2        00E02
_usart_init                                              text1        01494
btemp                                                    (abs)        0007E
calculate_crc_and_fill_array@crc                         cstackBANK0  00030
calculate_crc_and_fill_array@data                        cstackBANK0  00032
calculate_crc_and_fill_array@data_len                    cstackBANK0  0002E
calculate_diff@diff                                      cstackBANK0  00030
calculate_diff@now                                       cstackBANK0  00020
calculate_diff@prev_ticks                                cstackBANK0  00024
clear_ram0                                               clrtext      013F0
crc16_modbus@crc                                         cstackBANK0  0002C
crc16_modbus@data                                        cstackBANK0  00027
crc16_modbus@i                                           cstackBANK0  00028
crc16_modbus@j                                           cstackBANK0  0002A
crc16_modbus@len                                         cstackBANK0  00020
crc16_modbus@poly                                        cstackBANK0  00025
delay_state@prev_ticks_delay                             bssBANK2     0013B
dispatch@b1                                              cstackBANK0  00020
dispatch@b1_clicked_count                                cstackBANK0  00024
dispatch@b1_clicked_count_ptr                            cstackBANK0  00022
dispatch@b2                                              cstackBANK0  00021
dispatch@b2_clicked_count                                cstackBANK0  00025
dispatch@b2_clicked_count_ptr                            cstackBANK0  00023
dispatch@state                                           cstackBANK0  00026
dump_buffer@buffer                                       cstackBANK0  00055
dump_buffer@i                                            cstackBANK0  00057
dump_buffer@j                                            cstackBANK0  00059
dump_buffer@p                                            cstackBANK0  00056
dump_buffer@size                                         cstackBANK0  0004D
end_of_initialization                                    cinit        000C2
get_measured_adc_value@sensor_value                      cstackBANK0  0004E
get_measured_value@payload_ph                            cstackBANK0  0005D
get_measured_value@payload_temp                          cstackBANK0  00061
get_measured_value@ph                                    cstackBANK0  00059
get_measured_value@sensor_value                          cstackBANK0  00065
get_measured_value@temp                                  cstackBANK0  0005B
get_ticks_with_lock@result                               cstackBANK0  00024
i2c_slave_init@i                                         cstackBANK0  00021
i2c_slave_interrupt@isNack                               cstackCOMMON 00072
i2c_slave_interrupt@isRead                               cstackCOMMON 00071
i2c_slave_interrupt@value                                cstackCOMMON 00073
i2c_slave_set_register@registerAddress                   cstackBANK0  00021
i2c_slave_set_register@value                             cstackBANK0  00020
i2c_slave_set_register_with_lock@registerAddress         cstackBANK0  00023
i2c_slave_set_register_with_lock@value                   cstackBANK0  00022
init_button@b                                            cstackBANK0  00020
init_ram                                                 inittext     013F6
int$flags                                                (abs)        0007E
intlevel0                                                functab      00000
intlevel1                                                functab      00000
intlevel2                                                functab      00000
intlevel3                                                functab      00000
intlevel4                                                functab      00000
intlevel5                                                functab      00000
is_long_press@b                                          cstackBANK0  00020
is_single_click@b                                        cstackBANK0  00020
isalpha@c                                                cstackBANK0  00023
isdigit@c                                                cstackBANK0  00021
isprint@c                                                cstackBANK0  00021
isspace@c                                                cstackBANK0  00021
isupper@c                                                cstackBANK0  00021
main@b1                                                  cstackBANK1  000C9
main@b1_clicked_count                                    cstackBANK0  00069
main@b2                                                  cstackBANK2  00120
main@b2_clicked_count                                    cstackBANK0  00068
main@now                                                 cstackBANK1  000A0
main@prev_ticks                                          bssBANK2     0014F
main@prev_ticks2                                         bssBANK2     0013F
main@prev_ticks_btn                                      bssBANK1     000E4
main@prev_ticks_calibrate                                bssBANK2     00143
main@sensor_value                                        cstackBANK1  000A4
main@state                                               cstackBANK0  0006A
measured_adc@F10605                                      dataBANK2    00163
measured_adc@measured_adc_command                        cstackBANK0  0004E
measurement@state                                        cstackBANK0  0004F
measurement@value                                        cstackBANK0  0004D
monitoring_sync@b1                                       cstackBANK0  0004D
monitoring_sync@b1_clicked_count                         cstackBANK0  0004F
monitoring_sync@b2                                       cstackBANK0  0004E
monitoring_sync@b2_clicked_count                         cstackBANK0  00050
monitoring_sync@state                                    cstackBANK0  00051
printf@ap                                                cstackBANK0  00046
printf@c                                                 cstackBANK0  0004C
printf@cp                                                cstackBANK0  00042
printf@f                                                 cstackBANK0  0002E
printf@flag                                              cstackBANK0  00049
printf@idx                                               cstackBANK0  00040
printf@len                                               cstackBANK0  00047
printf@prec                                              cstackBANK0  00041
printf@val                                               cstackBANK0  00044
printf@width                                             cstackBANK0  0004A
putch@data                                               cstackBANK0  00020
reset_long_press_flag@b                                  cstackBANK0  00020
reset_single_click_flag@b                                cstackBANK0  00020
reset_vec                                                reset_vec    00000
save_bottom_adc_point@F10625                             dataBANK3    001C0
save_bottom_adc_point@save_bottom_adc_command            cstackBANK0  00056
save_bottom_adc_point@sensor_value                       cstackBANK0  0004D
save_bottom_adc_point@states                             cstackBANK0  0005E
save_top_adc_point@F10616                                dataBANK2    00153
save_top_adc_point@save_top_adc_command                  cstackBANK0  00056
save_top_adc_point@sensor_value                          cstackBANK0  0004D
save_top_adc_point@states                                cstackBANK0  0005E
send_measured_command@F10571                             dataBANK3    001A0
send_measured_command@txbuf                              cstackBANK0  00026
set_bottom_calibrate_point@F10600                        dataBANK5    002A0
set_device_serial_number_to_i2c_slave_memorymap@buffer   cstackBANK0  0003E
set_device_serial_number_to_i2c_slave_memorymap@i        cstackBANK0  00041
set_device_serial_number_to_i2c_slave_memorymap@value    cstackBANK0  0003D
set_top_calibrate_point@F10597                           dataBANK5    002C0
start                                                    init         00069
start_initialization                                     cinit        0006B
strtol@a                                                 cstackBANK0  00035
strtol@base                                              cstackBANK0  0002D
strtol@c                                                 cstackBANK0  0003A
strtol@endptr                                            cstackBANK0  0002C
strtol@s                                                 cstackBANK0  00039
strtol@sign                                              cstackBANK0  00034
toupper@c                                                cstackBANK0  00021
update_mybutton@b                                        cstackBANK0  00032
update_mybutton@now                                      cstackBANK0  00035
update_mybutton@signal                                   cstackBANK0  00034
wtemp0                                                   (abs)        0007E


MODULE INFORMATION

Module		Function		Class		Link	Load	Size
/Applications/microchip/xc8/v2.40/pic/sources/c90/common/isprint.c
		_isprint       		CODE           	14A4	0000	19

/Applications/microchip/xc8/v2.40/pic/sources/c90/common/isprint.c estimated size: 19

/Applications/microchip/xc8/v2.40/pic/sources/c90/common/isalpha.c
		_isalpha       		CODE           	154C	0000	29

/Applications/microchip/xc8/v2.40/pic/sources/c90/common/isalpha.c estimated size: 29

monitor_sync.c
		_monitoring_sync		CODE           	0B87	0000	192
		_dispatch      		CODE           	166F	0000	52

monitor_sync.c estimated size: 244

myisr.c
		_Enable_Global_Interrupt		CODE           	0002	0000	2
		_Disable_Global_Interrupt		CODE           	13E9	0000	2
		_calculate_diff		CODE           	086E	0000	85
		_get_ticks     		CODE           	141C	0000	9
		_get_ticks_with_lock		CODE           	14DD	0000	20

myisr.c estimated size: 118

uart.c
		_putch         		CODE           	1461	0000	12
		_enable_uart_printf		CODE           	13EB	0000	5
		_enable_tx_transmit		CODE           	1486	0000	14
		_INTERRUPT_InterruptManager		CODE           	0004	0000	101
		_EUSART1_Write 		CODE           	146D	0000	12
		_usart_init    		CODE           	1494	0000	16
		_EUSART1_Write_1		CODE           	0801	0000	26

uart.c estimated size: 186

mcc_generated_files/pin_manager.c
		_PIN_MANAGER_Initialize		CODE           	15E6	0000	42

mcc_generated_files/pin_manager.c estimated size: 42

/Applications/microchip/xc8/v2.40/pic/sources/c90/common/strtol.c
		_strtol        		CODE           	0EF6	0000	266

/Applications/microchip/xc8/v2.40/pic/sources/c90/common/strtol.c estimated size: 266

/Applications/microchip/xc8/v2.40/pic/sources/c90/common/isdigit.c
		_isdigit       		CODE           	14B7	0000	19

/Applications/microchip/xc8/v2.40/pic/sources/c90/common/isdigit.c estimated size: 19

/Applications/microchip/xc8/v2.40/pic/sources/c90/common/doprnt.c
		_printf        		CODE           	03A0	0000	582

/Applications/microchip/xc8/v2.40/pic/sources/c90/common/doprnt.c estimated size: 582

/Applications/microchip/xc8/v2.40/pic/sources/c90/common/lwmod.c
		___lwmod       		CODE           	16D7	0000	53

/Applications/microchip/xc8/v2.40/pic/sources/c90/common/lwmod.c estimated size: 53

calibration.c
		_crc16_modbus  		CODE           	08C3	0000	90
		_save_bottom_adc_point		CODE           	0993	0000	157
		_calculate_crc_and_fill_array		CODE           	1569	0000	30
		_measured_adc  		CODE           	170C	0000	57
		_save_top_adc_point		CODE           	0A30	0000	157
		_get_measured_adc_value		CODE           	163C	0000	51

calibration.c estimated size: 542

/Applications/microchip/xc8/v2.40/pic/sources/c90/common/Umul16.c
		___wmul        		CODE           	15A6	0000	32

/Applications/microchip/xc8/v2.40/pic/sources/c90/common/Umul16.c estimated size: 32

tmr0.c
		_tmr0_init     		CODE           	1479	0000	13

tmr0.c estimated size: 13

measurement.c
		_get_measured_value		CODE           	070E	0000	202
		_measurement   		CODE           	1587	0000	31
		_send_measured_command		CODE           	1505	0000	22

measurement.c estimated size: 255

shared
		_dpowers       		STRCODE        	197D	0000	10
		__initialization		CODE           	006B	0000	87
		_hexpowers     		STRCODE        	1000	0000	8

shared estimated size: 105

my_helpers.c
		_dump_buffer   		CODE           	0C47	0000	199

my_helpers.c estimated size: 199

mcc_generated_files/mcc.c
		_PMD_Initialize		CODE           	142E	0000	10
		_OSCILLATOR_Initialize		CODE           	1425	0000	9
		_SYSTEM_Initialize		CODE           	1438	0000	10

mcc_generated_files/mcc.c estimated size: 29

i2c_slave.c
		_i2c_slave_interrupt		CODE           	081B	0000	83
		_i2c_slave_set_register		CODE           	144C	0000	10
		_i2c_slave_init		CODE           	15C6	0000	32
		_i2c_slave_set_register_with_lock		CODE           	1456	0000	11
		_dump_memory_map		CODE           	1442	0000	10

i2c_slave.c estimated size: 146

/Applications/microchip/xc8/v2.40/pic/sources/c90/common/Umul32.c
		___lmul        		CODE           	16A3	0000	52

/Applications/microchip/xc8/v2.40/pic/sources/c90/common/Umul32.c estimated size: 52

/Applications/microchip/xc8/v2.40/pic/sources/c90/common/lwdiv.c
		___lwdiv       		CODE           	1745	0000	61

/Applications/microchip/xc8/v2.40/pic/sources/c90/common/lwdiv.c estimated size: 61

/Applications/microchip/xc8/v2.40/pic/sources/c90/common/isupper.c
		_isupper       		CODE           	14CA	0000	19

/Applications/microchip/xc8/v2.40/pic/sources/c90/common/isupper.c estimated size: 19

/Applications/microchip/xc8/v2.40/pic/sources/c90/common/toupper.c
		_toupper       		CODE           	14F1	0000	20

/Applications/microchip/xc8/v2.40/pic/sources/c90/common/toupper.c estimated size: 20

set_device_i2c_sn.c
		_set_device_serial_number_to_i2c_slave_memorymap		CODE           	1782	0000	62

set_device_i2c_sn.c estimated size: 62

mybutton.c
		_update_mybutton		CODE           	0E02	0000	244
		_reset_long_press_flag		CODE           	140C	0000	8
		_init_button   		CODE           	091D	0000	118
		___is_double_click		CODE           	0D0E	0000	244
		___is_single_click		CODE           	05E6	0000	296
		_is_single_click		CODE           	1404	0000	8
		_is_long_press 		CODE           	13FC	0000	8
		_reset_single_click_flag		CODE           	1414	0000	8
		___is_long_press		CODE           	0ACD	0000	186

mybutton.c estimated size: 1120

/Applications/microchip/xc8/v2.40/pic/sources/c90/common/isspace.c
		_isspace       		CODE           	1533	0000	25

/Applications/microchip/xc8/v2.40/pic/sources/c90/common/isspace.c estimated size: 25

main.c
		_main          		CODE           	00C6	0000	730

main.c estimated size: 730

led.c
		_LED_flashes_three_times		CODE           	1610	0000	44

led.c estimated size: 44

