Microchip MPLAB XC8 Compiler V2.40

Linker command line:

-W-3 --edf=/Applications/microchip/xc8/v2.40/pic/dat/20220703182018_en.msgs \
  -cn -h+dist/default/production/ph485-probe.production.sym \
  --cmf=dist/default/production/ph485-probe.production.cmf -z -Q16F18425 \
  -o/tmp/xcRmGd1e1 --defsym=__MPLAB_BUILD=1 --fixupoverflow=error \
  -Mdist/default/production/ph485-probe.production.map \
  --md=/tmp/xcUOBYnTR.dat -E1 -ver=XC8 Compiler --acfsm=1493 \
  -ACODE=00h-07FFhx4 -ASTRCODE=00h-01FFFh -ASTRING=00h-0FFhx32 \
  -ACONST=00h-0FFhx32 -AENTRY=00h-0FFhx32 -ACOMMON=070h-07Fh \
  -ABANK0=020h-06Fh -ABANK1=0A0h-0EFh -ABANK2=0120h-016Fh \
  -ABANK3=01A0h-01EFh -ABANK4=0220h-026Fh -ABANK5=02A0h-02EFh \
  -ABANK6=0320h-036Fh -ABANK7=03A0h-03EFh -ABANK8=0420h-046Fh \
  -ABANK9=04A0h-04EFh -ABANK10=0520h-056Fh -ABANK11=05A0h-05EFh \
  -ABANK12=0620h-064Fh -ABIGRAM=02000h-023EFh \
  -ARAM=020h-06Fh,0A0h-0EFh,0120h-016Fh,01A0h-01EFh,0220h-026Fh,02A0h-02EFh,0320h-036Fh,03A0h-03EFh,0420h-046Fh,04A0h-04EFh,0520h-056Fh,05A0h-05EFh,0620h-064Fh \
  -AABS1=020h-07Fh,0A0h-0EFh,0120h-016Fh,01A0h-01EFh,0220h-026Fh,02A0h-02EFh,0320h-036Fh,03A0h-03EFh,0420h-046Fh,04A0h-04EFh,0520h-056Fh,05A0h-05EFh,0620h-064Fh \
  -ASFR0=00h-01Fh -ASFR1=080h-09Fh -ASFR2=0100h-011Fh -ASFR3=0180h-019Fh \
  -ASFR4=0200h-021Fh -ASFR5=0280h-029Fh -ASFR6=0300h-031Fh \
  -ASFR7=0380h-039Fh -ASFR8=0400h-041Fh -ASFR9=0480h-049Fh \
  -ASFR10=0500h-051Fh -ASFR11=0580h-059Fh -ASFR12=0600h-061Fh \
  -ASFR13=0680h-06EFh -ASFR14=0700h-076Fh -ASFR15=0780h-07EFh \
  -ASFR16=0800h-086Fh -ASFR17=0880h-08EFh -ASFR18=0900h-096Fh \
  -ASFR19=0980h-09EFh -ASFR20=0A00h-0A6Fh -ASFR21=0A80h-0AEFh \
  -ASFR22=0B00h-0B6Fh -ASFR23=0B80h-0BEFh -ASFR24=0C00h-0C6Fh \
  -ASFR25=0C80h-0CEFh -ASFR26=0D00h-0D6Fh -ASFR27=0D80h-0DEFh \
  -ASFR28=0E00h-0E6Fh -ASFR29=0E80h-0EEFh -ASFR30=0F00h-0F6Fh \
  -ASFR31=0F80h-0FEFh -ASFR32=01000h-0106Fh -ASFR33=01080h-010EFh \
  -ASFR34=01100h-0116Fh -ASFR35=01180h-011EFh -ASFR36=01200h-0126Fh \
  -ASFR37=01280h-012EFh -ASFR38=01300h-0136Fh -ASFR39=01380h-013EFh \
  -ASFR40=01400h-0146Fh -ASFR41=01480h-014EFh -ASFR42=01500h-0156Fh \
  -ASFR43=01580h-015EFh -ASFR44=01600h-0166Fh -ASFR45=01680h-016EFh \
  -ASFR46=01700h-0176Fh -ASFR47=01780h-017EFh -ASFR48=01800h-0186Fh \
  -ASFR49=01880h-018EFh -ASFR50=01900h-0196Fh -ASFR51=01980h-019EFh \
  -ASFR52=01A00h-01A6Fh -ASFR53=01A80h-01AEFh -ASFR54=01B00h-01B6Fh \
  -ASFR55=01B80h-01BEFh -ASFR56=01C00h-01C6Fh -ASFR57=01C80h-01CEFh \
  -ASFR58=01D00h-01D6Fh -ASFR59=01D80h-01DEFh -ASFR60=01E00h-01E6Fh \
  -ASFR61=01E80h-01EEFh -ASFR62=01F00h-01F6Fh -ASFR63=01F80h-01FEFh \
  -ACONFIG=08007h-0800Bh -DCONFIG=2 -AIDLOC=08000h-08003h -DIDLOC=2 \
  -AEEDATA=00h-0FFh/0F000h -peeprom_data=EEDATA -DEEDATA=2 -DCODE=2 \
  -DSTRCODE=2 -DSTRING=2 -DCONST=2 -DENTRY=2 \
  -preset_vec=00h,intentry=04h,init,end_init -ppowerup=CODE -pcinit=CODE \
  -pfunctab=ENTRY -k /tmp/xcVRTtoGI.o \
  dist/default/production/ph485-probe.production.o 

Object code version is 3.11

Machine type is 16F18425



                Name                               Link     Load   Length Selector   Space Scale
/tmp/xcVRTtoGI.o
                end_init                             69       69        2        8       0
                reset_vec                             0        0        2        0       0
                config                             8007     8007        5        0       4
                idloc                              8000     8000        4        0       5
dist/default/production/ph485-probe.production.o
                cinit                                6B       6B       63        8       0
                intentry                              4        4       65        8       0
                config                             8007     8007        5        0       4
                idloc                              8000     8000        4        0       5
                text62                             127F     127F       53     24FE       0
                text61                             1DAE     1DAE        9     3B5C       0
                text59                             1D9B     1D9B        2     3B36       0
                text58                                2        2        2        0       0
                text57                             1DB7     1DB7        9     3B6E       0
                text56                             1FD6     1FD6       2A     3FAC       0
                text55                             1DE4     1DE4        A     3BC8       0
                text54                             1DEE     1DEE        A     3BDC       0
                text53                             12D2     12D2       55     25A4       0
                text52                             123E     123E       41     247C       0
                text51                             1E64     1E64       13     3CC8       0
                text50                             1001     1001       16     2002       0
                text49                             1143     1143       3D     2286       0
                text48                             110E     110E       35     221C       0
                text47                             1F52     1F52       20     3EA4       0
                text46                             1E77     1E77       13     3CEE       0
                text45                             1E21     1E21        C     3C42       0
                text44                               CE       CE      4FE        8       0
                text43                             1585     1585       C7     2B0A       0
                text42                             1DF8     1DF8        A     3BF0       0
                text41                             1463     1463       7A     28C6       0
                text40                             1FB2     1FB2       24     3F64       0
                text39                              9D4      9D4      23B     13A8       0
                text38                             1381     1381       71     2702       0
                text37                              5CC      5CC      122        8       0
                text36                             1E02     1E02        A     3C04       0
                text35                             1E9D     1E9D       14     3D3A       0
                text34                             1F72     1F72       20     3EE4       0
                text33                             13F2     13F2       71     27E4       0
                text32                             1E2D     1E2D        C     3C5A       0
                text31                             1EDE     1EDE       1A     3DBC       0
                text30                             1E46     1E46        E     3C8C       0
                text29                             1D9D     1D9D        5     3B3A       0
                text28                             1043     1043       31     2086       0
                text27                              800      800       16     1000       0
                text26                             1F33     1F33       1F     3E66       0
                text25                             1017     1017       2C     202E       0
                text24                             1DC0     1DC0        9     3B80       0
                text23                             1DC9     1DC9        9     3B92       0
                text22                             1DD2     1DD2        9     3BA4       0
                text21                             1DDB     1DDB        9     3BB6       0
                text20                             14DD     14DD       A8     29BA       0
                text19                             1327     1327       5A     264E       0
                text18                             1F15     1F15       1E     3E2A       0
                text17                             1074     1074       33     20E8       0
                text16                             10A7     10A7       33     214E       0
                text15                             1E0C     1E0C        A     3C18       0
                text14                             1E16     1E16        B     3C2C       0
                text13                             10DA     10DA       34     21B4       0
                text12                             1E8A     1E8A       13     3D14       0
                text11                             1EF8     1EF8       1D     3DF0       0
                text10                             1EC5     1EC5       19     3D8A       0
                text9                              1EB1     1EB1       14     3D62       0
                text8                               6EE      6EE      10A        8       0
                text7                              1180     1180       3E     2300       0
                text6                              1E39     1E39        D     3C72       0
                text5                              171E     171E       E2     2E3C       0
                text4                               816      816       A8     102C       0
                text3                               8BE      8BE      116     117C       0
                text2                              164C     164C       D2     2C98       0
                text1                              1E54     1E54       10     3CA8       0
                maintext                            C0F      C0F      3F1     181E       0
                cstackBANK0                          20       20       4F       20       1
                cstackCOMMON                         70       70        8       70       1
                cstackBANK1                          A0       A0       24       A0       1
                cstackBANK2                         120      120       47      120       1
                clrtext                            1DA2     1DA2        6     3B44       0
                inittext                           1DA8     1DA8        6     3B50       0
                bssBANK7                            3A0      3A0       20      3A0       1
                dataBANK6                           320      320       40      320       1
                dataBANK5                           2A0      2A0       40      2A0       1
                bssBANK4                            220      220       40      220       1
                dataBANK3                           1C0      1C0       20      1A0       1
                bssBANK3                            1A0      1A0       20      1A0       1
                bssBANK2                            167      167        9      120       1
                dataBANK1                            DA       DA        8       A0       1
                bssBANK1                             C4       C4       16       A0       1
                bssBANK0                             6F       6F        1       20       1
                bssCOMMON                            78       78        6       70       1
                stringtext30                       1A60     1A60        3     3000       0
                stringtext29                       1A5C     1A5C        4     3000       0
                stringtext28                       1A56     1A56        6     3000       0
                stringtext27                       1A50     1A50        6     3000       0
                stringtext26                       1A4A     1A4A        6     3000       0
                stringtext25                       1A43     1A43        7     3000       0
                stringtext24                       1A3B     1A3B        8     3000       0
                stringtext23                       1A32     1A32        9     3000       0
                stringtext22                       1A29     1A29        9     3000       0
                stringtext21                       1A14     1A14        B     3000       0
                stringtext20                       1A09     1A09        B     3000       0
                stringtext19                       19F0     19F0        D     3000       0
                stringtext18                       19E3     19E3        D     3000       0
                stringtext17                       19D2     19D2       11     3000       0
                stringtext16                       19C1     19C1       11     3000       0
                stringtext15                       19B0     19B0       11     3000       0
                stringtext14                       199F     199F       11     3000       0
                stringtext13                       1989     1989       16     3000       0
                stringtext12                       1972     1972       17     3000       0
                stringtext11                       1957     1957       1B     3000       0
                stringtext10                       193A     193A       1D     3000       0
                stringtext9                        191B     191B       1F     3000       0
                stringtext8                        18F8     18F8       23     3000       0
                stringtext7                        18D3     18D3       25     3000       0
                stringtext6                        18AE     18AE       25     3000       0
                stringtext5                        1888     1888       26     3000       0
                stringtext4                        1860     1860       28     3000       0
                stringtext3                        1800     1800       60     3000       0
                stringtext2                        1A1F     1A1F        A     3000       0
                stringtext1                        19FD     19FD        C     3000       0
                idataBANK6                         11BE     11BE       40     237C       0
                idataBANK5                         11FE     11FE       40     23FC       0
                idataBANK3                         1F92     1F92       20     3F24       0
                idataBANK1                          7F8      7F8        8        8       0

TOTAL           Name                               Link     Load   Length     Space
        CLASS   CODE           
                end_init                             69       69        2         0
                cinit                                6B       6B       63         0
                intentry                              4        4       65         0
                reset_vec                             0        0        2         0
                text62                             127F     127F       53         0
                text61                             1DAE     1DAE        9         0
                text59                             1D9B     1D9B        2         0
                text58                                2        2        2         0
                text57                             1DB7     1DB7        9         0
                text56                             1FD6     1FD6       2A         0
                text55                             1DE4     1DE4        A         0
                text54                             1DEE     1DEE        A         0
                text53                             12D2     12D2       55         0
                text52                             123E     123E       41         0
                text51                             1E64     1E64       13         0
                text50                             1001     1001       16         0
                text49                             1143     1143       3D         0
                text48                             110E     110E       35         0
                text47                             1F52     1F52       20         0
                text46                             1E77     1E77       13         0
                text45                             1E21     1E21        C         0
                text44                               CE       CE      4FE         0
                text43                             1585     1585       C7         0
                text42                             1DF8     1DF8        A         0
                text41                             1463     1463       7A         0
                text40                             1FB2     1FB2       24         0
                text39                              9D4      9D4      23B         0
                text38                             1381     1381       71         0
                text37                              5CC      5CC      122         0
                text36                             1E02     1E02        A         0
                text35                             1E9D     1E9D       14         0
                text34                             1F72     1F72       20         0
                text33                             13F2     13F2       71         0
                text32                             1E2D     1E2D        C         0
                text31                             1EDE     1EDE       1A         0
                text30                             1E46     1E46        E         0
                text29                             1D9D     1D9D        5         0
                text28                             1043     1043       31         0
                text27                              800      800       16         0
                text26                             1F33     1F33       1F         0
                text25                             1017     1017       2C         0
                text24                             1DC0     1DC0        9         0
                text23                             1DC9     1DC9        9         0
                text22                             1DD2     1DD2        9         0
                text21                             1DDB     1DDB        9         0
                text20                             14DD     14DD       A8         0
                text19                             1327     1327       5A         0
                text18                             1F15     1F15       1E         0
                text17                             1074     1074       33         0
                text16                             10A7     10A7       33         0
                text15                             1E0C     1E0C        A         0
                text14                             1E16     1E16        B         0
                text13                             10DA     10DA       34         0
                text12                             1E8A     1E8A       13         0
                text11                             1EF8     1EF8       1D         0
                text10                             1EC5     1EC5       19         0
                text9                              1EB1     1EB1       14         0
                text8                               6EE      6EE      10A         0
                text7                              1180     1180       3E         0
                text6                              1E39     1E39        D         0
                text5                              171E     171E       E2         0
                text4                               816      816       A8         0
                text3                               8BE      8BE      116         0
                text2                              164C     164C       D2         0
                text1                              1E54     1E54       10         0
                maintext                            C0F      C0F      3F1         0
                clrtext                            1DA2     1DA2        6         0
                inittext                           1DA8     1DA8        6         0
                idataBANK6                         11BE     11BE       40         0
                idataBANK5                         11FE     11FE       40         0
                idataBANK3                         1F92     1F92       20         0
                idataBANK1                          7F8      7F8        8         0

        CLASS   STRCODE        
                stringtext30                       1A60     1A60        3         0
                stringtext29                       1A5C     1A5C        4         0
                stringtext28                       1A56     1A56        6         0
                stringtext27                       1A50     1A50        6         0
                stringtext26                       1A4A     1A4A        6         0
                stringtext25                       1A43     1A43        7         0
                stringtext24                       1A3B     1A3B        8         0
                stringtext23                       1A32     1A32        9         0
                stringtext22                       1A29     1A29        9         0
                stringtext21                       1A14     1A14        B         0
                stringtext20                       1A09     1A09        B         0
                stringtext19                       19F0     19F0        D         0
                stringtext18                       19E3     19E3        D         0
                stringtext17                       19D2     19D2       11         0
                stringtext16                       19C1     19C1       11         0
                stringtext15                       19B0     19B0       11         0
                stringtext14                       199F     199F       11         0
                stringtext13                       1989     1989       16         0
                stringtext12                       1972     1972       17         0
                stringtext11                       1957     1957       1B         0
                stringtext10                       193A     193A       1D         0
                stringtext9                        191B     191B       1F         0
                stringtext8                        18F8     18F8       23         0
                stringtext7                        18D3     18D3       25         0
                stringtext6                        18AE     18AE       25         0
                stringtext5                        1888     1888       26         0
                stringtext4                        1860     1860       28         0
                stringtext3                        1800     1800       60         0
                stringtext2                        1A1F     1A1F        A         0
                stringtext1                        19FD     19FD        C         0

        CLASS   STRING         

        CLASS   CONST          

        CLASS   ENTRY          

        CLASS   COMMON         
                cstackCOMMON                         70       70        8         1
                bssCOMMON                            78       78        6         1

        CLASS   BANK0          
                cstackBANK0                          20       20       4F         1
                bssBANK0                             6F       6F        1         1

        CLASS   BANK1          
                cstackBANK1                          A0       A0       24         1
                dataBANK1                            DA       DA        8         1
                bssBANK1                             C4       C4       16         1

        CLASS   BANK2          
                cstackBANK2                         120      120       47         1
                bssBANK2                            167      167        9         1

        CLASS   BANK3          
                dataBANK3                           1C0      1C0       20         1
                bssBANK3                            1A0      1A0       20         1

        CLASS   BANK4          
                bssBANK4                            220      220       40         1

        CLASS   BANK5          
                dataBANK5                           2A0      2A0       40         1

        CLASS   BANK6          
                dataBANK6                           320      320       40         1

        CLASS   BANK7          
                bssBANK7                            3A0      3A0       20         1

        CLASS   BANK8          

        CLASS   BANK9          

        CLASS   BANK10         

        CLASS   BANK11         

        CLASS   BANK12         

        CLASS   BIGRAM         

        CLASS   RAM            

        CLASS   ABS1           
                abs_s1                               7E       7E        2         1

        CLASS   SFR0           

        CLASS   SFR1           

        CLASS   SFR2           

        CLASS   SFR3           

        CLASS   SFR4           

        CLASS   SFR5           

        CLASS   SFR6           

        CLASS   SFR7           

        CLASS   SFR8           

        CLASS   SFR9           

        CLASS   SFR10          

        CLASS   SFR11          

        CLASS   SFR12          

        CLASS   SFR13          

        CLASS   SFR14          

        CLASS   SFR15          

        CLASS   SFR16          

        CLASS   SFR17          

        CLASS   SFR18          

        CLASS   SFR19          

        CLASS   SFR20          

        CLASS   SFR21          

        CLASS   SFR22          

        CLASS   SFR23          

        CLASS   SFR24          

        CLASS   SFR25          

        CLASS   SFR26          

        CLASS   SFR27          

        CLASS   SFR28          

        CLASS   SFR29          

        CLASS   SFR30          

        CLASS   SFR31          

        CLASS   SFR32          

        CLASS   SFR33          

        CLASS   SFR34          

        CLASS   SFR35          

        CLASS   SFR36          

        CLASS   SFR37          

        CLASS   SFR38          

        CLASS   SFR39          

        CLASS   SFR40          

        CLASS   SFR41          

        CLASS   SFR42          

        CLASS   SFR43          

        CLASS   SFR44          

        CLASS   SFR45          

        CLASS   SFR46          

        CLASS   SFR47          

        CLASS   SFR48          

        CLASS   SFR49          

        CLASS   SFR50          

        CLASS   SFR51          

        CLASS   SFR52          

        CLASS   SFR53          

        CLASS   SFR54          

        CLASS   SFR55          

        CLASS   SFR56          

        CLASS   SFR57          

        CLASS   SFR58          

        CLASS   SFR59          

        CLASS   SFR60          

        CLASS   SFR61          

        CLASS   SFR62          

        CLASS   SFR63          

        CLASS   CONFIG         
                config                             8007     8007        5         4

        CLASS   IDLOC          
                idloc                              8000     8000        4         5

        CLASS   EEDATA         

        CLASS   BANK63         

        CLASS   BANK62         

        CLASS   BANK61         

        CLASS   BANK60         

        CLASS   BANK59         

        CLASS   BANK58         

        CLASS   BANK57         

        CLASS   BANK56         

        CLASS   BANK55         

        CLASS   BANK54         

        CLASS   BANK53         

        CLASS   BANK52         

        CLASS   BANK51         

        CLASS   BANK50         

        CLASS   BANK49         

        CLASS   BANK48         

        CLASS   BANK47         

        CLASS   BANK46         

        CLASS   BANK45         

        CLASS   BANK44         

        CLASS   BANK43         

        CLASS   BANK42         

        CLASS   BANK41         

        CLASS   BANK40         

        CLASS   BANK39         

        CLASS   BANK38         

        CLASS   BANK37         

        CLASS   BANK36         

        CLASS   BANK35         

        CLASS   BANK34         

        CLASS   BANK33         

        CLASS   BANK32         

        CLASS   BANK31         

        CLASS   BANK30         

        CLASS   BANK29         

        CLASS   BANK28         

        CLASS   BANK27         

        CLASS   BANK26         

        CLASS   BANK25         

        CLASS   BANK24         

        CLASS   BANK23         

        CLASS   BANK22         

        CLASS   BANK21         

        CLASS   BANK20         

        CLASS   BANK19         

        CLASS   BANK18         

        CLASS   BANK17         

        CLASS   BANK16         

        CLASS   BANK15         

        CLASS   BANK14         

        CLASS   BANK13         

        CLASS   HEAP           

        CLASS   STACK          



SEGMENTS        Name                           Load    Length   Top    Selector   Space  Class     Delta

                text51                         001E64  000013  001E77      3CC8       0  CODE        2
                text30                         001E46  00000E  001E54      3C8C       0  CODE        2
                text1                          001E54  000010  001E64      3CA8       0  CODE        2
                text18                         001F15  00001E  001F33      3E2A       0  CODE        2
                text11                         001EF8  00001D  001F15      3DF0       0  CODE        2
                text31                         001EDE  00001A  001EF8      3DBC       0  CODE        2
                text34                         001F72  000020  001F92      3EE4       0  CODE        2
                text47                         001F52  000020  001F72      3EA4       0  CODE        2
                text26                         001F33  00001F  001F52      3E66       0  CODE        2
                text10                         001EC5  000019  001EDE      3D8A       0  CODE        2
                text35                         001E9D  000014  001EB1      3D3A       0  CODE        2
                text12                         001E8A  000013  001E9D      3D14       0  CODE        2
                text46                         001E77  000013  001E8A      3CEE       0  CODE        2
                text27                         000800  000016  000816      1000       0  CODE        2
                text50                         001001  000016  001017      2002       0  CODE        2
                text9                          001EB1  000014  001EC5      3D62       0  CODE        2
                text6                          001E39  00000D  001E46      3C72       0  CODE        2
                reset_vec                      000000  000004  000004         0       0  CODE        2
                text42                         001DF8  00000A  001E02      3BF0       0  CODE        2
                text54                         001DEE  00000A  001DF8      3BDC       0  CODE        2
                text14                         001E16  00000B  001E21      3C2C       0  CODE        2
                text45                         001E21  00000C  001E2D      3C42       0  CODE        2
                text32                         001E2D  00000C  001E39      3C5A       0  CODE        2
                text15                         001E0C  00000A  001E16      3C18       0  CODE        2
                text36                         001E02  00000A  001E0C      3C04       0  CODE        2
                idataBANK3                     001F92  000020  001FB2      3F24       0  CODE        2
                text40                         001FB2  000024  001FD6      3F64       0  CODE        2
                text56                         001FD6  00002A  002000      3FAC       0  CODE        2
                text25                         001017  00002C  001043      202E       0  CODE        2
                text13                         0010DA  000034  00110E      21B4       0  CODE        2
                text48                         00110E  000035  001143      221C       0  CODE        2
                text49                         001143  00003D  001180      2286       0  CODE        2
                text28                         001043  000031  001074      2086       0  CODE        2
                text17                         001074  000033  0010A7      20E8       0  CODE        2
                text16                         0010A7  000033  0010DA      214E       0  CODE        2
                text21                         001DDB  000009  001DE4      3BB6       0  CODE        2
                text22                         001DD2  000009  001DDB      3BA4       0  CODE        2
                clrtext                        001DA2  000006  001DA8      3B44       0  CODE        2
                inittext                       001DA8  000006  001DAE      3B50       0  CODE        2
                text59                         001D9B  000002  001D9D      3B36       0  CODE        2
                text29                         001D9D  000005  001DA2      3B3A       0  CODE        2
                text24                         001DC0  000009  001DC9      3B80       0  CODE        2
                text23                         001DC9  000009  001DD2      3B92       0  CODE        2
                text61                         001DAE  000009  001DB7      3B5C       0  CODE        2
                text57                         001DB7  000009  001DC0      3B6E       0  CODE        2
                text55                         001DE4  00000A  001DEE      3BC8       0  CODE        2
                cstackBANK1                    0000A0  000042  0000E2        A0       1  BANK1       1
                dataBANK6                      000320  000040  000360       320       1  BANK6       1
                bssBANK3                       0001A0  000040  0001E0       1A0       1  BANK3       1
                bssBANK7                       0003A0  000020  0003C0       3A0       1  BANK7       1
                dataBANK5                      0002A0  000040  0002E0       2A0       1  BANK5       1
                intentry                       000004  0007FC  000800         8       0  CODE        2
                bssBANK4                       000220  000040  000260       220       1  BANK4       1
                cstackCOMMON                   000070  00000E  00007E        70       1  COMMON      1
                cstackBANK2                    000120  000050  000170       120       1  BANK2       1
                cstackBANK0                    000020  000050  000070        20       1  BANK0       1
                text19                         001327  00005A  001381      264E       0  CODE        2
                text53                         0012D2  000055  001327      25A4       0  CODE        2
                stringtext3                    001800  000263  001A63      3000       0  STRCODE     2
                text33                         0013F2  000071  001463      27E4       0  CODE        2
                text38                         001381  000071  0013F2      2702       0  CODE        2
                text62                         00127F  000053  0012D2      24FE       0  CODE        2
                text7                          001180  00003E  0011BE      2300       0  CODE        2
                idataBANK6                     0011BE  000040  0011FE      237C       0  CODE        2
                text52                         00123E  000041  00127F      247C       0  CODE        2
                idataBANK5                     0011FE  000040  00123E      23FC       0  CODE        2
                text41                         001463  00007A  0014DD      28C6       0  CODE        2
                text39                         0009D4  00023B  000C0F      13A8       0  CODE        2
                maintext                       000C0F  0003F1  001000      181E       0  CODE        2
                text3                          0008BE  000116  0009D4      117C       0  CODE        2
                text4                          000816  0000A8  0008BE      102C       0  CODE        2
                text20                         0014DD  0000A8  001585      29BA       0  CODE        2
                text43                         001585  0000C7  00164C      2B0A       0  CODE        2
                text5                          00171E  0000E2  001800      2E3C       0  CODE        2
                text2                          00164C  0000D2  00171E      2C98       0  CODE        2


UNUSED ADDRESS RANGES

        Name                Unused          Largest block    Delta
        BANK1            000E2-000EF               E           1
        BANK10           00520-0056F              50           1
        BANK11           005A0-005EF              50           1
        BANK12           00620-0064F              30           1
        BANK3            001E0-001EF              10           1
        BANK4            00260-0026F              10           1
        BANK5            002E0-002EF              10           1
        BANK6            00360-0036F              10           1
        BANK7            003C0-003EF              30           1
        BANK8            00420-0046F              50           1
        BANK9            004A0-004EF              50           1
        BIGRAM           02000-023EF             3F0           1
        CODE             01000-01000               1           2
                         01A63-01D9A             338
        CONST            01000-01000               1           2
                         01A63-01D9A             100
        EEDATA           0F000-0F0FF             100           2
        ENTRY            01000-01000               1           2
                         01A63-01D9A             100
        RAM              000E2-000EF               E           1
                         001E0-001EF              10
                         00260-0026F              10
                         002E0-002EF              10
                         00360-0036F              10
                         003C0-003EF              30
                         00420-0046F              50
                         004A0-004EF              50
                         00520-0056F              50
                         005A0-005EF              50
                         00620-0064F              30
        SFR0             00000-0001F              20           1
        SFR1             00080-0009F              20           1
        SFR10            00500-0051F              20           1
        SFR11            00580-0059F              20           1
        SFR12            00600-0061F              20           1
        SFR13            00680-006EF              70           1
        SFR14            00700-0076F              70           1
        SFR15            00780-007EF              70           1
        SFR16            00800-0086F              70           1
        SFR17            00880-008EF              70           1
        SFR18            00900-0096F              70           1
        SFR19            00980-009EF              70           1
        SFR2             00100-0011F              20           1
        SFR20            00A00-00A6F              70           1
        SFR21            00A80-00AEF              70           1
        SFR22            00B00-00B6F              70           1
        SFR23            00B80-00BEF              70           1
        SFR24            00C00-00C6F              70           1
        SFR25            00C80-00CEF              70           1
        SFR26            00D00-00D6F              70           1
        SFR27            00D80-00DEF              70           1
        SFR28            00E00-00E6F              70           1
        SFR29            00E80-00EEF              70           1
        SFR3             00180-0019F              20           1
        SFR30            00F00-00F6F              70           1
        SFR31            00F80-00FEF              70           1
        SFR32            01000-0106F              70           1
        SFR33            01080-010EF              70           1
        SFR34            01100-0116F              70           1
        SFR35            01180-011EF              70           1
        SFR36            01200-0126F              70           1
        SFR37            01280-012EF              70           1
        SFR38            01300-0136F              70           1
        SFR39            01380-013EF              70           1
        SFR4             00200-0021F              20           1
        SFR40            01400-0146F              70           1
        SFR41            01480-014EF              70           1
        SFR42            01500-0156F              70           1
        SFR43            01580-015EF              70           1
        SFR44            01600-0166F              70           1
        SFR45            01680-016EF              70           1
        SFR46            01700-0176F              70           1
        SFR47            01780-017EF              70           1
        SFR48            01800-0186F              70           1
        SFR49            01880-018EF              70           1
        SFR5             00280-0029F              20           1
        SFR50            01900-0196F              70           1
        SFR51            01980-019EF              70           1
        SFR52            01A00-01A6F              70           1
        SFR53            01A80-01AEF              70           1
        SFR54            01B00-01B6F              70           1
        SFR55            01B80-01BEF              70           1
        SFR56            01C00-01C6F              70           1
        SFR57            01C80-01CEF              70           1
        SFR58            01D00-01D6F              70           1
        SFR59            01D80-01DEF              70           1
        SFR6             00300-0031F              20           1
        SFR60            01E00-01E6F              70           1
        SFR61            01E80-01EEF              70           1
        SFR62            01F00-01F6F              70           1
        SFR63            01F80-01FEF              70           1
        SFR7             00380-0039F              20           1
        SFR8             00400-0041F              20           1
        SFR9             00480-0049F              20           1
        STRCODE          01000-01000               1           2
                         01A63-01D9A             338
        STRING           01000-01000               1           2
                         01A63-01D9A             100

                                  Symbol Table

?__Umul8_16                                              cstackBANK0  00020
?___flmul                                                cstackBANK0  00029
?___fltol                                                cstackBANK0  00043
?___lmul                                                 cstackBANK0  00020
?___lwdiv                                                cstackBANK0  00020
?___lwmod                                                cstackBANK0  00028
?___wmul                                                 cstackBANK0  00020
?_calculate_diff                                         cstackBANK0  00020
?_crc16_modbus                                           cstackBANK0  00020
?_get_ticks                                              cstackBANK0  00020
?_get_ticks_with_lock                                    cstackBANK0  00020
?_printf                                                 cstackBANK0  0002E
?_strtol                                                 cstackBANK0  0002C
?i1_get_ticks                                            cstackCOMMON 00070
EUSART1_Write@txData                                     cstackBANK0  00020
EUSART1_Write_1@i                                        cstackBANK0  00023
EUSART1_Write_1@length                                   cstackBANK0  00021
EUSART1_Write_1@txbuf                                    cstackBANK0  00024
LED_flashes_three_times@i                                cstackBANK0  00021
_ANSELA                                                  (abs)        01F38
_ANSELAbits                                              (abs)        01F38
_ANSELC                                                  (abs)        01F4E
_BAUD1CON                                                (abs)        0011F
_Disable_Global_Interrupt                                text59       01D9B
_EUSART1_Write                                           text32       01E2D
_EUSART1_Write_1                                         text31       01EDE
_Enable_Global_Interrupt                                 text58       00002
_GIE                                                     (abs)        0005F
_INLVLA                                                  (abs)        01F3C
_INLVLC                                                  (abs)        01F52
_INTCONbits                                              (abs)        0000B
_INTERRUPT_InterruptManager                              intentry     00004
_LATA                                                    (abs)        00018
_LATC                                                    (abs)        0001A
_LATCbits                                                (abs)        0001A
_LED_flashes_three_times                                 text25       01017
_ODCONA                                                  (abs)        01F3A
_ODCONC                                                  (abs)        01F50
_OSCCON1                                                 (abs)        0088D
_OSCCON3                                                 (abs)        0088F
_OSCEN                                                   (abs)        00891
_OSCFRQ                                                  (abs)        00893
_OSCILLATOR_Initialize                                   text57       01DB7
_OSCTUNE                                                 (abs)        00892
_PIE0bits                                                (abs)        00716
_PIE3bits                                                (abs)        00719
_PIN_MANAGER_Initialize                                  text56       01FD6
_PIR0bits                                                (abs)        0070C
_PIR3bits                                                (abs)        0070F
_PMD0                                                    (abs)        00796
_PMD1                                                    (abs)        00797
_PMD2                                                    (abs)        00798
_PMD3                                                    (abs)        00799
_PMD4                                                    (abs)        0079A
_PMD5                                                    (abs)        0079B
_PMD6                                                    (abs)        0079C
_PMD7                                                    (abs)        0079D
_PMD_Initialize                                          text55       01DE4
_PORTAbits                                               (abs)        0000C
_RA5PPS                                                  (abs)        01F15
_RC0PPS                                                  (abs)        01F20
_RC1PPS                                                  (abs)        01F21
_RC1REG                                                  (abs)        00119
_RC1STA                                                  (abs)        0011D
_RC3PPS                                                  (abs)        01F23
_RC5PPS                                                  (abs)        01F25
_RX1DTPPS                                                (abs)        01ECB
_SLRCONA                                                 (abs)        01F3B
_SLRCONC                                                 (abs)        01F51
_SP1BRGH                                                 (abs)        0011C
_SP1BRGL                                                 (abs)        0011B
_SSP1ADD                                                 (abs)        0018D
_SSP1BUF                                                 (abs)        0018C
_SSP1CLKPPS                                              (abs)        01EC5
_SSP1CON1                                                (abs)        00190
_SSP1CON1bits                                            (abs)        00190
_SSP1CON2                                                (abs)        00191
_SSP1CON2bits                                            (abs)        00191
_SSP1DATPPS                                              (abs)        01EC6
_SSP1MSK                                                 (abs)        0018E
_SSP1STAT                                                (abs)        0018F
_SSP1STATbits                                            (abs)        0018F
_SYSTEM_Initialize                                       text54       01DEE
_T0CON0                                                  (abs)        0059E
_T0CON1                                                  (abs)        0059F
_TMR0H                                                   (abs)        0059D
_TMR0L                                                   (abs)        0059C
_TRISA                                                   (abs)        00012
_TRISAbits                                               (abs)        00012
_TRISC                                                   (abs)        00014
_TX1REG                                                  (abs)        0011A
_TX1STA                                                  (abs)        0011E
_WPUA                                                    (abs)        01F39
_WPUC                                                    (abs)        01F4F
__Habs1                                                  abs1         00000
__Hbank0                                                 bank0        00000
__Hbank1                                                 bank1        00000
__Hbank10                                                bank10       00000
__Hbank11                                                bank11       00000
__Hbank12                                                bank12       00000
__Hbank13                                                bank13       00000
__Hbank14                                                bank14       00000
__Hbank15                                                bank15       00000
__Hbank16                                                bank16       00000
__Hbank17                                                bank17       00000
__Hbank18                                                bank18       00000
__Hbank19                                                bank19       00000
__Hbank2                                                 bank2        00000
__Hbank20                                                bank20       00000
__Hbank21                                                bank21       00000
__Hbank22                                                bank22       00000
__Hbank23                                                bank23       00000
__Hbank24                                                bank24       00000
__Hbank25                                                bank25       00000
__Hbank26                                                bank26       00000
__Hbank27                                                bank27       00000
__Hbank28                                                bank28       00000
__Hbank29                                                bank29       00000
__Hbank3                                                 bank3        00000
__Hbank30                                                bank30       00000
__Hbank31                                                bank31       00000
__Hbank32                                                bank32       00000
__Hbank33                                                bank33       00000
__Hbank34                                                bank34       00000
__Hbank35                                                bank35       00000
__Hbank36                                                bank36       00000
__Hbank37                                                bank37       00000
__Hbank38                                                bank38       00000
__Hbank39                                                bank39       00000
__Hbank4                                                 bank4        00000
__Hbank40                                                bank40       00000
__Hbank41                                                bank41       00000
__Hbank42                                                bank42       00000
__Hbank43                                                bank43       00000
__Hbank44                                                bank44       00000
__Hbank45                                                bank45       00000
__Hbank46                                                bank46       00000
__Hbank47                                                bank47       00000
__Hbank48                                                bank48       00000
__Hbank49                                                bank49       00000
__Hbank5                                                 bank5        00000
__Hbank50                                                bank50       00000
__Hbank51                                                bank51       00000
__Hbank52                                                bank52       00000
__Hbank53                                                bank53       00000
__Hbank54                                                bank54       00000
__Hbank55                                                bank55       00000
__Hbank56                                                bank56       00000
__Hbank57                                                bank57       00000
__Hbank58                                                bank58       00000
__Hbank59                                                bank59       00000
__Hbank6                                                 bank6        00000
__Hbank60                                                bank60       00000
__Hbank61                                                bank61       00000
__Hbank62                                                bank62       00000
__Hbank63                                                bank63       00000
__Hbank7                                                 bank7        00000
__Hbank8                                                 bank8        00000
__Hbank9                                                 bank9        00000
__Hbigram                                                bigram       00000
__HbssBANK0                                              bssBANK0     00000
__HbssBANK1                                              bssBANK1     00000
__HbssBANK2                                              bssBANK2     00000
__HbssBANK3                                              bssBANK3     00000
__HbssBANK4                                              bssBANK4     00000
__HbssBANK7                                              bssBANK7     00000
__HbssCOMMON                                             bssCOMMON    00000
__Hcinit                                                 cinit        000CE
__Hclrtext                                               clrtext      00000
__Hcode                                                  code         00000
__Hcommon                                                common       00000
__Hconfig                                                config       0800C
__HcstackBANK0                                           cstackBANK0  00000
__HcstackBANK1                                           cstackBANK1  00000
__HcstackBANK2                                           cstackBANK2  00000
__HcstackCOMMON                                          cstackCOMMON 00000
__HdataBANK1                                             dataBANK1    00000
__HdataBANK3                                             dataBANK3    00000
__HdataBANK5                                             dataBANK5    00000
__HdataBANK6                                             dataBANK6    00000
__Heeprom_data                                           eeprom_data  00000
__Hend_init                                              end_init     0006B
__Hfunctab                                               functab      00000
__Hheap                                                  heap         00000
__HidataBANK1                                            idataBANK1   00000
__HidataBANK3                                            idataBANK3   00000
__HidataBANK5                                            idataBANK5   00000
__HidataBANK6                                            idataBANK6   00000
__Hidloc                                                 idloc        08004
__Hinit                                                  init         00069
__Hinittext                                              inittext     00000
__Hintentry                                              intentry     00069
__Hmaintext                                              maintext     00000
__Hpowerup                                               powerup      00000
__Hram                                                   ram          00000
__Hreset_vec                                             reset_vec    00002
__Hsfr0                                                  sfr0         00000
__Hsfr1                                                  sfr1         00000
__Hsfr10                                                 sfr10        00000
__Hsfr11                                                 sfr11        00000
__Hsfr12                                                 sfr12        00000
__Hsfr13                                                 sfr13        00000
__Hsfr14                                                 sfr14        00000
__Hsfr15                                                 sfr15        00000
__Hsfr16                                                 sfr16        00000
__Hsfr17                                                 sfr17        00000
__Hsfr18                                                 sfr18        00000
__Hsfr19                                                 sfr19        00000
__Hsfr2                                                  sfr2         00000
__Hsfr20                                                 sfr20        00000
__Hsfr21                                                 sfr21        00000
__Hsfr22                                                 sfr22        00000
__Hsfr23                                                 sfr23        00000
__Hsfr24                                                 sfr24        00000
__Hsfr25                                                 sfr25        00000
__Hsfr26                                                 sfr26        00000
__Hsfr27                                                 sfr27        00000
__Hsfr28                                                 sfr28        00000
__Hsfr29                                                 sfr29        00000
__Hsfr3                                                  sfr3         00000
__Hsfr30                                                 sfr30        00000
__Hsfr31                                                 sfr31        00000
__Hsfr32                                                 sfr32        00000
__Hsfr33                                                 sfr33        00000
__Hsfr34                                                 sfr34        00000
__Hsfr35                                                 sfr35        00000
__Hsfr36                                                 sfr36        00000
__Hsfr37                                                 sfr37        00000
__Hsfr38                                                 sfr38        00000
__Hsfr39                                                 sfr39        00000
__Hsfr4                                                  sfr4         00000
__Hsfr40                                                 sfr40        00000
__Hsfr41                                                 sfr41        00000
__Hsfr42                                                 sfr42        00000
__Hsfr43                                                 sfr43        00000
__Hsfr44                                                 sfr44        00000
__Hsfr45                                                 sfr45        00000
__Hsfr46                                                 sfr46        00000
__Hsfr47                                                 sfr47        00000
__Hsfr48                                                 sfr48        00000
__Hsfr49                                                 sfr49        00000
__Hsfr5                                                  sfr5         00000
__Hsfr50                                                 sfr50        00000
__Hsfr51                                                 sfr51        00000
__Hsfr52                                                 sfr52        00000
__Hsfr53                                                 sfr53        00000
__Hsfr54                                                 sfr54        00000
__Hsfr55                                                 sfr55        00000
__Hsfr56                                                 sfr56        00000
__Hsfr57                                                 sfr57        00000
__Hsfr58                                                 sfr58        00000
__Hsfr59                                                 sfr59        00000
__Hsfr6                                                  sfr6         00000
__Hsfr60                                                 sfr60        00000
__Hsfr61                                                 sfr61        00000
__Hsfr62                                                 sfr62        00000
__Hsfr63                                                 sfr63        00000
__Hsfr7                                                  sfr7         00000
__Hsfr8                                                  sfr8         00000
__Hsfr9                                                  sfr9         00000
__Hspace_0                                               (abs)        02000
__Hspace_1                                               (abs)        003C0
__Hspace_2                                               (abs)        00000
__Hspace_3                                               (abs)        00000
__Hspace_4                                               (abs)        10013
__Hstack                                                 stack        00000
__Hstrings                                               strings      00000
__Hstringtext1                                           stringtext1  00000
__Hstringtext10                                          stringtext10 00000
__Hstringtext11                                          stringtext11 00000
__Hstringtext12                                          stringtext12 00000
__Hstringtext13                                          stringtext13 00000
__Hstringtext14                                          stringtext14 00000
__Hstringtext15                                          stringtext15 00000
__Hstringtext16                                          stringtext16 00000
__Hstringtext17                                          stringtext17 00000
__Hstringtext18                                          stringtext18 00000
__Hstringtext19                                          stringtext19 00000
__Hstringtext2                                           stringtext2  00000
__Hstringtext20                                          stringtext20 00000
__Hstringtext21                                          stringtext21 00000
__Hstringtext22                                          stringtext22 00000
__Hstringtext23                                          stringtext23 00000
__Hstringtext24                                          stringtext24 00000
__Hstringtext25                                          stringtext25 00000
__Hstringtext26                                          stringtext26 00000
__Hstringtext27                                          stringtext27 00000
__Hstringtext28                                          stringtext28 00000
__Hstringtext29                                          stringtext29 00000
__Hstringtext3                                           stringtext3  00000
__Hstringtext30                                          stringtext30 00000
__Hstringtext31                                          stringtext31 00000
__Hstringtext4                                           stringtext4  00000
__Hstringtext5                                           stringtext5  00000
__Hstringtext6                                           stringtext6  00000
__Hstringtext7                                           stringtext7  00000
__Hstringtext8                                           stringtext8  00000
__Hstringtext9                                           stringtext9  00000
__Htext                                                  text         00000
__Labs1                                                  abs1         00000
__Lbank0                                                 bank0        00000
__Lbank1                                                 bank1        00000
__Lbank10                                                bank10       00000
__Lbank11                                                bank11       00000
__Lbank12                                                bank12       00000
__Lbank13                                                bank13       00000
__Lbank14                                                bank14       00000
__Lbank15                                                bank15       00000
__Lbank16                                                bank16       00000
__Lbank17                                                bank17       00000
__Lbank18                                                bank18       00000
__Lbank19                                                bank19       00000
__Lbank2                                                 bank2        00000
__Lbank20                                                bank20       00000
__Lbank21                                                bank21       00000
__Lbank22                                                bank22       00000
__Lbank23                                                bank23       00000
__Lbank24                                                bank24       00000
__Lbank25                                                bank25       00000
__Lbank26                                                bank26       00000
__Lbank27                                                bank27       00000
__Lbank28                                                bank28       00000
__Lbank29                                                bank29       00000
__Lbank3                                                 bank3        00000
__Lbank30                                                bank30       00000
__Lbank31                                                bank31       00000
__Lbank32                                                bank32       00000
__Lbank33                                                bank33       00000
__Lbank34                                                bank34       00000
__Lbank35                                                bank35       00000
__Lbank36                                                bank36       00000
__Lbank37                                                bank37       00000
__Lbank38                                                bank38       00000
__Lbank39                                                bank39       00000
__Lbank4                                                 bank4        00000
__Lbank40                                                bank40       00000
__Lbank41                                                bank41       00000
__Lbank42                                                bank42       00000
__Lbank43                                                bank43       00000
__Lbank44                                                bank44       00000
__Lbank45                                                bank45       00000
__Lbank46                                                bank46       00000
__Lbank47                                                bank47       00000
__Lbank48                                                bank48       00000
__Lbank49                                                bank49       00000
__Lbank5                                                 bank5        00000
__Lbank50                                                bank50       00000
__Lbank51                                                bank51       00000
__Lbank52                                                bank52       00000
__Lbank53                                                bank53       00000
__Lbank54                                                bank54       00000
__Lbank55                                                bank55       00000
__Lbank56                                                bank56       00000
__Lbank57                                                bank57       00000
__Lbank58                                                bank58       00000
__Lbank59                                                bank59       00000
__Lbank6                                                 bank6        00000
__Lbank60                                                bank60       00000
__Lbank61                                                bank61       00000
__Lbank62                                                bank62       00000
__Lbank63                                                bank63       00000
__Lbank7                                                 bank7        00000
__Lbank8                                                 bank8        00000
__Lbank9                                                 bank9        00000
__Lbigram                                                bigram       00000
__LbssBANK0                                              bssBANK0     00000
__LbssBANK1                                              bssBANK1     00000
__LbssBANK2                                              bssBANK2     00000
__LbssBANK3                                              bssBANK3     00000
__LbssBANK4                                              bssBANK4     00000
__LbssBANK7                                              bssBANK7     00000
__LbssCOMMON                                             bssCOMMON    00000
__Lcinit                                                 cinit        0006B
__Lclrtext                                               clrtext      00000
__Lcode                                                  code         00000
__Lcommon                                                common       00000
__Lconfig                                                config       00000
__LcstackBANK0                                           cstackBANK0  00000
__LcstackBANK1                                           cstackBANK1  00000
__LcstackBANK2                                           cstackBANK2  00000
__LcstackCOMMON                                          cstackCOMMON 00000
__LdataBANK1                                             dataBANK1    00000
__LdataBANK3                                             dataBANK3    00000
__LdataBANK5                                             dataBANK5    00000
__LdataBANK6                                             dataBANK6    00000
__Leeprom_data                                           eeprom_data  00000
__Lend_init                                              end_init     00069
__Lfunctab                                               functab      00000
__Lheap                                                  heap         00000
__LidataBANK1                                            idataBANK1   00000
__LidataBANK3                                            idataBANK3   00000
__LidataBANK5                                            idataBANK5   00000
__LidataBANK6                                            idataBANK6   00000
__Lidloc                                                 idloc        00000
__Linit                                                  init         00069
__Linittext                                              inittext     00000
__Lintentry                                              intentry     00004
__Lmaintext                                              maintext     00000
__Lpowerup                                               powerup      00000
__Lram                                                   ram          00000
__Lreset_vec                                             reset_vec    00000
__Lsfr0                                                  sfr0         00000
__Lsfr1                                                  sfr1         00000
__Lsfr10                                                 sfr10        00000
__Lsfr11                                                 sfr11        00000
__Lsfr12                                                 sfr12        00000
__Lsfr13                                                 sfr13        00000
__Lsfr14                                                 sfr14        00000
__Lsfr15                                                 sfr15        00000
__Lsfr16                                                 sfr16        00000
__Lsfr17                                                 sfr17        00000
__Lsfr18                                                 sfr18        00000
__Lsfr19                                                 sfr19        00000
__Lsfr2                                                  sfr2         00000
__Lsfr20                                                 sfr20        00000
__Lsfr21                                                 sfr21        00000
__Lsfr22                                                 sfr22        00000
__Lsfr23                                                 sfr23        00000
__Lsfr24                                                 sfr24        00000
__Lsfr25                                                 sfr25        00000
__Lsfr26                                                 sfr26        00000
__Lsfr27                                                 sfr27        00000
__Lsfr28                                                 sfr28        00000
__Lsfr29                                                 sfr29        00000
__Lsfr3                                                  sfr3         00000
__Lsfr30                                                 sfr30        00000
__Lsfr31                                                 sfr31        00000
__Lsfr32                                                 sfr32        00000
__Lsfr33                                                 sfr33        00000
__Lsfr34                                                 sfr34        00000
__Lsfr35                                                 sfr35        00000
__Lsfr36                                                 sfr36        00000
__Lsfr37                                                 sfr37        00000
__Lsfr38                                                 sfr38        00000
__Lsfr39                                                 sfr39        00000
__Lsfr4                                                  sfr4         00000
__Lsfr40                                                 sfr40        00000
__Lsfr41                                                 sfr41        00000
__Lsfr42                                                 sfr42        00000
__Lsfr43                                                 sfr43        00000
__Lsfr44                                                 sfr44        00000
__Lsfr45                                                 sfr45        00000
__Lsfr46                                                 sfr46        00000
__Lsfr47                                                 sfr47        00000
__Lsfr48                                                 sfr48        00000
__Lsfr49                                                 sfr49        00000
__Lsfr5                                                  sfr5         00000
__Lsfr50                                                 sfr50        00000
__Lsfr51                                                 sfr51        00000
__Lsfr52                                                 sfr52        00000
__Lsfr53                                                 sfr53        00000
__Lsfr54                                                 sfr54        00000
__Lsfr55                                                 sfr55        00000
__Lsfr56                                                 sfr56        00000
__Lsfr57                                                 sfr57        00000
__Lsfr58                                                 sfr58        00000
__Lsfr59                                                 sfr59        00000
__Lsfr6                                                  sfr6         00000
__Lsfr60                                                 sfr60        00000
__Lsfr61                                                 sfr61        00000
__Lsfr62                                                 sfr62        00000
__Lsfr63                                                 sfr63        00000
__Lsfr7                                                  sfr7         00000
__Lsfr8                                                  sfr8         00000
__Lsfr9                                                  sfr9         00000
__Lspace_0                                               (abs)        00000
__Lspace_1                                               (abs)        00000
__Lspace_2                                               (abs)        00000
__Lspace_3                                               (abs)        00000
__Lspace_4                                               (abs)        00000
__Lstack                                                 stack        00000
__Lstrings                                               strings      00000
__Lstringtext1                                           stringtext1  00000
__Lstringtext10                                          stringtext10 00000
__Lstringtext11                                          stringtext11 00000
__Lstringtext12                                          stringtext12 00000
__Lstringtext13                                          stringtext13 00000
__Lstringtext14                                          stringtext14 00000
__Lstringtext15                                          stringtext15 00000
__Lstringtext16                                          stringtext16 00000
__Lstringtext17                                          stringtext17 00000
__Lstringtext18                                          stringtext18 00000
__Lstringtext19                                          stringtext19 00000
[...]
_get_measured_adc_value                                  text41       01463
_get_measured_value                                      text37       005CC
_get_ticks                                               text36       01E02
_get_ticks_with_lock                                     text35       01E9D
_hexpowers                                               stringtext3  01800
_i2c_slave_init                                          text34       01F72
_i2c_slave_interrupt                                     text62       0127F
_i2c_slave_set_register                                  text15       01E0C
_i2c_slave_set_register_with_lock                        text14       01E16
_init_button                                             text33       013F2
_is_long_press                                           text24       01DC0
_is_single_click                                         text23       01DC9
_isalpha                                                 text11       01EF8
_isalpha$1921                                            cstackBANK0  00022
_isdigit                                                 text46       01E77
_isdigit$1887                                            cstackBANK0  00020
_isprint                                                 text51       01E64
_isprint$1890                                            cstackBANK0  00020
_isspace                                                 text10       01EC5
_isspace$1924                                            cstackBANK0  00020
_isupper                                                 text12       01E8A
_isupper$1927                                            cstackBANK0  00020
_main                                                    maintext     00C0F
_measured_adc                                            text28       01043
_measurement                                             text26       01F33
_monitoring_sync                                         text20       014DD
_octpowers                                               stringtext1  019FD
_printf                                                  text44       000CE
_printf$1597                                             cstackBANK0  0003E
_printf$1598                                             cstackBANK0  00040
_printf$1604                                             cstackBANK0  00042
_putch                                                   text45       01E21
_reset_long_press_flag                                   text22       01DD2
_reset_single_click_flag                                 text21       01DDB
_rxbuffer                                                bssBANK3     001A0
_rxbuffer_index                                          bssCOMMON    0007D
_save_bottom_adc_point                                   text17       01074
_save_top_adc_point                                      text16       010A7
_send_measured_command                                   text27       00800
_set_device_serial_number_to_i2c_slave_memorymap         text7        01180
_slaveData                                               bssBANK4     00220
_strtol                                                  text8        006EE
_ticks                                                   bssCOMMON    00078
_tmr0_init                                               text6        01E39
_toupper                                                 text9        01EB1
_uart_rx_package_event                                   bssBANK2     0016F
_uart_rx_states                                          bssBANK0     0006F
_uart_rx_ticks                                           bssBANK1     000D4
_update_mybutton                                         text2        0164C
_usart_init                                              text1        01E54
btemp                                                    (abs)        0007E
calculate_crc_and_fill_array@crc                         cstackBANK0  00030
calculate_crc_and_fill_array@data                        cstackBANK0  00032
calculate_crc_and_fill_array@data_len                    cstackBANK0  0002E
calculate_diff@diff                                      cstackBANK0  00030
calculate_diff@now                                       cstackBANK0  00020
calculate_diff@prev_ticks                                cstackBANK0  00024
clear_ram0                                               clrtext      01DA2
crc16_modbus@crc                                         cstackBANK0  0002C
crc16_modbus@data                                        cstackBANK0  00027
crc16_modbus@i                                           cstackBANK0  00028
crc16_modbus@j                                           cstackBANK0  0002A
crc16_modbus@len                                         cstackBANK0  00020
crc16_modbus@poly                                        cstackBANK0  00025
delay_state@prev_ticks_delay                             bssBANK1     000C4
dispatch@b1                                              cstackBANK0  00020
dispatch@b1_clicked_count                                cstackBANK0  00024
dispatch@b1_clicked_count_ptr                            cstackBANK0  00022
dispatch@b2                                              cstackBANK0  00021
dispatch@b2_clicked_count                                cstackBANK0  00025
dispatch@b2_clicked_count_ptr                            cstackBANK0  00023
dispatch@state                                           cstackBANK0  00026
dump_buffer@buffer                                       cstackBANK0  0005A
dump_buffer@i                                            cstackBANK0  0005C
dump_buffer@j                                            cstackBANK0  0005E
dump_buffer@p                                            cstackBANK0  0005B
dump_buffer@size                                         cstackBANK0  00052
end_of_initialization                                    cinit        000CA
get_measured_adc_value@payload                           cstackBANK0  0005A
get_measured_adc_value@ph_adc_value                      cstackBANK0  0005E
get_measured_adc_value@sensor_value                      cstackBANK0  00060
get_measured_value@payload                               cstackBANK0  0005E
get_measured_value@payload_temp                          cstackBANK0  00062
get_measured_value@ph                                    cstackBANK0  00066
get_measured_value@sensor_value                          cstackBANK0  0006E
get_measured_value@temp                                  cstackBANK0  0006A
get_ticks_with_lock@result                               cstackBANK0  00024
i1_get_ticks                                             text61       01DAE
i2c_slave_init@i                                         cstackBANK0  00021
i2c_slave_interrupt@isNack                               cstackCOMMON 00072
i2c_slave_interrupt@isRead                               cstackCOMMON 00071
i2c_slave_interrupt@value                                cstackCOMMON 00073
i2c_slave_set_register@registerAddress                   cstackBANK0  00021
i2c_slave_set_register@value                             cstackBANK0  00020
i2c_slave_set_register_with_lock@registerAddress         cstackBANK0  00023
i2c_slave_set_register_with_lock@value                   cstackBANK0  00022
init_button@b                                            cstackBANK0  00020
init_ram                                                 inittext     01DA8
int$flags                                                (abs)        0007E
intlevel0                                                functab      00000
intlevel1                                                functab      00000
intlevel2                                                functab      00000
intlevel3                                                functab      00000
intlevel4                                                functab      00000
intlevel5                                                functab      00000
is_long_press@b                                          cstackBANK0  00020
is_single_click@b                                        cstackBANK0  00020
isalpha@c                                                cstackBANK0  00023
isdigit@c                                                cstackBANK0  00021
isprint@c                                                cstackBANK0  00021
isspace@c                                                cstackBANK0  00021
isupper@c                                                cstackBANK0  00021
main@b1                                                  cstackBANK2  00131
main@b1_clicked_count                                    cstackBANK2  00121
main@b2                                                  cstackBANK2  0014C
main@b2_clicked_count                                    cstackBANK2  00120
main@now                                                 cstackBANK2  00122
main@prev_ticks                                          bssBANK2     00167
main@prev_ticks2                                         bssBANK1     000C8
main@prev_ticks_btn                                      bssBANK2     0016B
main@prev_ticks_monitor                                  bssBANK1     000D0
main@rev_ticks_btn_391                                   bssBANK1     000CC
main@sensor_value                                        cstackBANK2  00127
main@state                                               cstackBANK2  00126
measured_adc@F10595                                      dataBANK6    00340
measured_adc@measured_adc_command                        cstackBANK1  000A0
measurement@state                                        cstackBANK0  00054
measurement@value                                        cstackBANK0  00052
monitoring_sync@b1                                       cstackBANK0  00054
monitoring_sync@b1_clicked_count                         cstackBANK0  00056
monitoring_sync@b2                                       cstackBANK0  00055
monitoring_sync@b2_clicked_count                         cstackBANK0  00057
monitoring_sync@state                                    cstackBANK0  00052
printf@ap                                                cstackBANK0  00049
printf@c                                                 cstackBANK0  0004F
printf@cp                                                cstackBANK0  00045
printf@f                                                 cstackBANK0  0002E
printf@flag                                              cstackBANK0  00050
printf@idx                                               cstackBANK0  00044
printf@len                                               cstackBANK0  00047
printf@prec                                              cstackBANK0  0004C
printf@val                                               cstackBANK0  0004A
printf@width                                             cstackBANK0  0004D
putch@data                                               cstackBANK0  00020
reset_long_press_flag@b                                  cstackBANK0  00020
reset_single_click_flag@b                                cstackBANK0  00020
reset_vec                                                reset_vec    00000
save_bottom_adc_point@F10612                             dataBANK6    00320
save_bottom_adc_point@save_bottom_adc_command            cstackBANK0  00035
save_bottom_adc_point@sensor_value                       cstackBANK0  00033
save_bottom_adc_point@states                             cstackBANK0  00055
save_top_adc_point@F10607                                dataBANK1    000DA
save_top_adc_point@save_top_adc_command                  cstackBANK0  00035
save_top_adc_point@sensor_value                          cstackBANK0  00033
save_top_adc_point@states                                cstackBANK0  0003D
send_measured_command@F10562                             dataBANK3    001C0
send_measured_command@txbuf                              cstackBANK0  00026
set_bottom_calibrate_point@F10591                        dataBANK5    002A0
set_device_serial_number_to_i2c_slave_memorymap@buffer   cstackBANK0  0003E
set_device_serial_number_to_i2c_slave_memorymap@i        cstackBANK0  00041
set_device_serial_number_to_i2c_slave_memorymap@value    cstackBANK0  0003D
set_top_calibrate_point@F10588                           dataBANK5    002C0
start                                                    init         00069
start_initialization                                     cinit        0006B
strtol@a                                                 cstackBANK0  00035
strtol@base                                              cstackBANK0  0002D
strtol@c                                                 cstackBANK0  0003A
strtol@endptr                                            cstackBANK0  0002C
strtol@s                                                 cstackBANK0  00039
strtol@sign                                              cstackBANK0  00034
toupper@c                                                cstackBANK0  00021
update_mybutton@b                                        cstackBANK0  0003A
update_mybutton@now                                      cstackBANK0  00032
update_mybutton@signal                                   cstackBANK0  00031
wtemp0                                                   (abs)        0007E


MODULE INFORMATION

Module		Function		Class		Link	Load	Size
/Applications/microchip/xc8/v2.40/pic/sources/c90/common/sprcmul.c
		___flmul       		CODE           	09D4	0000	571

/Applications/microchip/xc8/v2.40/pic/sources/c90/common/sprcmul.c estimated size: 571

/Applications/microchip/xc8/v2.40/pic/sources/c90/common/isprint.c
		_isprint       		CODE           	1E64	0000	19

/Applications/microchip/xc8/v2.40/pic/sources/c90/common/isprint.c estimated size: 19

/Applications/microchip/xc8/v2.40/pic/sources/c90/common/isalpha.c
		_isalpha       		CODE           	1EF8	0000	29

/Applications/microchip/xc8/v2.40/pic/sources/c90/common/isalpha.c estimated size: 29

monitor_sync.c
		_monitoring_sync		CODE           	14DD	0000	168
		_dispatch      		CODE           	123E	0000	65

monitor_sync.c estimated size: 233

myisr.c
		_Enable_Global_Interrupt		CODE           	0002	0000	2
		_Disable_Global_Interrupt		CODE           	1D9B	0000	2
		_calculate_diff		CODE           	12D2	0000	85
		_get_ticks     		CODE           	1E02	0000	10
		_get_ticks_with_lock		CODE           	1E9D	0000	20

myisr.c estimated size: 119

uart.c
		_putch         		CODE           	1E21	0000	12
		_enable_uart_printf		CODE           	1D9D	0000	5
		_enable_tx_transmit		CODE           	1E46	0000	14
		_INTERRUPT_InterruptManager		CODE           	0004	0000	101
		_EUSART1_Write 		CODE           	1E2D	0000	12
		_usart_init    		CODE           	1E54	0000	16
		_EUSART1_Write_1		CODE           	1EDE	0000	26

uart.c estimated size: 186

mcc_generated_files/pin_manager.c
		_PIN_MANAGER_Initialize		CODE           	1FD6	0000	42

mcc_generated_files/pin_manager.c estimated size: 42

/Applications/microchip/xc8/v2.40/pic/sources/c90/common/strtol.c
		_strtol        		CODE           	06EE	0000	266

/Applications/microchip/xc8/v2.40/pic/sources/c90/common/strtol.c estimated size: 266

/Applications/microchip/xc8/v2.40/pic/sources/c90/common/isdigit.c
		_isdigit       		CODE           	1E77	0000	19

/Applications/microchip/xc8/v2.40/pic/sources/c90/common/isdigit.c estimated size: 19

/Applications/microchip/xc8/v2.40/pic/sources/c90/common/doprnt.c
		_printf        		CODE           	00CE	0000	1278

/Applications/microchip/xc8/v2.40/pic/sources/c90/common/doprnt.c estimated size: 1278

/Applications/microchip/xc8/v2.40/pic/sources/c90/common/lwmod.c
		___lwmod       		CODE           	110E	0000	53

/Applications/microchip/xc8/v2.40/pic/sources/c90/common/lwmod.c estimated size: 53

calibration.c
		_crc16_modbus  		CODE           	1327	0000	90
		_save_bottom_adc_point		CODE           	1074	0000	51
		_calculate_crc_and_fill_array		CODE           	1F15	0000	30
		_measured_adc  		CODE           	1043	0000	49
		_save_top_adc_point		CODE           	10A7	0000	51
		_get_measured_adc_value		CODE           	1463	0000	122

calibration.c estimated size: 393

/Applications/microchip/xc8/v2.40/pic/sources/c90/common/Umul16.c
		___wmul        		CODE           	1F52	0000	32

/Applications/microchip/xc8/v2.40/pic/sources/c90/common/Umul16.c estimated size: 32

tmr0.c
		_tmr0_init     		CODE           	1E39	0000	13

tmr0.c estimated size: 13

measurement.c
		_get_measured_value		CODE           	05CC	0000	290
		_measurement   		CODE           	1F33	0000	31
		_send_measured_command		CODE           	0800	0000	22

measurement.c estimated size: 343

shared
		_dpowers       		STRCODE        	1A1F	0000	10
		i1_get_ticks   		CODE           	1DAE	0000	9
		__initialization		CODE           	006B	0000	95
		_octpowers     		STRCODE        	19FD	0000	12
		_hexpowers     		STRCODE        	1800	0000	8

shared estimated size: 134

my_helpers.c
		_dump_buffer   		CODE           	1585	0000	199

my_helpers.c estimated size: 199

mcc_generated_files/mcc.c
		_PMD_Initialize		CODE           	1DE4	0000	10
		_OSCILLATOR_Initialize		CODE           	1DB7	0000	9
		_SYSTEM_Initialize		CODE           	1DEE	0000	10

mcc_generated_files/mcc.c estimated size: 29

/Applications/microchip/xc8/v2.40/pic/sources/c90/common/Umul8_16.c
		__Umul8_16     		CODE           	1FB2	0000	36

/Applications/microchip/xc8/v2.40/pic/sources/c90/common/Umul8_16.c estimated size: 36

i2c_slave.c
		_i2c_slave_interrupt		CODE           	127F	0000	83
		_i2c_slave_set_register		CODE           	1E0C	0000	10
		_i2c_slave_init		CODE           	1F72	0000	32
		_i2c_slave_set_register_with_lock		CODE           	1E16	0000	11
		_dump_memory_map		CODE           	1DF8	0000	10

i2c_slave.c estimated size: 146

/Applications/microchip/xc8/v2.40/pic/sources/c90/common/Umul32.c
		___lmul        		CODE           	10DA	0000	52

/Applications/microchip/xc8/v2.40/pic/sources/c90/common/Umul32.c estimated size: 52

/Applications/microchip/xc8/v2.40/pic/sources/c90/common/lwdiv.c
		___lwdiv       		CODE           	1143	0000	61

/Applications/microchip/xc8/v2.40/pic/sources/c90/common/lwdiv.c estimated size: 61

/Applications/microchip/xc8/v2.40/pic/sources/c90/common/isupper.c
		_isupper       		CODE           	1E8A	0000	19

/Applications/microchip/xc8/v2.40/pic/sources/c90/common/isupper.c estimated size: 19

/Applications/microchip/xc8/v2.40/pic/sources/c90/common/toupper.c
		_toupper       		CODE           	1EB1	0000	20

/Applications/microchip/xc8/v2.40/pic/sources/c90/common/toupper.c estimated size: 20

/Applications/microchip/xc8/v2.40/pic/sources/c90/common/fltol.c
		___fltol       		CODE           	1381	0000	113

/Applications/microchip/xc8/v2.40/pic/sources/c90/common/fltol.c estimated size: 113

set_device_i2c_sn.c
		_set_device_serial_number_to_i2c_slave_memorymap		CODE           	1180	0000	62

set_device_i2c_sn.c estimated size: 62

mybutton.c
		_update_mybutton		CODE           	164C	0000	210
		_reset_long_press_flag		CODE           	1DD2	0000	9
		_init_button   		CODE           	13F2	0000	113
		___is_double_click		CODE           	171E	0000	226
		___is_single_click		CODE           	08BE	0000	278
		_is_single_click		CODE           	1DC9	0000	9
		_is_long_press 		CODE           	1DC0	0000	9
		_reset_single_click_flag		CODE           	1DDB	0000	9
		___is_long_press		CODE           	0816	0000	168

mybutton.c estimated size: 1031

/Applications/microchip/xc8/v2.40/pic/sources/c90/common/isspace.c
		_isspace       		CODE           	1EC5	0000	25

/Applications/microchip/xc8/v2.40/pic/sources/c90/common/isspace.c estimated size: 25

main.c
		_main          		CODE           	0C0F	0000	1009

main.c estimated size: 1009

/Applications/microchip/xc8/v2.40/pic/sources/c90/common/Umul8.c
		___bmul        		CODE           	1001	0000	22

/Applications/microchip/xc8/v2.40/pic/sources/c90/common/Umul8.c estimated size: 22

led.c
		_LED_flashes_three_times		CODE           	1017	0000	44

led.c estimated size: 44

